Component: ARM Compiler 5.05 update 1 (build 106) Tool: armlink [4d0efa]

==============================================================================

Section Cross References

    port.o(.emb_text) refers to tasks.o(i.vTaskSwitchContext) for vTaskSwitchContext
    port.o(.emb_text) refers to tasks.o(.data) for pxCurrentTCB
    port.o(i.prvTaskExitError) refers to port.o(.data) for uxCriticalNesting
    port.o(i.pxPortInitialiseStack) refers to port.o(i.prvTaskExitError) for prvTaskExitError
    port.o(i.vPortEndScheduler) refers to port.o(.data) for uxCriticalNesting
    port.o(i.vPortEnterCritical) refers to port.o(.data) for uxCriticalNesting
    port.o(i.vPortExitCritical) refers to port.o(.data) for uxCriticalNesting
    port.o(i.vPortSetupTimerInterrupt) refers to system_stm32f3xx.o(.data) for SystemCoreClock
    port.o(i.vPortValidateInterruptPriority) refers to port.o(.emb_text) for vPortGetIPSR
    port.o(i.vPortValidateInterruptPriority) refers to port.o(.data) for ucMaxSysCallPriority
    port.o(i.xPortStartScheduler) refers to port.o(i.vPortSetupTimerInterrupt) for vPortSetupTimerInterrupt
    port.o(i.xPortStartScheduler) refers to port.o(.emb_text) for __asm___6_port_c_39a90d8d__prvEnableVFP
    port.o(i.xPortStartScheduler) refers to port.o(.data) for ucMaxSysCallPriority
    port.o(i.xPortSysTickHandler) refers to tasks.o(i.xTaskIncrementTick) for xTaskIncrementTick
    heap_4.o(i.prvHeapInit) refers to heap_4.o(.bss) for ucHeap
    heap_4.o(i.prvHeapInit) refers to heap_4.o(.data) for xStart
    heap_4.o(i.prvInsertBlockIntoFreeList) refers to heap_4.o(.data) for xStart
    heap_4.o(i.pvPortMalloc) refers to tasks.o(i.vTaskSuspendAll) for vTaskSuspendAll
    heap_4.o(i.pvPortMalloc) refers to heap_4.o(i.prvHeapInit) for prvHeapInit
    heap_4.o(i.pvPortMalloc) refers to heap_4.o(i.prvInsertBlockIntoFreeList) for prvInsertBlockIntoFreeList
    heap_4.o(i.pvPortMalloc) refers to tasks.o(i.xTaskResumeAll) for xTaskResumeAll
    heap_4.o(i.pvPortMalloc) refers to heap_4.o(.data) for pxEnd
    heap_4.o(i.vPortFree) refers to tasks.o(i.vTaskSuspendAll) for vTaskSuspendAll
    heap_4.o(i.vPortFree) refers to heap_4.o(i.prvInsertBlockIntoFreeList) for prvInsertBlockIntoFreeList
    heap_4.o(i.vPortFree) refers to tasks.o(i.xTaskResumeAll) for xTaskResumeAll
    heap_4.o(i.vPortFree) refers to heap_4.o(.data) for xBlockAllocatedBit
    heap_4.o(i.xPortGetFreeHeapSize) refers to heap_4.o(.data) for xFreeBytesRemaining
    heap_4.o(i.xPortGetMinimumEverFreeHeapSize) refers to heap_4.o(.data) for xMinimumEverFreeBytesRemaining
    queue.o(i.pcQueueGetName) refers to queue.o(.bss) for xQueueRegistry
    queue.o(i.prvCopyDataFromQueue) refers to memcpya.o(.text) for __aeabi_memcpy
    queue.o(i.prvCopyDataToQueue) refers to tasks.o(i.xTaskPriorityDisinherit) for xTaskPriorityDisinherit
    queue.o(i.prvCopyDataToQueue) refers to memcpya.o(.text) for __aeabi_memcpy
    queue.o(i.prvInitialiseMutex) refers to queue.o(i.xQueueGenericSend) for xQueueGenericSend
    queue.o(i.prvInitialiseNewQueue) refers to queue.o(i.xQueueGenericReset) for xQueueGenericReset
    queue.o(i.prvIsQueueEmpty) refers to port.o(i.vPortEnterCritical) for vPortEnterCritical
    queue.o(i.prvIsQueueEmpty) refers to port.o(i.vPortExitCritical) for vPortExitCritical
    queue.o(i.prvIsQueueFull) refers to port.o(i.vPortEnterCritical) for vPortEnterCritical
    queue.o(i.prvIsQueueFull) refers to port.o(i.vPortExitCritical) for vPortExitCritical
    queue.o(i.prvUnlockQueue) refers to port.o(i.vPortEnterCritical) for vPortEnterCritical
    queue.o(i.prvUnlockQueue) refers to tasks.o(i.xTaskRemoveFromEventList) for xTaskRemoveFromEventList
    queue.o(i.prvUnlockQueue) refers to tasks.o(i.vTaskMissedYield) for vTaskMissedYield
    queue.o(i.prvUnlockQueue) refers to port.o(i.vPortExitCritical) for vPortExitCritical
    queue.o(i.uxQueueMessagesWaiting) refers to port.o(i.vPortEnterCritical) for vPortEnterCritical
    queue.o(i.uxQueueMessagesWaiting) refers to port.o(i.vPortExitCritical) for vPortExitCritical
    queue.o(i.uxQueueSpacesAvailable) refers to port.o(i.vPortEnterCritical) for vPortEnterCritical
    queue.o(i.uxQueueSpacesAvailable) refers to port.o(i.vPortExitCritical) for vPortExitCritical
    queue.o(i.vQueueAddToRegistry) refers to queue.o(.bss) for xQueueRegistry
    queue.o(i.vQueueDelete) refers to queue.o(i.vQueueUnregisterQueue) for vQueueUnregisterQueue
    queue.o(i.vQueueDelete) refers to heap_4.o(i.vPortFree) for vPortFree
    queue.o(i.vQueueUnregisterQueue) refers to queue.o(.bss) for xQueueRegistry
    queue.o(i.xQueueCreateMutex) refers to queue.o(i.xQueueGenericCreate) for xQueueGenericCreate
    queue.o(i.xQueueCreateMutex) refers to queue.o(i.prvInitialiseMutex) for prvInitialiseMutex
    queue.o(i.xQueueGenericCreate) refers to heap_4.o(i.pvPortMalloc) for pvPortMalloc
    queue.o(i.xQueueGenericCreate) refers to queue.o(i.prvInitialiseNewQueue) for prvInitialiseNewQueue
[...]
    Removing stm32f3xx_hal_can.o(i.HAL_CAN_IRQHandler), (440 bytes).
    Removing stm32f3xx_hal_can.o(i.HAL_CAN_MspDeInit), (2 bytes).
    Removing stm32f3xx_hal_can.o(i.HAL_CAN_MspInit), (2 bytes).
    Removing stm32f3xx_hal_can.o(i.HAL_CAN_Receive), (468 bytes).
    Removing stm32f3xx_hal_can.o(i.HAL_CAN_Receive_IT), (174 bytes).
    Removing stm32f3xx_hal_can.o(i.HAL_CAN_RxCpltCallback), (2 bytes).
    Removing stm32f3xx_hal_can.o(i.HAL_CAN_Sleep), (146 bytes).
    Removing stm32f3xx_hal_can.o(i.HAL_CAN_Transmit), (644 bytes).
    Removing stm32f3xx_hal_can.o(i.HAL_CAN_Transmit_IT), (464 bytes).
    Removing stm32f3xx_hal_can.o(i.HAL_CAN_TxCpltCallback), (2 bytes).
    Removing stm32f3xx_hal_can.o(i.HAL_CAN_WakeUp), (142 bytes).
    Removing system_stm32f3xx.o(.rev16_text), (4 bytes).
    Removing system_stm32f3xx.o(.revsh_text), (4 bytes).
    Removing system_stm32f3xx.o(.rrx_text), (6 bytes).
    Removing system_stm32f3xx.o(i.SystemCoreClockUpdate), (160 bytes).
    Removing startup_stm32f373xc.o(HEAP), (512 bytes).
    Removing arm_pid_init_f32.o(.rev16_text), (4 bytes).
    Removing arm_pid_init_f32.o(.revsh_text), (4 bytes).
    Removing arm_pid_init_f32.o(.rrx_text), (6 bytes).

816 unused section(s) (total 68054 bytes) removed from the image.

==============================================================================

Image Symbol Table

    Local Symbols

    Symbol Name                              Value     Ov Type        Size  Object(Section)

    ../Drivers/STM32F3xx_HAL_Driver/Src/stm32f3xx_hal.c 0x00000000   Number         0  stm32f3xx_hal.o ABSOLUTE
    ../Drivers/STM32F3xx_HAL_Driver/Src/stm32f3xx_hal_adc.c 0x00000000   Number         0  stm32f3xx_hal_adc.o ABSOLUTE
    ../Drivers/STM32F3xx_HAL_Driver/Src/stm32f3xx_hal_adc_ex.c 0x00000000   Number         0  stm32f3xx_hal_adc_ex.o ABSOLUTE
    ../Drivers/STM32F3xx_HAL_Driver/Src/stm32f3xx_hal_can.c 0x00000000   Number         0  stm32f3xx_hal_can.o ABSOLUTE
    ../Drivers/STM32F3xx_HAL_Driver/Src/stm32f3xx_hal_comp.c 0x00000000   Number         0  stm32f3xx_hal_comp.o ABSOLUTE
    ../Drivers/STM32F3xx_HAL_Driver/Src/stm32f3xx_hal_cortex.c 0x00000000   Number         0  stm32f3xx_hal_cortex.o ABSOLUTE
    ../Drivers/STM32F3xx_HAL_Driver/Src/stm32f3xx_hal_dac.c 0x00000000   Number         0  stm32f3xx_hal_dac.o ABSOLUTE
    ../Drivers/STM32F3xx_HAL_Driver/Src/stm32f3xx_hal_dac_ex.c 0x00000000   Number         0  stm32f3xx_hal_dac_ex.o ABSOLUTE
    ../Drivers/STM32F3xx_HAL_Driver/Src/stm32f3xx_hal_dma.c 0x00000000   Number         0  stm32f3xx_hal_dma.o ABSOLUTE
    ../Drivers/STM32F3xx_HAL_Driver/Src/stm32f3xx_hal_flash.c 0x00000000   Number         0  stm32f3xx_hal_flash.o ABSOLUTE
    ../Drivers/STM32F3xx_HAL_Driver/Src/stm32f3xx_hal_flash_ex.c 0x00000000   Number         0  stm32f3xx_hal_flash_ex.o ABSOLUTE
    ../Drivers/STM32F3xx_HAL_Driver/Src/stm32f3xx_hal_gpio.c 0x00000000   Number         0  stm32f3xx_hal_gpio.o ABSOLUTE
    ../Drivers/STM32F3xx_HAL_Driver/Src/stm32f3xx_hal_i2c.c 0x00000000   Number         0  stm32f3xx_hal_i2c.o ABSOLUTE
    ../Drivers/STM32F3xx_HAL_Driver/Src/stm32f3xx_hal_i2c_ex.c 0x00000000   Number         0  stm32f3xx_hal_i2c_ex.o ABSOLUTE
    ../Drivers/STM32F3xx_HAL_Driver/Src/stm32f3xx_hal_pwr.c 0x00000000   Number         0  stm32f3xx_hal_pwr.o ABSOLUTE
    ../Drivers/STM32F3xx_HAL_Driver/Src/stm32f3xx_hal_pwr_ex.c 0x00000000   Number         0  stm32f3xx_hal_pwr_ex.o ABSOLUTE
    ../Drivers/STM32F3xx_HAL_Driver/Src/stm32f3xx_hal_rcc.c 0x00000000   Number         0  stm32f3xx_hal_rcc.o ABSOLUTE
    ../Drivers/STM32F3xx_HAL_Driver/Src/stm32f3xx_hal_rcc_ex.c 0x00000000   Number         0  stm32f3xx_hal_rcc_ex.o ABSOLUTE
    ../Drivers/STM32F3xx_HAL_Driver/Src/stm32f3xx_hal_sdadc.c 0x00000000   Number         0  stm32f3xx_hal_sdadc.o ABSOLUTE
    ../Drivers/STM32F3xx_HAL_Driver/Src/stm32f3xx_hal_spi.c 0x00000000   Number         0  stm32f3xx_hal_spi.o ABSOLUTE
    ../Drivers/STM32F3xx_HAL_Driver/Src/stm32f3xx_hal_spi_ex.c 0x00000000   Number         0  stm32f3xx_hal_spi_ex.o ABSOLUTE
    ../Drivers/STM32F3xx_HAL_Driver/Src/stm32f3xx_hal_tim.c 0x00000000   Number         0  stm32f3xx_hal_tim.o ABSOLUTE
    ../Drivers/STM32F3xx_HAL_Driver/Src/stm32f3xx_hal_tim_ex.c 0x00000000   Number         0  stm32f3xx_hal_tim_ex.o ABSOLUTE
    ../Middlewares/Third_Party/FreeRTOS/Source/CMSIS_RTOS/cmsis_os.c 0x00000000   Number         0  cmsis_os.o ABSOLUTE
    ../Middlewares/Third_Party/FreeRTOS/Source/croutine.c 0x00000000   Number         0  croutine.o ABSOLUTE
    ../Middlewares/Third_Party/FreeRTOS/Source/event_groups.c 0x00000000   Number         0  event_groups.o ABSOLUTE
    ../Middlewares/Third_Party/FreeRTOS/Source/list.c 0x00000000   Number         0  list.o ABSOLUTE
    ../Middlewares/Third_Party/FreeRTOS/Source/portable/MemMang/heap_4.c 0x00000000   Number         0  heap_4.o ABSOLUTE
    ../Middlewares/Third_Party/FreeRTOS/Source/portable/RVDS/ARM_CM4F/port.c 0x00000000   Number         0  port.o ABSOLUTE
    ../Middlewares/Third_Party/FreeRTOS/Source/queue.c 0x00000000   Number         0  queue.o ABSOLUTE
    ../Middlewares/Third_Party/FreeRTOS/Source/tasks.c 0x00000000   Number         0  tasks.o ABSOLUTE
    ../Middlewares/Third_Party/FreeRTOS/Source/timers.c 0x00000000   Number         0  timers.o ABSOLUTE
    ../Src/adc.c                             0x00000000   Number         0  adc.o ABSOLUTE
    ../Src/can.c                             0x00000000   Number         0  can.o ABSOLUTE
    ../Src/comp.c                            0x00000000   Number         0  comp.o ABSOLUTE
    ../Src/dac.c                             0x00000000   Number         0  dac.o ABSOLUTE
    ../Src/dma.c                             0x00000000   Number         0  dma.o ABSOLUTE
    ../Src/freertos.c                        0x00000000   Number         0  freertos.o ABSOLUTE
    ../Src/gpio.c                            0x00000000   Number         0  gpio.o ABSOLUTE
    ../Src/main.c                            0x00000000   Number         0  main.o ABSOLUTE
    ../Src/sdadc.c                           0x00000000   Number         0  sdadc.o ABSOLUTE
    ../Src/spi.c                             0x00000000   Number         0  spi.o ABSOLUTE
    ../Src/stm32f3xx_hal_msp.c               0x00000000   Number         0  stm32f3xx_hal_msp.o ABSOLUTE
    ../Src/stm32f3xx_hal_timebase_TIM.c      0x00000000   Number         0  stm32f3xx_hal_timebase_tim.o ABSOLUTE
    ../Src/stm32f3xx_it.c                    0x00000000   Number         0  stm32f3xx_it.o ABSOLUTE
    ../Src/system_stm32f3xx.c                0x00000000   Number         0  system_stm32f3xx.o ABSOLUTE
    ../clib/microlib/division.c              0x00000000   Number         0  uidiv.o ABSOLUTE
    ../clib/microlib/division.c              0x00000000   Number         0  uldiv.o ABSOLUTE
    ../clib/microlib/init/entry.s            0x00000000   Number         0  entry.o ABSOLUTE
    ../clib/microlib/init/entry.s            0x00000000   Number         0  entry8a.o ABSOLUTE
    ../clib/microlib/init/entry.s            0x00000000   Number         0  entry11b.o ABSOLUTE
    ../clib/microlib/init/entry.s            0x00000000   Number         0  entry11a.o ABSOLUTE
    ../clib/microlib/init/entry.s            0x00000000   Number         0  entry10b.o ABSOLUTE
    ../clib/microlib/init/entry.s            0x00000000   Number         0  entry5.o ABSOLUTE
    ../clib/microlib/init/entry.s            0x00000000   Number         0  entry8b.o ABSOLUTE
    ../clib/microlib/init/entry.s            0x00000000   Number         0  entry2.o ABSOLUTE
    ../clib/microlib/init/entry.s            0x00000000   Number         0  entry7a.o ABSOLUTE
    ../clib/microlib/init/entry.s            0x00000000   Number         0  entry9a.o ABSOLUTE
    ../clib/microlib/init/entry.s            0x00000000   Number         0  entry7b.o ABSOLUTE
    ../clib/microlib/init/entry.s            0x00000000   Number         0  entry9b.o ABSOLUTE
    ../clib/microlib/init/entry.s            0x00000000   Number         0  entry10a.o ABSOLUTE
    ../clib/microlib/longlong.c              0x00000000   Number         0  llushr.o ABSOLUTE
    ../clib/microlib/longlong.c              0x00000000   Number         0  llsshr.o ABSOLUTE
    ../clib/microlib/longlong.c              0x00000000   Number         0  llshl.o ABSOLUTE
    ../clib/microlib/printf/printf.c         0x00000000   Number         0  printf6.o ABSOLUTE
    ../clib/microlib/printf/printf.c         0x00000000   Number         0  printf0.o ABSOLUTE
    ../clib/microlib/printf/printf.c         0x00000000   Number         0  printf4.o ABSOLUTE
    ../clib/microlib/printf/printf.c         0x00000000   Number         0  printf3.o ABSOLUTE
    ../clib/microlib/printf/printf.c         0x00000000   Number         0  printf2.o ABSOLUTE
    ../clib/microlib/printf/printf.c         0x00000000   Number         0  printf1.o ABSOLUTE
    ../clib/microlib/printf/printf.c         0x00000000   Number         0  printfb.o ABSOLUTE
    ../clib/microlib/printf/printf.c         0x00000000   Number         0  printf5.o ABSOLUTE
    ../clib/microlib/printf/printf.c         0x00000000   Number         0  printfa.o ABSOLUTE
    ../clib/microlib/printf/printf.c         0x00000000   Number         0  printf8.o ABSOLUTE
    ../clib/microlib/printf/printf.c         0x00000000   Number         0  printf7.o ABSOLUTE
    ../clib/microlib/printf/stubs.s          0x00000000   Number         0  stubs.o ABSOLUTE
    ../clib/microlib/string/memcpy.c         0x00000000   Number         0  memcpyb.o ABSOLUTE
    ../clib/microlib/string/memcpy.c         0x00000000   Number         0  memcpya.o ABSOLUTE
    ../clib/microlib/string/memset.c         0x00000000   Number         0  memseta.o ABSOLUTE
    ../clib/microlib/stubs.s                 0x00000000   Number         0  useno.o ABSOLUTE
    ../clib/microlib/stubs.s                 0x00000000   Number         0  iusefp.o ABSOLUTE
    ../fplib/microlib/d2f.c                  0x00000000   Number         0  d2f.o ABSOLUTE
    ../fplib/microlib/f2d.c                  0x00000000   Number         0  f2d.o ABSOLUTE
    ../fplib/microlib/fpadd.c                0x00000000   Number         0  dadd.o ABSOLUTE
    ../fplib/microlib/fpdiv.c                0x00000000   Number         0  ddiv.o ABSOLUTE
    ../fplib/microlib/fpepilogue.c           0x00000000   Number         0  depilogue.o ABSOLUTE
    ../fplib/microlib/fpepilogue.c           0x00000000   Number         0  fepilogue.o ABSOLUTE
    ../fplib/microlib/fpfix.c                0x00000000   Number         0  dfixui.o ABSOLUTE
    ../fplib/microlib/fpfix.c                0x00000000   Number         0  dfixul.o ABSOLUTE
    ../fplib/microlib/fpflt.c                0x00000000   Number         0  dfltui.o ABSOLUTE
    ../fplib/microlib/fpmul.c                0x00000000   Number         0  dmul.o ABSOLUTE
    ..\ControllerFunctions\arm_pid_init_f32.c 0x00000000   Number         0  arm_pid_init_f32.o ABSOLUTE
    ..\Drivers\STM32F3xx_HAL_Driver\Src\stm32f3xx_hal.c 0x00000000   Number         0  stm32f3xx_hal.o ABSOLUTE
    ..\Drivers\STM32F3xx_HAL_Driver\Src\stm32f3xx_hal_adc.c 0x00000000   Number         0  stm32f3xx_hal_adc.o ABSOLUTE
    ..\Drivers\STM32F3xx_HAL_Driver\Src\stm32f3xx_hal_adc_ex.c 0x00000000   Number         0  stm32f3xx_hal_adc_ex.o ABSOLUTE
    ..\Drivers\STM32F3xx_HAL_Driver\Src\stm32f3xx_hal_can.c 0x00000000   Number         0  stm32f3xx_hal_can.o ABSOLUTE
    ..\Drivers\STM32F3xx_HAL_Driver\Src\stm32f3xx_hal_comp.c 0x00000000   Number         0  stm32f3xx_hal_comp.o ABSOLUTE
    ..\Drivers\STM32F3xx_HAL_Driver\Src\stm32f3xx_hal_cortex.c 0x00000000   Number         0  stm32f3xx_hal_cortex.o ABSOLUTE
    ..\Drivers\STM32F3xx_HAL_Driver\Src\stm32f3xx_hal_dac.c 0x00000000   Number         0  stm32f3xx_hal_dac.o ABSOLUTE
    ..\Drivers\STM32F3xx_HAL_Driver\Src\stm32f3xx_hal_dac_ex.c 0x00000000   Number         0  stm32f3xx_hal_dac_ex.o ABSOLUTE
    ..\Drivers\STM32F3xx_HAL_Driver\Src\stm32f3xx_hal_dma.c 0x00000000   Number         0  stm32f3xx_hal_dma.o ABSOLUTE
    ..\Drivers\STM32F3xx_HAL_Driver\Src\stm32f3xx_hal_flash.c 0x00000000   Number         0  stm32f3xx_hal_flash.o ABSOLUTE
    ..\Drivers\STM32F3xx_HAL_Driver\Src\stm32f3xx_hal_flash_ex.c 0x00000000   Number         0  stm32f3xx_hal_flash_ex.o ABSOLUTE
    ..\Drivers\STM32F3xx_HAL_Driver\Src\stm32f3xx_hal_gpio.c 0x00000000   Number         0  stm32f3xx_hal_gpio.o ABSOLUTE
    ..\Drivers\STM32F3xx_HAL_Driver\Src\stm32f3xx_hal_i2c.c 0x00000000   Number         0  stm32f3xx_hal_i2c.o ABSOLUTE
    ..\Drivers\STM32F3xx_HAL_Driver\Src\stm32f3xx_hal_i2c_ex.c 0x00000000   Number         0  stm32f3xx_hal_i2c_ex.o ABSOLUTE
    ..\Drivers\STM32F3xx_HAL_Driver\Src\stm32f3xx_hal_pwr.c 0x00000000   Number         0  stm32f3xx_hal_pwr.o ABSOLUTE
    ..\Drivers\STM32F3xx_HAL_Driver\Src\stm32f3xx_hal_pwr_ex.c 0x00000000   Number         0  stm32f3xx_hal_pwr_ex.o ABSOLUTE
    ..\Drivers\STM32F3xx_HAL_Driver\Src\stm32f3xx_hal_rcc.c 0x00000000   Number         0  stm32f3xx_hal_rcc.o ABSOLUTE
    ..\Drivers\STM32F3xx_HAL_Driver\Src\stm32f3xx_hal_rcc_ex.c 0x00000000   Number         0  stm32f3xx_hal_rcc_ex.o ABSOLUTE
    ..\Drivers\STM32F3xx_HAL_Driver\Src\stm32f3xx_hal_sdadc.c 0x00000000   Number         0  stm32f3xx_hal_sdadc.o ABSOLUTE
    ..\Drivers\STM32F3xx_HAL_Driver\Src\stm32f3xx_hal_spi.c 0x00000000   Number         0  stm32f3xx_hal_spi.o ABSOLUTE
    ..\Drivers\STM32F3xx_HAL_Driver\Src\stm32f3xx_hal_spi_ex.c 0x00000000   Number         0  stm32f3xx_hal_spi_ex.o ABSOLUTE
    ..\Drivers\STM32F3xx_HAL_Driver\Src\stm32f3xx_hal_tim.c 0x00000000   Number         0  stm32f3xx_hal_tim.o ABSOLUTE
    ..\Drivers\STM32F3xx_HAL_Driver\Src\stm32f3xx_hal_tim_ex.c 0x00000000   Number         0  stm32f3xx_hal_tim_ex.o ABSOLUTE
    ..\Middlewares\Third_Party\FreeRTOS\Source\CMSIS_RTOS\cmsis_os.c 0x00000000   Number         0  cmsis_os.o ABSOLUTE
    ..\Middlewares\Third_Party\FreeRTOS\Source\portable\RVDS\ARM_CM4F\port.c 0x00000000   Number         0  port.o ABSOLUTE
    ..\Src\adc.c                             0x00000000   Number         0  adc.o ABSOLUTE
    ..\Src\can.c                             0x00000000   Number         0  can.o ABSOLUTE
    ..\Src\comp.c                            0x00000000   Number         0  comp.o ABSOLUTE
    ..\Src\dac.c                             0x00000000   Number         0  dac.o ABSOLUTE
    ..\Src\dma.c                             0x00000000   Number         0  dma.o ABSOLUTE
    ..\Src\freertos.c                        0x00000000   Number         0  freertos.o ABSOLUTE
    ..\Src\gpio.c                            0x00000000   Number         0  gpio.o ABSOLUTE
    ..\Src\main.c                            0x00000000   Number         0  main.o ABSOLUTE
    ..\Src\retarget.c                        0x00000000   Number         0  retarget.o ABSOLUTE
    ..\Src\sdadc.c                           0x00000000   Number         0  sdadc.o ABSOLUTE
    ..\Src\spi.c                             0x00000000   Number         0  spi.o ABSOLUTE
    ..\Src\stm32f3xx_hal_msp.c               0x00000000   Number         0  stm32f3xx_hal_msp.o ABSOLUTE
    ..\Src\stm32f3xx_hal_timebase_TIM.c      0x00000000   Number         0  stm32f3xx_hal_timebase_tim.o ABSOLUTE
    ..\Src\stm32f3xx_it.c                    0x00000000   Number         0  stm32f3xx_it.o ABSOLUTE
    ..\Src\system_stm32f3xx.c                0x00000000   Number         0  system_stm32f3xx.o ABSOLUTE
    ..\\ControllerFunctions\\arm_pid_init_f32.c 0x00000000   Number         0  arm_pid_init_f32.o ABSOLUTE
    ..\\Src\\retarget.c                      0x00000000   Number         0  retarget.o ABSOLUTE
    cdrcmple.s                               0x00000000   Number         0  cdrcmple.o ABSOLUTE
    dc.s                                     0x00000000   Number         0  dc.o ABSOLUTE
    handlers.s                               0x00000000   Number         0  handlers.o ABSOLUTE
    init.s                                   0x00000000   Number         0  init.o ABSOLUTE
    startup_stm32f373xc.s                    0x00000000   Number         0  startup_stm32f373xc.o ABSOLUTE
    RESET                                    0x08000000   Section      392  startup_stm32f373xc.o(RESET)
    .ARM.Collect$$$$00000000                 0x08000188   Section        0  entry.o(.ARM.Collect$$$$00000000)
    .ARM.Collect$$$$00000001                 0x08000188   Section        4  entry2.o(.ARM.Collect$$$$00000001)
    .ARM.Collect$$$$00000004                 0x0800018c   Section        4  entry5.o(.ARM.Collect$$$$00000004)
    .ARM.Collect$$$$00000008                 0x08000190   Section        0  entry7b.o(.ARM.Collect$$$$00000008)
    .ARM.Collect$$$$0000000A                 0x08000190   Section        0  entry8b.o(.ARM.Collect$$$$0000000A)
    .ARM.Collect$$$$0000000B                 0x08000190   Section        8  entry9a.o(.ARM.Collect$$$$0000000B)
    .ARM.Collect$$$$0000000D                 0x08000198   Section        0  entry10a.o(.ARM.Collect$$$$0000000D)
    .ARM.Collect$$$$0000000F                 0x08000198   Section        0  entry11a.o(.ARM.Collect$$$$0000000F)
    .ARM.Collect$$$$00002712                 0x08000198   Section        4  entry2.o(.ARM.Collect$$$$00002712)
    __lit__00000000                          0x08000198   Data           4  entry2.o(.ARM.Collect$$$$00002712)
    .emb_text                                0x0800019c   Section      186  port.o(.emb_text)
    $v0                                      0x0800019c   Number         0  port.o(.emb_text)
    .text                                    0x08000258   Section       36  startup_stm32f373xc.o(.text)
    $v0                                      0x08000258   Number         0  startup_stm32f373xc.o(.text)
    .text                                    0x0800027c   Section        0  arm_pid_init_f32.o(.text)
    .text                                    0x080002b4   Section        0  llushr.o(.text)
    .text                                    0x080002d4   Section        0  dadd.o(.text)
    .text                                    0x08000422   Section        0  dmul.o(.text)
    .text                                    0x08000506   Section        0  ddiv.o(.text)
    .text                                    0x080005e4   Section        0  dfltui.o(.text)
    .text                                    0x080005fe   Section        0  dfixui.o(.text)
    .text                                    0x08000630   Section        0  f2d.o(.text)
    .text                                    0x08000656   Section        0  d2f.o(.text)
    .text                                    0x0800068e   Section        0  uidiv.o(.text)
    .text                                    0x080006ba   Section        0  uldiv.o(.text)
    .text                                    0x0800071c   Section        0  llshl.o(.text)
    .text                                    0x0800073a   Section        0  llsshr.o(.text)
    .text                                    0x0800075e   Section        0  fepilogue.o(.text)
    .text                                    0x0800075e   Section        0  iusefp.o(.text)
    .text                                    0x080007cc   Section        0  depilogue.o(.text)
    .text                                    0x08000886   Section        0  dfixul.o(.text)
    .text                                    0x080008b8   Section       48  cdrcmple.o(.text)
    .text                                    0x080008e8   Section       36  init.o(.text)
    i.ADC_ConversionStop_Disable             0x0800090c   Section        0  stm32f3xx_hal_adc_ex.o(i.ADC_ConversionStop_Disable)
    ADC_ConversionStop_Disable               0x0800090d   Thumb Code    82  stm32f3xx_hal_adc_ex.o(i.ADC_ConversionStop_Disable)
    i.ADC_DMAConvCplt                        0x0800095e   Section        0  stm32f3xx_hal_adc_ex.o(i.ADC_DMAConvCplt)
    ADC_DMAConvCplt                          0x0800095f   Thumb Code    82  stm32f3xx_hal_adc_ex.o(i.ADC_DMAConvCplt)
    i.ADC_DMAError                           0x080009b0   Section        0  stm32f3xx_hal_adc_ex.o(i.ADC_DMAError)
    ADC_DMAError                             0x080009b1   Thumb Code    30  stm32f3xx_hal_adc_ex.o(i.ADC_DMAError)
    i.ADC_DMAHalfConvCplt                    0x080009ce   Section        0  stm32f3xx_hal_adc_ex.o(i.ADC_DMAHalfConvCplt)
    ADC_DMAHalfConvCplt                      0x080009cf   Thumb Code    14  stm32f3xx_hal_adc_ex.o(i.ADC_DMAHalfConvCplt)
    i.ADC_Enable                             0x080009dc   Section        0  stm32f3xx_hal_adc_ex.o(i.ADC_Enable)
    ADC_Enable                               0x080009dd   Thumb Code   122  stm32f3xx_hal_adc_ex.o(i.ADC_Enable)
    i.DMA1_Channel1_IRQHandler               0x08000a60   Section        0  stm32f3xx_it.o(i.DMA1_Channel1_IRQHandler)
    i.DMA_CalcBaseAndBitshift                0x08000a70   Section        0  stm32f3xx_hal_dma.o(i.DMA_CalcBaseAndBitshift)
    DMA_CalcBaseAndBitshift                  0x08000a71   Thumb Code    56  stm32f3xx_hal_dma.o(i.DMA_CalcBaseAndBitshift)
    i.DMA_SetConfig                          0x08000ab0   Section        0  stm32f3xx_hal_dma.o(i.DMA_SetConfig)
    DMA_SetConfig                            0x08000ab1   Thumb Code    44  stm32f3xx_hal_dma.o(i.DMA_SetConfig)
    i.Error_Handler                          0x08000adc   Section        0  main.o(i.Error_Handler)
    i.HAL_ADCEx_Calibration_Start            0x08000b00   Section        0  stm32f3xx_hal_adc_ex.o(i.HAL_ADCEx_Calibration_Start)
    i.HAL_ADC_ConfigChannel                  0x08000bf0   Section        0  stm32f3xx_hal_adc_ex.o(i.HAL_ADC_ConfigChannel)
    i.HAL_ADC_ConvCpltCallback               0x08000d44   Section        0  stm32f3xx_hal_adc.o(i.HAL_ADC_ConvCpltCallback)
    i.HAL_ADC_ConvHalfCpltCallback           0x08000d46   Section        0  stm32f3xx_hal_adc.o(i.HAL_ADC_ConvHalfCpltCallback)
    i.HAL_ADC_ErrorCallback                  0x08000d48   Section        0  stm32f3xx_hal_adc.o(i.HAL_ADC_ErrorCallback)
    i.HAL_ADC_Init                           0x08000d4c   Section        0  stm32f3xx_hal_adc_ex.o(i.HAL_ADC_Init)
    i.HAL_ADC_MspInit                        0x08000e90   Section        0  adc.o(i.HAL_ADC_MspInit)
    i.HAL_ADC_Start_DMA                      0x08000f34   Section        0  stm32f3xx_hal_adc_ex.o(i.HAL_ADC_Start_DMA)
    i.HAL_ADC_Stop_DMA                       0x08001018   Section        0  stm32f3xx_hal_adc_ex.o(i.HAL_ADC_Stop_DMA)
    i.HAL_CAN_Init                           0x08001078   Section        0  stm32f3xx_hal_can.o(i.HAL_CAN_Init)
    i.HAL_CAN_MspInit                        0x08001234   Section        0  can.o(i.HAL_CAN_MspInit)
    i.HAL_COMP_Init                          0x0800128c   Section        0  stm32f3xx_hal_comp.o(i.HAL_COMP_Init)
    i.HAL_COMP_MspInit                       0x0800133c   Section        0  comp.o(i.HAL_COMP_MspInit)
    i.HAL_DAC_ConfigChannel                  0x08001368   Section        0  stm32f3xx_hal_dac_ex.o(i.HAL_DAC_ConfigChannel)
    i.HAL_DAC_Init                           0x080013c2   Section        0  stm32f3xx_hal_dac.o(i.HAL_DAC_Init)
    i.HAL_DAC_MspInit                        0x080013ec   Section        0  dac.o(i.HAL_DAC_MspInit)
    i.HAL_DAC_SetValue                       0x08001438   Section        0  stm32f3xx_hal_dac_ex.o(i.HAL_DAC_SetValue)
    i.HAL_DAC_Start                          0x08001464   Section        0  stm32f3xx_hal_dac_ex.o(i.HAL_DAC_Start)
    i.HAL_DMA_Abort                          0x080014d0   Section        0  stm32f3xx_hal_dma.o(i.HAL_DMA_Abort)
    i.HAL_DMA_IRQHandler                     0x08001508   Section        0  stm32f3xx_hal_dma.o(i.HAL_DMA_IRQHandler)
    i.HAL_DMA_Init                           0x080015ee   Section        0  stm32f3xx_hal_dma.o(i.HAL_DMA_Init)
    i.HAL_DMA_Start_IT                       0x0800164c   Section        0  stm32f3xx_hal_dma.o(i.HAL_DMA_Start_IT)
    i.HAL_Delay                              0x080016e8   Section        0  stm32f3xx_hal.o(i.HAL_Delay)
    i.HAL_GPIO_Init                          0x08001700   Section        0  stm32f3xx_hal_gpio.o(i.HAL_GPIO_Init)
    i.HAL_GPIO_TogglePin                     0x080018cc   Section        0  stm32f3xx_hal_gpio.o(i.HAL_GPIO_TogglePin)
    i.HAL_GPIO_WritePin                      0x080018d4   Section        0  stm32f3xx_hal_gpio.o(i.HAL_GPIO_WritePin)
    i.HAL_GetTick                            0x080018e0   Section        0  stm32f3xx_hal.o(i.HAL_GetTick)
    i.HAL_IncTick                            0x080018ec   Section        0  stm32f3xx_hal.o(i.HAL_IncTick)
    i.HAL_Init                               0x080018fc   Section        0  stm32f3xx_hal.o(i.HAL_Init)
    i.HAL_InitTick                           0x08001924   Section        0  stm32f3xx_hal_timebase_tim.o(i.HAL_InitTick)
    i.HAL_MspInit                            0x080019a8   Section        0  stm32f3xx_hal_msp.o(i.HAL_MspInit)
    i.HAL_NVIC_EnableIRQ                     0x08001a20   Section        0  stm32f3xx_hal_cortex.o(i.HAL_NVIC_EnableIRQ)
    i.HAL_NVIC_SetPriority                   0x08001a3a   Section        0  stm32f3xx_hal_cortex.o(i.HAL_NVIC_SetPriority)
    i.HAL_NVIC_SetPriorityGrouping           0x08001ab8   Section        0  stm32f3xx_hal_cortex.o(i.HAL_NVIC_SetPriorityGrouping)
    i.HAL_PWREx_EnableSDADC                  0x08001ae0   Section        0  stm32f3xx_hal_pwr_ex.o(i.HAL_PWREx_EnableSDADC)
    i.HAL_RCCEx_PeriphCLKConfig              0x08001b14   Section        0  stm32f3xx_hal_rcc_ex.o(i.HAL_RCCEx_PeriphCLKConfig)
    i.HAL_RCC_ClockConfig                    0x08001d90   Section        0  stm32f3xx_hal_rcc.o(i.HAL_RCC_ClockConfig)
    i.HAL_RCC_GetClockConfig                 0x0800207c   Section        0  stm32f3xx_hal_rcc.o(i.HAL_RCC_GetClockConfig)
    i.HAL_RCC_GetHCLKFreq                    0x080020c0   Section        0  stm32f3xx_hal_rcc.o(i.HAL_RCC_GetHCLKFreq)
    i.HAL_RCC_GetPCLK1Freq                   0x080020cc   Section        0  stm32f3xx_hal_rcc.o(i.HAL_RCC_GetPCLK1Freq)
    i.HAL_RCC_GetSysClockFreq                0x080020f8   Section        0  stm32f3xx_hal_rcc.o(i.HAL_RCC_GetSysClockFreq)
    i.HAL_RCC_OscConfig                      0x08002184   Section        0  stm32f3xx_hal_rcc.o(i.HAL_RCC_OscConfig)
    i.HAL_SDADC_CalibrationStart             0x08002b84   Section        0  stm32f3xx_hal_sdadc.o(i.HAL_SDADC_CalibrationStart)
    i.HAL_SDADC_ConfigChannel                0x08002bdc   Section        0  stm32f3xx_hal_sdadc.o(i.HAL_SDADC_ConfigChannel)
    i.HAL_SDADC_ErrorCallback                0x08002c2a   Section        0  stm32f3xx_hal_sdadc.o(i.HAL_SDADC_ErrorCallback)
    i.HAL_SDADC_GetValue                     0x08002c2c   Section        0  stm32f3xx_hal_sdadc.o(i.HAL_SDADC_GetValue)
    i.HAL_SDADC_Init                         0x08002c34   Section        0  stm32f3xx_hal_sdadc.o(i.HAL_SDADC_Init)
    i.HAL_SDADC_MspInit                      0x08002cec   Section        0  sdadc.o(i.HAL_SDADC_MspInit)
    i.HAL_SDADC_PollForCalibEvent            0x08002d3c   Section        0  stm32f3xx_hal_sdadc.o(i.HAL_SDADC_PollForCalibEvent)
    i.HAL_SDADC_PollForConversion            0x08002d8c   Section        0  stm32f3xx_hal_sdadc.o(i.HAL_SDADC_PollForConversion)
    i.HAL_SDADC_PrepareChannelConfig         0x08002e0e   Section        0  stm32f3xx_hal_sdadc.o(i.HAL_SDADC_PrepareChannelConfig)
    i.HAL_SDADC_SelectRegularTrigger         0x08002e60   Section        0  stm32f3xx_hal_sdadc.o(i.HAL_SDADC_SelectRegularTrigger)
    i.HAL_SDADC_Start                        0x08002e9c   Section        0  stm32f3xx_hal_sdadc.o(i.HAL_SDADC_Start)
    i.HAL_SDADC_Stop                         0x08002ec2   Section        0  stm32f3xx_hal_sdadc.o(i.HAL_SDADC_Stop)
    i.HAL_SPI_Init                           0x08002ee8   Section        0  stm32f3xx_hal_spi.o(i.HAL_SPI_Init)
    i.HAL_SPI_MspInit                        0x08002fb4   Section        0  spi.o(i.HAL_SPI_MspInit)
    i.HAL_SYSTICK_CLKSourceConfig            0x08003094   Section        0  stm32f3xx_hal_cortex.o(i.HAL_SYSTICK_CLKSourceConfig)
    i.HAL_SYSTICK_Config                     0x080030bc   Section        0  stm32f3xx_hal_cortex.o(i.HAL_SYSTICK_Config)
    i.HAL_TIMEx_BreakCallback                0x080030f0   Section        0  stm32f3xx_hal_tim_ex.o(i.HAL_TIMEx_BreakCallback)
    i.HAL_TIMEx_CommutationCallback          0x080030f2   Section        0  stm32f3xx_hal_tim_ex.o(i.HAL_TIMEx_CommutationCallback)
    i.HAL_TIM_Base_Init                      0x080030f4   Section        0  stm32f3xx_hal_tim.o(i.HAL_TIM_Base_Init)
    i.HAL_TIM_Base_MspInit                   0x08003128   Section        0  stm32f3xx_hal_tim.o(i.HAL_TIM_Base_MspInit)
    i.HAL_TIM_Base_Start_IT                  0x0800312a   Section        0  stm32f3xx_hal_tim.o(i.HAL_TIM_Base_Start_IT)
    i.HAL_TIM_IC_CaptureCallback             0x08003148   Section        0  stm32f3xx_hal_tim.o(i.HAL_TIM_IC_CaptureCallback)
    i.HAL_TIM_IRQHandler                     0x0800314a   Section        0  stm32f3xx_hal_tim.o(i.HAL_TIM_IRQHandler)
    i.HAL_TIM_OC_DelayElapsedCallback        0x080032e0   Section        0  stm32f3xx_hal_tim.o(i.HAL_TIM_OC_DelayElapsedCallback)
    i.HAL_TIM_PWM_PulseFinishedCallback      0x080032e2   Section        0  stm32f3xx_hal_tim.o(i.HAL_TIM_PWM_PulseFinishedCallback)
    i.HAL_TIM_PeriodElapsedCallback          0x080032e4   Section        0  main.o(i.HAL_TIM_PeriodElapsedCallback)
    i.HAL_TIM_TriggerCallback                0x080032f6   Section        0  stm32f3xx_hal_tim.o(i.HAL_TIM_TriggerCallback)
    i.ITM_SendChar                           0x080032f8   Section        0  retarget.o(i.ITM_SendChar)
    ITM_SendChar                             0x080032f9   Thumb Code    44  retarget.o(i.ITM_SendChar)
    i.MX_ADC1_Init                           0x08003328   Section        0  adc.o(i.MX_ADC1_Init)
    i.MX_CAN_Init                            0x08003394   Section        0  can.o(i.MX_CAN_Init)
    i.MX_COMP2_Init                          0x080033d8   Section        0  comp.o(i.MX_COMP2_Init)
    i.MX_DAC1_Init                           0x08003410   Section        0  dac.o(i.MX_DAC1_Init)
    i.MX_DMA_Init                            0x08003444   Section        0  dma.o(i.MX_DMA_Init)
    i.MX_GPIO_Init                           0x08003478   Section        0  gpio.o(i.MX_GPIO_Init)
    i.MX_SDADC1_Init                         0x080035f8   Section        0  sdadc.o(i.MX_SDADC1_Init)
    i.MX_SPI1_Init                           0x08003658   Section        0  spi.o(i.MX_SPI1_Init)
    i.MX_SPI2_Init                           0x080036ac   Section        0  spi.o(i.MX_SPI2_Init)
    i.NVIC_GetPriorityGrouping               0x080036fc   Section        0  stm32f3xx_hal_cortex.o(i.NVIC_GetPriorityGrouping)
    NVIC_GetPriorityGrouping                 0x080036fd   Thumb Code    10  stm32f3xx_hal_cortex.o(i.NVIC_GetPriorityGrouping)
    i.NVIC_SetPriority                       0x0800370c   Section        0  stm32f3xx_hal_cortex.o(i.NVIC_SetPriority)
    NVIC_SetPriority                         0x0800370d   Thumb Code    32  stm32f3xx_hal_cortex.o(i.NVIC_SetPriority)
    i.SDADC_EnterInitMode                    0x08003734   Section        0  stm32f3xx_hal_sdadc.o(i.SDADC_EnterInitMode)
    SDADC_EnterInitMode                      0x08003735   Thumb Code    56  stm32f3xx_hal_sdadc.o(i.SDADC_EnterInitMode)
    i.SDADC_ExitInitMode                     0x0800376c   Section        0  stm32f3xx_hal_sdadc.o(i.SDADC_ExitInitMode)
    SDADC_ExitInitMode                       0x0800376d   Thumb Code    14  stm32f3xx_hal_sdadc.o(i.SDADC_ExitInitMode)
    i.SDADC_RegConvStart                     0x0800377a   Section        0  stm32f3xx_hal_sdadc.o(i.SDADC_RegConvStart)
    SDADC_RegConvStart                       0x0800377b   Thumb Code    84  stm32f3xx_hal_sdadc.o(i.SDADC_RegConvStart)
    i.SDADC_RegConvStop                      0x080037ce   Section        0  stm32f3xx_hal_sdadc.o(i.SDADC_RegConvStop)
    SDADC_RegConvStop                        0x080037cf   Thumb Code   172  stm32f3xx_hal_sdadc.o(i.SDADC_RegConvStop)
    i.SysTick_Handler                        0x0800387a   Section        0  stm32f3xx_it.o(i.SysTick_Handler)
    i.SystemClock_Config                     0x08003882   Section        0  main.o(i.SystemClock_Config)
    i.SystemInit                             0x08003920   Section        0  system_stm32f3xx.o(i.SystemInit)
    i.TIM2_IRQHandler                        0x0800399c   Section        0  stm32f3xx_it.o(i.TIM2_IRQHandler)
    i.TIM_Base_SetConfig                     0x080039ac   Section        0  stm32f3xx_hal_tim.o(i.TIM_Base_SetConfig)
    i.__0printf                              0x08003a7c   Section        0  printfa.o(i.__0printf)
    i.__scatterload_copy                     0x08003a9c   Section       14  handlers.o(i.__scatterload_copy)
    i.__scatterload_null                     0x08003aaa   Section        2  handlers.o(i.__scatterload_null)
    i.__scatterload_zeroinit                 0x08003aac   Section       14  handlers.o(i.__scatterload_zeroinit)
    i._fp_digits                             0x08003abc   Section        0  printfa.o(i._fp_digits)
    _fp_digits                               0x08003abd   Thumb Code   334  printfa.o(i._fp_digits)
    i._printf_core                           0x08003c20   Section        0  printfa.o(i._printf_core)
    _printf_core                             0x08003c21   Thumb Code  1744  printfa.o(i._printf_core)
    i._printf_post_padding                   0x080042fc   Section        0  printfa.o(i._printf_post_padding)
    _printf_post_padding                     0x080042fd   Thumb Code    36  printfa.o(i._printf_post_padding)
    i._printf_pre_padding                    0x08004320   Section        0  printfa.o(i._printf_pre_padding)
    _printf_pre_padding                      0x08004321   Thumb Code    46  printfa.o(i._printf_pre_padding)
    i.fputc                                  0x0800434e   Section        0  retarget.o(i.fputc)
    i.main                                   0x0800435c   Section        0  main.o(i.main)
    i.osSystickHandler                       0x0800486c   Section        0  cmsis_os.o(i.osSystickHandler)
    i.prvResetNextTaskUnblockTime            0x0800487c   Section        0  tasks.o(i.prvResetNextTaskUnblockTime)
    prvResetNextTaskUnblockTime              0x0800487d   Thumb Code    42  tasks.o(i.prvResetNextTaskUnblockTime)
    i.uxListRemove                           0x080048b0   Section        0  list.o(i.uxListRemove)
    i.vListInsertEnd                         0x080048d8   Section        0  list.o(i.vListInsertEnd)
    i.vTaskSwitchContext                     0x080048f0   Section        0  tasks.o(i.vTaskSwitchContext)
    i.xPortSysTickHandler                    0x0800497c   Section        0  port.o(i.xPortSysTickHandler)
    i.xTaskGetSchedulerState                 0x080049b0   Section        0  tasks.o(i.xTaskGetSchedulerState)
    i.xTaskIncrementTick                     0x080049d0   Section        0  tasks.o(i.xTaskIncrementTick)
    .constdata                               0x08004b18   Section       32  stm32f3xx_hal_rcc.o(.constdata)
    .constdata                               0x08004b38   Section       24  system_stm32f3xx.o(.constdata)
    .data                                    0x20000000   Section       60  tasks.o(.data)
    pxDelayedTaskList                        0x20000004   Data           4  tasks.o(.data)
    pxOverflowDelayedTaskList                0x20000008   Data           4  tasks.o(.data)
    uxDeletedTasksWaitingCleanUp             0x2000000c   Data           4  tasks.o(.data)
    uxCurrentNumberOfTasks                   0x20000010   Data           4  tasks.o(.data)
    xTickCount                               0x20000014   Data           4  tasks.o(.data)
    uxTopReadyPriority                       0x20000018   Data           4  tasks.o(.data)
    xSchedulerRunning                        0x2000001c   Data           4  tasks.o(.data)
    uxPendedTicks                            0x20000020   Data           4  tasks.o(.data)
    xYieldPending                            0x20000024   Data           4  tasks.o(.data)
    xNumOfOverflows                          0x20000028   Data           4  tasks.o(.data)
    uxTaskNumber                             0x2000002c   Data           4  tasks.o(.data)
    xNextTaskUnblockTime                     0x20000030   Data           4  tasks.o(.data)
    xIdleTaskHandle                          0x20000034   Data           4  tasks.o(.data)
    uxSchedulerSuspended                     0x20000038   Data           4  tasks.o(.data)
    .data                                    0x2000003c   Section       32  main.o(.data)
    .data                                    0x2000005c   Section       20  retarget.o(.data)
    .data                                    0x20000070   Section        4  stm32f3xx_hal.o(.data)
    .data                                    0x20000074   Section        4  system_stm32f3xx.o(.data)
    .bss                                     0x20000078   Section      240  tasks.o(.bss)
    pxReadyTasksLists                        0x20000078   Data         140  tasks.o(.bss)
    xDelayedTaskList1                        0x20000104   Data          20  tasks.o(.bss)
    xDelayedTaskList2                        0x20000118   Data          20  tasks.o(.bss)
    xPendingReadyList                        0x2000012c   Data          20  tasks.o(.bss)
    xTasksWaitingTermination                 0x20000140   Data          20  tasks.o(.bss)
    xSuspendedTaskList                       0x20000154   Data          20  tasks.o(.bss)
    .bss                                     0x20000168   Section      200  spi.o(.bss)
    .bss                                     0x20000230   Section       64  stm32f3xx_hal_timebase_tim.o(.bss)
    .bss                                     0x20000270   Section      116  adc.o(.bss)
    .bss                                     0x200002e4   Section       44  comp.o(.bss)
    .bss                                     0x20000310   Section       36  main.o(.bss)
    .bss                                     0x20000334   Section       64  can.o(.bss)
    .bss                                     0x20000374   Section       68  sdadc.o(.bss)
    .bss                                     0x200003b8   Section       20  dac.o(.bss)
    STACK                                    0x200003d0   Section     1024  startup_stm32f373xc.o(STACK)

    Global Symbols

    Symbol Name                              Value     Ov Type        Size  Object(Section)

    BuildAttributes$$THM_ISAv4$E$P$D$K$B$S$7EM$VFPi3$EXTD16$VFPS$VFMA$PE$A:L22UL41UL21$X:L11$S22US41US21$IEEE1$IW$USESV6$~STKCKD$USESV7$~SHL$OTIME$ROPI$IEEEX$EBA8$MICROLIB$REQ8$PRES8$EABIv2 0x00000000   Number         0  anon$$obj.o ABSOLUTE
    __ARM_use_no_argv                        0x00000000   Number         0  main.o ABSOLUTE
    __use_no_errno                           0x00000000   Number         0  useno.o ABSOLUTE
    __use_no_exception_handling              0x00000000   Number         0  useno.o ABSOLUTE
    __use_no_fp                              0x00000000   Number         0  useno.o ABSOLUTE
    __use_no_heap                            0x00000000   Number         0  useno.o ABSOLUTE
    __use_no_heap_region                     0x00000000   Number         0  useno.o ABSOLUTE
    __use_no_semihosting                     0x00000000   Number         0  useno.o ABSOLUTE
    __use_no_semihosting_swi                 0x00000000   Number         0  useno.o ABSOLUTE
    __use_no_signal_handling                 0x00000000   Number         0  useno.o ABSOLUTE
    _printf_a                                0x00000000   Number         0  stubs.o ABSOLUTE
    _printf_c                                0x00000000   Number         0  stubs.o ABSOLUTE
    _printf_charcount                        0x00000000   Number         0  stubs.o ABSOLUTE
    _printf_d                                0x00000000   Number         0  stubs.o ABSOLUTE
    _printf_e                                0x00000000   Number         0  stubs.o ABSOLUTE
    _printf_f                                0x00000000   Number         0  stubs.o ABSOLUTE
    _printf_flags                            0x00000000   Number         0  stubs.o ABSOLUTE
    _printf_fp_dec                           0x00000000   Number         0  stubs.o ABSOLUTE
    _printf_fp_hex                           0x00000000   Number         0  stubs.o ABSOLUTE
    _printf_g                                0x00000000   Number         0  stubs.o ABSOLUTE
    _printf_i                                0x00000000   Number         0  stubs.o ABSOLUTE
    _printf_int_dec                          0x00000000   Number         0  stubs.o ABSOLUTE
    _printf_l                                0x00000000   Number         0  stubs.o ABSOLUTE
    _printf_lc                               0x00000000   Number         0  stubs.o ABSOLUTE
    _printf_ll                               0x00000000   Number         0  stubs.o ABSOLUTE
    _printf_lld                              0x00000000   Number         0  stubs.o ABSOLUTE
    _printf_lli                              0x00000000   Number         0  stubs.o ABSOLUTE
    _printf_llo                              0x00000000   Number         0  stubs.o ABSOLUTE
    _printf_llu                              0x00000000   Number         0  stubs.o ABSOLUTE
    _printf_llx                              0x00000000   Number         0  stubs.o ABSOLUTE
    _printf_longlong_dec                     0x00000000   Number         0  stubs.o ABSOLUTE
    _printf_longlong_hex                     0x00000000   Number         0  stubs.o ABSOLUTE
    _printf_longlong_oct                     0x00000000   Number         0  stubs.o ABSOLUTE
    _printf_ls                               0x00000000   Number         0  stubs.o ABSOLUTE
    _printf_mbtowc                           0x00000000   Number         0  stubs.o ABSOLUTE
    _printf_n                                0x00000000   Number         0  stubs.o ABSOLUTE
    _printf_o                                0x00000000   Number         0  stubs.o ABSOLUTE
    _printf_p                                0x00000000   Number         0  stubs.o ABSOLUTE
    _printf_percent                          0x00000000   Number         0  stubs.o ABSOLUTE
    _printf_pre_padding                      0x00000000   Number         0  stubs.o ABSOLUTE
    _printf_return_value                     0x00000000   Number         0  stubs.o ABSOLUTE
    _printf_s                                0x00000000   Number         0  stubs.o ABSOLUTE
    _printf_sizespec                         0x00000000   Number         0  stubs.o ABSOLUTE
    _printf_str                              0x00000000   Number         0  stubs.o ABSOLUTE
    _printf_truncate_signed                  0x00000000   Number         0  stubs.o ABSOLUTE
    _printf_truncate_unsigned                0x00000000   Number         0  stubs.o ABSOLUTE
    _printf_u                                0x00000000   Number         0  stubs.o ABSOLUTE
    _printf_wc                               0x00000000   Number         0  stubs.o ABSOLUTE
    _printf_wctomb                           0x00000000   Number         0  stubs.o ABSOLUTE
    _printf_widthprec                        0x00000000   Number         0  stubs.o ABSOLUTE
    _printf_x                                0x00000000   Number         0  stubs.o ABSOLUTE
    __cpp_initialize__aeabi_                  - Undefined Weak Reference
    __cxa_finalize                            - Undefined Weak Reference
    __decompress                              - Undefined Weak Reference
    _clock_init                               - Undefined Weak Reference
    _microlib_exit                            - Undefined Weak Reference
    __Vectors_Size                           0x00000188   Number         0  startup_stm32f373xc.o ABSOLUTE
    __Vectors                                0x08000000   Data           4  startup_stm32f373xc.o(RESET)
    __Vectors_End                            0x08000188   Data           0  startup_stm32f373xc.o(RESET)
    __main                                   0x08000189   Thumb Code     0  entry.o(.ARM.Collect$$$$00000000)
    _main_stk                                0x08000189   Thumb Code     0  entry2.o(.ARM.Collect$$$$00000001)
    _main_scatterload                        0x0800018d   Thumb Code     0  entry5.o(.ARM.Collect$$$$00000004)
    __main_after_scatterload                 0x08000191   Thumb Code     0  entry5.o(.ARM.Collect$$$$00000004)
    _main_clock                              0x08000191   Thumb Code     0  entry7b.o(.ARM.Collect$$$$00000008)
    _main_cpp_init                           0x08000191   Thumb Code     0  entry8b.o(.ARM.Collect$$$$0000000A)
    _main_init                               0x08000191   Thumb Code     0  entry9a.o(.ARM.Collect$$$$0000000B)
    __rt_final_cpp                           0x08000199   Thumb Code     0  entry10a.o(.ARM.Collect$$$$0000000D)
    __rt_final_exit                          0x08000199   Thumb Code     0  entry11a.o(.ARM.Collect$$$$0000000F)
    SVC_Handler                              0x0800019d   Thumb Code    28  port.o(.emb_text)
    __asm___6_port_c_39a90d8d__prvStartFirstTask 0x080001bd   Thumb Code    28  port.o(.emb_text)
    __asm___6_port_c_39a90d8d__prvEnableVFP  0x080001dd   Thumb Code    16  port.o(.emb_text)
    PendSV_Handler                           0x080001f1   Thumb Code    92  port.o(.emb_text)
    vPortGetIPSR                             0x08000251   Thumb Code     6  port.o(.emb_text)
    Reset_Handler                            0x08000259   Thumb Code     8  startup_stm32f373xc.o(.text)
    NMI_Handler                              0x08000261   Thumb Code     2  startup_stm32f373xc.o(.text)
    HardFault_Handler                        0x08000263   Thumb Code     2  startup_stm32f373xc.o(.text)
    MemManage_Handler                        0x08000265   Thumb Code     2  startup_stm32f373xc.o(.text)
    BusFault_Handler                         0x08000267   Thumb Code     2  startup_stm32f373xc.o(.text)
    UsageFault_Handler                       0x08000269   Thumb Code     2  startup_stm32f373xc.o(.text)
    DebugMon_Handler                         0x0800026d   Thumb Code     2  startup_stm32f373xc.o(.text)
    ADC1_IRQHandler                          0x08000273   Thumb Code     0  startup_stm32f373xc.o(.text)
    CAN_RX0_IRQHandler                       0x08000273   Thumb Code     0  startup_stm32f373xc.o(.text)
    CAN_RX1_IRQHandler                       0x08000273   Thumb Code     0  startup_stm32f373xc.o(.text)
    CAN_SCE_IRQHandler                       0x08000273   Thumb Code     0  startup_stm32f373xc.o(.text)
    CAN_TX_IRQHandler                        0x08000273   Thumb Code     0  startup_stm32f373xc.o(.text)
    CEC_IRQHandler                           0x08000273   Thumb Code     0  startup_stm32f373xc.o(.text)
    COMP1_2_IRQHandler                       0x08000273   Thumb Code     0  startup_stm32f373xc.o(.text)
    DMA1_Channel2_IRQHandler                 0x08000273   Thumb Code     0  startup_stm32f373xc.o(.text)
    DMA1_Channel3_IRQHandler                 0x08000273   Thumb Code     0  startup_stm32f373xc.o(.text)
    DMA1_Channel4_IRQHandler                 0x08000273   Thumb Code     0  startup_stm32f373xc.o(.text)
    DMA1_Channel5_IRQHandler                 0x08000273   Thumb Code     0  startup_stm32f373xc.o(.text)
    DMA1_Channel6_IRQHandler                 0x08000273   Thumb Code     0  startup_stm32f373xc.o(.text)
    DMA1_Channel7_IRQHandler                 0x08000273   Thumb Code     0  startup_stm32f373xc.o(.text)
    DMA2_Channel1_IRQHandler                 0x08000273   Thumb Code     0  startup_stm32f373xc.o(.text)
    DMA2_Channel2_IRQHandler                 0x08000273   Thumb Code     0  startup_stm32f373xc.o(.text)
    DMA2_Channel3_IRQHandler                 0x08000273   Thumb Code     0  startup_stm32f373xc.o(.text)
    DMA2_Channel4_IRQHandler                 0x08000273   Thumb Code     0  startup_stm32f373xc.o(.text)
    DMA2_Channel5_IRQHandler                 0x08000273   Thumb Code     0  startup_stm32f373xc.o(.text)
    EXTI0_IRQHandler                         0x08000273   Thumb Code     0  startup_stm32f373xc.o(.text)
    EXTI15_10_IRQHandler                     0x08000273   Thumb Code     0  startup_stm32f373xc.o(.text)
    EXTI1_IRQHandler                         0x08000273   Thumb Code     0  startup_stm32f373xc.o(.text)
    EXTI2_TSC_IRQHandler                     0x08000273   Thumb Code     0  startup_stm32f373xc.o(.text)
    EXTI3_IRQHandler                         0x08000273   Thumb Code     0  startup_stm32f373xc.o(.text)
    EXTI4_IRQHandler                         0x08000273   Thumb Code     0  startup_stm32f373xc.o(.text)
    EXTI9_5_IRQHandler                       0x08000273   Thumb Code     0  startup_stm32f373xc.o(.text)
    FLASH_IRQHandler                         0x08000273   Thumb Code     0  startup_stm32f373xc.o(.text)
    FPU_IRQHandler                           0x08000273   Thumb Code     0  startup_stm32f373xc.o(.text)
    I2C1_ER_IRQHandler                       0x08000273   Thumb Code     0  startup_stm32f373xc.o(.text)
    I2C1_EV_IRQHandler                       0x08000273   Thumb Code     0  startup_stm32f373xc.o(.text)
    I2C2_ER_IRQHandler                       0x08000273   Thumb Code     0  startup_stm32f373xc.o(.text)
    I2C2_EV_IRQHandler                       0x08000273   Thumb Code     0  startup_stm32f373xc.o(.text)
    PVD_IRQHandler                           0x08000273   Thumb Code     0  startup_stm32f373xc.o(.text)
    RCC_IRQHandler                           0x08000273   Thumb Code     0  startup_stm32f373xc.o(.text)
    RTC_Alarm_IRQHandler                     0x08000273   Thumb Code     0  startup_stm32f373xc.o(.text)
    RTC_WKUP_IRQHandler                      0x08000273   Thumb Code     0  startup_stm32f373xc.o(.text)
    SDADC1_IRQHandler                        0x08000273   Thumb Code     0  startup_stm32f373xc.o(.text)
    SDADC2_IRQHandler                        0x08000273   Thumb Code     0  startup_stm32f373xc.o(.text)
    SDADC3_IRQHandler                        0x08000273   Thumb Code     0  startup_stm32f373xc.o(.text)
    SPI1_IRQHandler                          0x08000273   Thumb Code     0  startup_stm32f373xc.o(.text)
    SPI2_IRQHandler                          0x08000273   Thumb Code     0  startup_stm32f373xc.o(.text)
    SPI3_IRQHandler                          0x08000273   Thumb Code     0  startup_stm32f373xc.o(.text)
    TAMP_STAMP_IRQHandler                    0x08000273   Thumb Code     0  startup_stm32f373xc.o(.text)
    TIM12_IRQHandler                         0x08000273   Thumb Code     0  startup_stm32f373xc.o(.text)
    TIM13_IRQHandler                         0x08000273   Thumb Code     0  startup_stm32f373xc.o(.text)
    TIM14_IRQHandler                         0x08000273   Thumb Code     0  startup_stm32f373xc.o(.text)
    TIM15_IRQHandler                         0x08000273   Thumb Code     0  startup_stm32f373xc.o(.text)
    TIM16_IRQHandler                         0x08000273   Thumb Code     0  startup_stm32f373xc.o(.text)
    TIM17_IRQHandler                         0x08000273   Thumb Code     0  startup_stm32f373xc.o(.text)
    TIM18_DAC2_IRQHandler                    0x08000273   Thumb Code     0  startup_stm32f373xc.o(.text)
    TIM19_IRQHandler                         0x08000273   Thumb Code     0  startup_stm32f373xc.o(.text)
    TIM3_IRQHandler                          0x08000273   Thumb Code     0  startup_stm32f373xc.o(.text)
    TIM4_IRQHandler                          0x08000273   Thumb Code     0  startup_stm32f373xc.o(.text)
    TIM5_IRQHandler                          0x08000273   Thumb Code     0  startup_stm32f373xc.o(.text)
    TIM6_DAC1_IRQHandler                     0x08000273   Thumb Code     0  startup_stm32f373xc.o(.text)
    TIM7_IRQHandler                          0x08000273   Thumb Code     0  startup_stm32f373xc.o(.text)
    USART1_IRQHandler                        0x08000273   Thumb Code     0  startup_stm32f373xc.o(.text)
    USART2_IRQHandler                        0x08000273   Thumb Code     0  startup_stm32f373xc.o(.text)
    USART3_IRQHandler                        0x08000273   Thumb Code     0  startup_stm32f373xc.o(.text)
    USBWakeUp_IRQHandler                     0x08000273   Thumb Code     0  startup_stm32f373xc.o(.text)
    USB_HP_IRQHandler                        0x08000273   Thumb Code     0  startup_stm32f373xc.o(.text)
    USB_LP_IRQHandler                        0x08000273   Thumb Code     0  startup_stm32f373xc.o(.text)
    WWDG_IRQHandler                          0x08000273   Thumb Code     0  startup_stm32f373xc.o(.text)
    arm_pid_init_f32                         0x0800027d   Thumb Code    56  arm_pid_init_f32.o(.text)
    __aeabi_llsr                             0x080002b5   Thumb Code    32  llushr.o(.text)
    _ll_ushift_r                             0x080002b5   Thumb Code     0  llushr.o(.text)
    __aeabi_dadd                             0x080002d5   Thumb Code   322  dadd.o(.text)
    __aeabi_dsub                             0x08000417   Thumb Code     6  dadd.o(.text)
    __aeabi_drsub                            0x0800041d   Thumb Code     6  dadd.o(.text)
    __aeabi_dmul                             0x08000423   Thumb Code   228  dmul.o(.text)
    __aeabi_ddiv                             0x08000507   Thumb Code   222  ddiv.o(.text)
    __aeabi_ui2d                             0x080005e5   Thumb Code    26  dfltui.o(.text)
    __aeabi_d2uiz                            0x080005ff   Thumb Code    50  dfixui.o(.text)
    __aeabi_f2d                              0x08000631   Thumb Code    38  f2d.o(.text)
    __aeabi_d2f                              0x08000657   Thumb Code    56  d2f.o(.text)
    __aeabi_uidiv                            0x0800068f   Thumb Code     0  uidiv.o(.text)
    __aeabi_uidivmod                         0x0800068f   Thumb Code    44  uidiv.o(.text)
    __aeabi_uldivmod                         0x080006bb   Thumb Code    98  uldiv.o(.text)
    __aeabi_llsl                             0x0800071d   Thumb Code    30  llshl.o(.text)
    _ll_shift_l                              0x0800071d   Thumb Code     0  llshl.o(.text)
    __aeabi_lasr                             0x0800073b   Thumb Code    36  llsshr.o(.text)
    _ll_sshift_r                             0x0800073b   Thumb Code     0  llsshr.o(.text)
    __I$use$fp                               0x0800075f   Thumb Code     0  iusefp.o(.text)
    _float_round                             0x0800075f   Thumb Code    18  fepilogue.o(.text)
    _float_epilogue                          0x08000771   Thumb Code    92  fepilogue.o(.text)
    _double_round                            0x080007cd   Thumb Code    30  depilogue.o(.text)
    _double_epilogue                         0x080007eb   Thumb Code   156  depilogue.o(.text)
    __aeabi_d2ulz                            0x08000887   Thumb Code    48  dfixul.o(.text)
    __aeabi_cdrcmple                         0x080008b9   Thumb Code    48  cdrcmple.o(.text)
    __scatterload                            0x080008e9   Thumb Code    28  init.o(.text)
    __scatterload_rt2                        0x080008e9   Thumb Code     0  init.o(.text)
    DMA1_Channel1_IRQHandler                 0x08000a61   Thumb Code    10  stm32f3xx_it.o(i.DMA1_Channel1_IRQHandler)
    Error_Handler                            0x08000add   Thumb Code    30  main.o(i.Error_Handler)
    HAL_ADCEx_Calibration_Start              0x08000b01   Thumb Code   238  stm32f3xx_hal_adc_ex.o(i.HAL_ADCEx_Calibration_Start)
    HAL_ADC_ConfigChannel                    0x08000bf1   Thumb Code   328  stm32f3xx_hal_adc_ex.o(i.HAL_ADC_ConfigChannel)
    HAL_ADC_ConvCpltCallback                 0x08000d45   Thumb Code     2  stm32f3xx_hal_adc.o(i.HAL_ADC_ConvCpltCallback)
    HAL_ADC_ConvHalfCpltCallback             0x08000d47   Thumb Code     2  stm32f3xx_hal_adc.o(i.HAL_ADC_ConvHalfCpltCallback)
    HAL_ADC_ErrorCallback                    0x08000d49   Thumb Code     2  stm32f3xx_hal_adc.o(i.HAL_ADC_ErrorCallback)
    HAL_ADC_Init                             0x08000d4d   Thumb Code   314  stm32f3xx_hal_adc_ex.o(i.HAL_ADC_Init)
    HAL_ADC_MspInit                          0x08000e91   Thumb Code   144  adc.o(i.HAL_ADC_MspInit)
    HAL_ADC_Start_DMA                        0x08000f35   Thumb Code   214  stm32f3xx_hal_adc_ex.o(i.HAL_ADC_Start_DMA)
    HAL_ADC_Stop_DMA                         0x08001019   Thumb Code    96  stm32f3xx_hal_adc_ex.o(i.HAL_ADC_Stop_DMA)
    HAL_CAN_Init                             0x08001079   Thumb Code   444  stm32f3xx_hal_can.o(i.HAL_CAN_Init)
    HAL_CAN_MspInit                          0x08001235   Thumb Code    76  can.o(i.HAL_CAN_MspInit)
    HAL_COMP_Init                            0x0800128d   Thumb Code   168  stm32f3xx_hal_comp.o(i.HAL_COMP_Init)
    HAL_COMP_MspInit                         0x0800133d   Thumb Code    40  comp.o(i.HAL_COMP_MspInit)
    HAL_DAC_ConfigChannel                    0x08001369   Thumb Code    90  stm32f3xx_hal_dac_ex.o(i.HAL_DAC_ConfigChannel)
    HAL_DAC_Init                             0x080013c3   Thumb Code    40  stm32f3xx_hal_dac.o(i.HAL_DAC_Init)
    HAL_DAC_MspInit                          0x080013ed   Thumb Code    68  dac.o(i.HAL_DAC_MspInit)
    HAL_DAC_SetValue                         0x08001439   Thumb Code    44  stm32f3xx_hal_dac_ex.o(i.HAL_DAC_SetValue)
    HAL_DAC_Start                            0x08001465   Thumb Code   108  stm32f3xx_hal_dac_ex.o(i.HAL_DAC_Start)
    HAL_DMA_Abort                            0x080014d1   Thumb Code    56  stm32f3xx_hal_dma.o(i.HAL_DMA_Abort)
    HAL_DMA_IRQHandler                       0x08001509   Thumb Code   230  stm32f3xx_hal_dma.o(i.HAL_DMA_IRQHandler)
    HAL_DMA_Init                             0x080015ef   Thumb Code    94  stm32f3xx_hal_dma.o(i.HAL_DMA_Init)
    HAL_DMA_Start_IT                         0x0800164d   Thumb Code   156  stm32f3xx_hal_dma.o(i.HAL_DMA_Start_IT)
    HAL_Delay                                0x080016e9   Thumb Code    24  stm32f3xx_hal.o(i.HAL_Delay)
    HAL_GPIO_Init                            0x08001701   Thumb Code   432  stm32f3xx_hal_gpio.o(i.HAL_GPIO_Init)
    HAL_GPIO_TogglePin                       0x080018cd   Thumb Code     8  stm32f3xx_hal_gpio.o(i.HAL_GPIO_TogglePin)
    HAL_GPIO_WritePin                        0x080018d5   Thumb Code    10  stm32f3xx_hal_gpio.o(i.HAL_GPIO_WritePin)
    HAL_GetTick                              0x080018e1   Thumb Code     6  stm32f3xx_hal.o(i.HAL_GetTick)
    HAL_IncTick                              0x080018ed   Thumb Code    12  stm32f3xx_hal.o(i.HAL_IncTick)
    HAL_Init                                 0x080018fd   Thumb Code    34  stm32f3xx_hal.o(i.HAL_Init)
    HAL_InitTick                             0x08001925   Thumb Code   120  stm32f3xx_hal_timebase_tim.o(i.HAL_InitTick)
    HAL_MspInit                              0x080019a9   Thumb Code   114  stm32f3xx_hal_msp.o(i.HAL_MspInit)
    HAL_NVIC_EnableIRQ                       0x08001a21   Thumb Code    26  stm32f3xx_hal_cortex.o(i.HAL_NVIC_EnableIRQ)
    HAL_NVIC_SetPriority                     0x08001a3b   Thumb Code   124  stm32f3xx_hal_cortex.o(i.HAL_NVIC_SetPriority)
    HAL_NVIC_SetPriorityGrouping             0x08001ab9   Thumb Code    32  stm32f3xx_hal_cortex.o(i.HAL_NVIC_SetPriorityGrouping)
    HAL_PWREx_EnableSDADC                    0x08001ae1   Thumb Code    42  stm32f3xx_hal_pwr_ex.o(i.HAL_PWREx_EnableSDADC)
    HAL_RCCEx_PeriphCLKConfig                0x08001b15   Thumb Code   622  stm32f3xx_hal_rcc_ex.o(i.HAL_RCCEx_PeriphCLKConfig)
    HAL_RCC_ClockConfig                      0x08001d91   Thumb Code   732  stm32f3xx_hal_rcc.o(i.HAL_RCC_ClockConfig)
    HAL_RCC_GetClockConfig                   0x0800207d   Thumb Code    58  stm32f3xx_hal_rcc.o(i.HAL_RCC_GetClockConfig)
    HAL_RCC_GetHCLKFreq                      0x080020c1   Thumb Code     6  stm32f3xx_hal_rcc.o(i.HAL_RCC_GetHCLKFreq)
    HAL_RCC_GetPCLK1Freq                     0x080020cd   Thumb Code    36  stm32f3xx_hal_rcc.o(i.HAL_RCC_GetPCLK1Freq)
    HAL_RCC_GetSysClockFreq                  0x080020f9   Thumb Code   120  stm32f3xx_hal_rcc.o(i.HAL_RCC_GetSysClockFreq)
    HAL_RCC_OscConfig                        0x08002185   Thumb Code  2550  stm32f3xx_hal_rcc.o(i.HAL_RCC_OscConfig)
    HAL_SDADC_CalibrationStart               0x08002b85   Thumb Code    88  stm32f3xx_hal_sdadc.o(i.HAL_SDADC_CalibrationStart)
    HAL_SDADC_ConfigChannel                  0x08002bdd   Thumb Code    78  stm32f3xx_hal_sdadc.o(i.HAL_SDADC_ConfigChannel)
    HAL_SDADC_ErrorCallback                  0x08002c2b   Thumb Code     2  stm32f3xx_hal_sdadc.o(i.HAL_SDADC_ErrorCallback)
    HAL_SDADC_GetValue                       0x08002c2d   Thumb Code     8  stm32f3xx_hal_sdadc.o(i.HAL_SDADC_GetValue)
    HAL_SDADC_Init                           0x08002c35   Thumb Code   180  stm32f3xx_hal_sdadc.o(i.HAL_SDADC_Init)
    HAL_SDADC_MspInit                        0x08002ced   Thumb Code    68  sdadc.o(i.HAL_SDADC_MspInit)
    HAL_SDADC_PollForCalibEvent              0x08002d3d   Thumb Code    80  stm32f3xx_hal_sdadc.o(i.HAL_SDADC_PollForCalibEvent)
    HAL_SDADC_PollForConversion              0x08002d8d   Thumb Code   130  stm32f3xx_hal_sdadc.o(i.HAL_SDADC_PollForConversion)
    HAL_SDADC_PrepareChannelConfig           0x08002e0f   Thumb Code    82  stm32f3xx_hal_sdadc.o(i.HAL_SDADC_PrepareChannelConfig)
    HAL_SDADC_SelectRegularTrigger           0x08002e61   Thumb Code    54  stm32f3xx_hal_sdadc.o(i.HAL_SDADC_SelectRegularTrigger)
    HAL_SDADC_Start                          0x08002e9d   Thumb Code    38  stm32f3xx_hal_sdadc.o(i.HAL_SDADC_Start)
    HAL_SDADC_Stop                           0x08002ec3   Thumb Code    38  stm32f3xx_hal_sdadc.o(i.HAL_SDADC_Stop)
    HAL_SPI_Init                             0x08002ee9   Thumb Code   204  stm32f3xx_hal_spi.o(i.HAL_SPI_Init)
    HAL_SPI_MspInit                          0x08002fb5   Thumb Code   206  spi.o(i.HAL_SPI_MspInit)
    HAL_SYSTICK_CLKSourceConfig              0x08003095   Thumb Code    40  stm32f3xx_hal_cortex.o(i.HAL_SYSTICK_CLKSourceConfig)
    HAL_SYSTICK_Config                       0x080030bd   Thumb Code    52  stm32f3xx_hal_cortex.o(i.HAL_SYSTICK_Config)
    HAL_TIMEx_BreakCallback                  0x080030f1   Thumb Code     2  stm32f3xx_hal_tim_ex.o(i.HAL_TIMEx_BreakCallback)
    HAL_TIMEx_CommutationCallback            0x080030f3   Thumb Code     2  stm32f3xx_hal_tim_ex.o(i.HAL_TIMEx_CommutationCallback)
    HAL_TIM_Base_Init                        0x080030f5   Thumb Code    52  stm32f3xx_hal_tim.o(i.HAL_TIM_Base_Init)
    HAL_TIM_Base_MspInit                     0x08003129   Thumb Code     2  stm32f3xx_hal_tim.o(i.HAL_TIM_Base_MspInit)
    HAL_TIM_Base_Start_IT                    0x0800312b   Thumb Code    30  stm32f3xx_hal_tim.o(i.HAL_TIM_Base_Start_IT)
    HAL_TIM_IC_CaptureCallback               0x08003149   Thumb Code     2  stm32f3xx_hal_tim.o(i.HAL_TIM_IC_CaptureCallback)
    HAL_TIM_IRQHandler                       0x0800314b   Thumb Code   406  stm32f3xx_hal_tim.o(i.HAL_TIM_IRQHandler)
    HAL_TIM_OC_DelayElapsedCallback          0x080032e1   Thumb Code     2  stm32f3xx_hal_tim.o(i.HAL_TIM_OC_DelayElapsedCallback)
    HAL_TIM_PWM_PulseFinishedCallback        0x080032e3   Thumb Code     2  stm32f3xx_hal_tim.o(i.HAL_TIM_PWM_PulseFinishedCallback)
    HAL_TIM_PeriodElapsedCallback            0x080032e5   Thumb Code    18  main.o(i.HAL_TIM_PeriodElapsedCallback)
    HAL_TIM_TriggerCallback                  0x080032f7   Thumb Code     2  stm32f3xx_hal_tim.o(i.HAL_TIM_TriggerCallback)
    MX_ADC1_Init                             0x08003329   Thumb Code   100  adc.o(i.MX_ADC1_Init)
    MX_CAN_Init                              0x08003395   Thumb Code    58  can.o(i.MX_CAN_Init)
    MX_COMP2_Init                            0x080033d9   Thumb Code    46  comp.o(i.MX_COMP2_Init)
    MX_DAC1_Init                             0x08003411   Thumb Code    44  dac.o(i.MX_DAC1_Init)
    MX_DMA_Init                              0x08003445   Thumb Code    48  dma.o(i.MX_DMA_Init)
    MX_GPIO_Init                             0x08003479   Thumb Code   364  gpio.o(i.MX_GPIO_Init)
    MX_SDADC1_Init                           0x080035f9   Thumb Code    88  sdadc.o(i.MX_SDADC1_Init)
    MX_SPI1_Init                             0x08003659   Thumb Code    74  spi.o(i.MX_SPI1_Init)
    MX_SPI2_Init                             0x080036ad   Thumb Code    72  spi.o(i.MX_SPI2_Init)
    SysTick_Handler                          0x0800387b   Thumb Code     8  stm32f3xx_it.o(i.SysTick_Handler)
    SystemClock_Config                       0x08003883   Thumb Code   156  main.o(i.SystemClock_Config)
    SystemInit                               0x08003921   Thumb Code   104  system_stm32f3xx.o(i.SystemInit)
    TIM2_IRQHandler                          0x0800399d   Thumb Code    10  stm32f3xx_it.o(i.TIM2_IRQHandler)
    TIM_Base_SetConfig                       0x080039ad   Thumb Code   166  stm32f3xx_hal_tim.o(i.TIM_Base_SetConfig)
    __0printf                                0x08003a7d   Thumb Code    22  printfa.o(i.__0printf)
    __1printf                                0x08003a7d   Thumb Code     0  printfa.o(i.__0printf)
    __2printf                                0x08003a7d   Thumb Code     0  printfa.o(i.__0printf)
    __c89printf                              0x08003a7d   Thumb Code     0  printfa.o(i.__0printf)
    printf                                   0x08003a7d   Thumb Code     0  printfa.o(i.__0printf)
    __scatterload_copy                       0x08003a9d   Thumb Code    14  handlers.o(i.__scatterload_copy)
    __scatterload_null                       0x08003aab   Thumb Code     2  handlers.o(i.__scatterload_null)
    __scatterload_zeroinit                   0x08003aad   Thumb Code    14  handlers.o(i.__scatterload_zeroinit)
    fputc                                    0x0800434f   Thumb Code    14  retarget.o(i.fputc)
    main                                     0x0800435d   Thumb Code   932  main.o(i.main)
    osSystickHandler                         0x0800486d   Thumb Code    16  cmsis_os.o(i.osSystickHandler)
    uxListRemove                             0x080048b1   Thumb Code    40  list.o(i.uxListRemove)
    vListInsertEnd                           0x080048d9   Thumb Code    24  list.o(i.vListInsertEnd)
    vTaskSwitchContext                       0x080048f1   Thumb Code   118  tasks.o(i.vTaskSwitchContext)
    xPortSysTickHandler                      0x0800497d   Thumb Code    46  port.o(i.xPortSysTickHandler)
    xTaskGetSchedulerState                   0x080049b1   Thumb Code    24  tasks.o(i.xTaskGetSchedulerState)
    xTaskIncrementTick                       0x080049d1   Thumb Code   282  tasks.o(i.xTaskIncrementTick)
    aPLLMULFactorTable                       0x08004b18   Data          16  stm32f3xx_hal_rcc.o(.constdata)
    aPredivFactorTable                       0x08004b28   Data          16  stm32f3xx_hal_rcc.o(.constdata)
    AHBPrescTable                            0x08004b38   Data          16  system_stm32f3xx.o(.constdata)
    APBPrescTable                            0x08004b48   Data           8  system_stm32f3xx.o(.constdata)
    Region$$Table$$Base                      0x08004b50   Number         0  anon$$obj.o(Region$$Table)
    Region$$Table$$Limit                     0x08004b70   Number         0  anon$$obj.o(Region$$Table)
    pxCurrentTCB                             0x20000000   Data           4  tasks.o(.data)
    G_LED_sts                                0x2000003c   Data           4  main.o(.data)
    ADCval                                   0x20000040   Data           1  main.o(.data)
    SARADCval                                0x20000044   Data           4  main.o(.data)
    SDADCval                                 0x20000048   Data           4  main.o(.data)
    DACvalue_mV                              0x2000004c   Data           4  main.o(.data)
    DACvalue_u16                             0x20000050   Data           2  main.o(.data)
    ADCinDMArawValues                        0x20000052   Data           4  main.o(.data)
    pid_error                                0x20000058   Data           4  main.o(.data)
    ITM_RxBuffer                             0x2000005c   Data           4  retarget.o(.data)
    __stdout                                 0x20000060   Data           4  retarget.o(.data)
    __stdin                                  0x20000064   Data           4  retarget.o(.data)
    backspace_called                         0x20000068   Data           1  retarget.o(.data)
    last_char_read                           0x20000069   Data           1  retarget.o(.data)
    r                                        0x2000006c   Data           4  retarget.o(.data)
    uwTick                                   0x20000070   Data           4  stm32f3xx_hal.o(.data)
    SystemCoreClock                          0x20000074   Data           4  system_stm32f3xx.o(.data)
    hspi1                                    0x20000168   Data         100  spi.o(.bss)
    hspi2                                    0x200001cc   Data         100  spi.o(.bss)
    htim2                                    0x20000230   Data          64  stm32f3xx_hal_timebase_tim.o(.bss)
    hadc1                                    0x20000270   Data          48  adc.o(.bss)
    hdma_adc1                                0x200002a0   Data          68  adc.o(.bss)
    hcomp2                                   0x200002e4   Data          44  comp.o(.bss)
    PID                                      0x20000310   Data          36  main.o(.bss)
    hcan                                     0x20000334   Data          64  can.o(.bss)
    hsdadc1                                  0x20000374   Data          68  sdadc.o(.bss)
    hdac1                                    0x200003b8   Data          20  dac.o(.bss)
    __initial_sp                             0x200007d0   Data           0  startup_stm32f373xc.o(STACK)



==============================================================================

Memory Map of the image

  Image Entry point : 0x08000189

  Load Region LR_IROM1 (Base: 0x08000000, Size: 0x00004be8, Max: 0x00040000, ABSOLUTE)

    Execution Region ER_IROM1 (Base: 0x08000000, Size: 0x00004b70, Max: 0x00040000, ABSOLUTE)

    Base Addr    Size         Type   Attr      Idx    E Section Name        Object

    0x08000000   0x00000188   Data   RO         5806    RESET               startup_stm32f373xc.o
    0x08000188   0x00000000   Code   RO         5860  * .ARM.Collect$$$$00000000  mc_w.l(entry.o)
    0x08000188   0x00000004   Code   RO         6146    .ARM.Collect$$$$00000001  mc_w.l(entry2.o)
    0x0800018c   0x00000004   Code   RO         6149    .ARM.Collect$$$$00000004  mc_w.l(entry5.o)
    0x08000190   0x00000000   Code   RO         6151    .ARM.Collect$$$$00000008  mc_w.l(entry7b.o)
    0x08000190   0x00000000   Code   RO         6153    .ARM.Collect$$$$0000000A  mc_w.l(entry8b.o)
    0x08000190   0x00000008   Code   RO         6154    .ARM.Collect$$$$0000000B  mc_w.l(entry9a.o)
    0x08000198   0x00000000   Code   RO         6156    .ARM.Collect$$$$0000000D  mc_w.l(entry10a.o)
    0x08000198   0x00000000   Code   RO         6158    .ARM.Collect$$$$0000000F  mc_w.l(entry11a.o)
    0x08000198   0x00000004   Code   RO         6147    .ARM.Collect$$$$00002712  mc_w.l(entry2.o)
    0x0800019c   0x000000ba   Code   RO            1    .emb_text           port.o
    0x08000256   0x00000002   PAD
    0x08000258   0x00000024   Code   RO         5807    .text               startup_stm32f373xc.o
    0x0800027c   0x00000038   Code   RO         5814    .text               arm_cortexM4lf_math.lib(arm_pid_init_f32.o)
    0x080002b4   0x00000020   Code   RO         5863    .text               mc_w.l(llushr.o)
    0x080002d4   0x0000014e   Code   RO         6132    .text               mf_w.l(dadd.o)
    0x08000422   0x000000e4   Code   RO         6134    .text               mf_w.l(dmul.o)
    0x08000506   0x000000de   Code   RO         6136    .text               mf_w.l(ddiv.o)
    0x080005e4   0x0000001a   Code   RO         6138    .text               mf_w.l(dfltui.o)
    0x080005fe   0x00000032   Code   RO         6140    .text               mf_w.l(dfixui.o)
    0x08000630   0x00000026   Code   RO         6142    .text               mf_w.l(f2d.o)
    0x08000656   0x00000038   Code   RO         6144    .text               mf_w.l(d2f.o)
    0x0800068e   0x0000002c   Code   RO         6160    .text               mc_w.l(uidiv.o)
    0x080006ba   0x00000062   Code   RO         6162    .text               mc_w.l(uldiv.o)
    0x0800071c   0x0000001e   Code   RO         6164    .text               mc_w.l(llshl.o)
    0x0800073a   0x00000024   Code   RO         6166    .text               mc_w.l(llsshr.o)
    0x0800075e   0x00000000   Code   RO         6168    .text               mc_w.l(iusefp.o)
    0x0800075e   0x0000006e   Code   RO         6169    .text               mf_w.l(fepilogue.o)
    0x080007cc   0x000000ba   Code   RO         6171    .text               mf_w.l(depilogue.o)
    0x08000886   0x00000030   Code   RO         6173    .text               mf_w.l(dfixul.o)
    0x080008b6   0x00000002   PAD
    0x080008b8   0x00000030   Code   RO         6175    .text               mf_w.l(cdrcmple.o)
    0x080008e8   0x00000024   Code   RO         6177    .text               mc_w.l(init.o)
    0x0800090c   0x00000052   Code   RO         5459    i.ADC_ConversionStop_Disable  stm32f3xx_hal_adc_ex.o
    0x0800095e   0x00000052   Code   RO         5460    i.ADC_DMAConvCplt   stm32f3xx_hal_adc_ex.o
    0x080009b0   0x0000001e   Code   RO         5461    i.ADC_DMAError      stm32f3xx_hal_adc_ex.o
    0x080009ce   0x0000000e   Code   RO         5462    i.ADC_DMAHalfConvCplt  stm32f3xx_hal_adc_ex.o
    0x080009dc   0x00000084   Code   RO         5463    i.ADC_Enable        stm32f3xx_hal_adc_ex.o
    0x08000a60   0x00000010   Code   RO         1556    i.DMA1_Channel1_IRQHandler  stm32f3xx_it.o
    0x08000a70   0x00000040   Code   RO         3752    i.DMA_CalcBaseAndBitshift  stm32f3xx_hal_dma.o
    0x08000ab0   0x0000002c   Code   RO         3753    i.DMA_SetConfig     stm32f3xx_hal_dma.o
    0x08000adc   0x00000024   Code   RO         1611    i.Error_Handler     main.o
    0x08000b00   0x000000ee   Code   RO         5464    i.HAL_ADCEx_Calibration_Start  stm32f3xx_hal_adc_ex.o
    0x08000bee   0x00000002   PAD
    0x08000bf0   0x00000154   Code   RO         5474    i.HAL_ADC_ConfigChannel  stm32f3xx_hal_adc_ex.o
    0x08000d44   0x00000002   Code   RO         4490    i.HAL_ADC_ConvCpltCallback  stm32f3xx_hal_adc.o
    0x08000d46   0x00000002   Code   RO         4491    i.HAL_ADC_ConvHalfCpltCallback  stm32f3xx_hal_adc.o
    0x08000d48   0x00000002   Code   RO         4493    i.HAL_ADC_ErrorCallback  stm32f3xx_hal_adc.o
    0x08000d4a   0x00000002   PAD
    0x08000d4c   0x00000144   Code   RO         5478    i.HAL_ADC_Init      stm32f3xx_hal_adc_ex.o
    0x08000e90   0x000000a4   Code   RO         1422    i.HAL_ADC_MspInit   adc.o
    0x08000f34   0x000000e4   Code   RO         5482    i.HAL_ADC_Start_DMA  stm32f3xx_hal_adc_ex.o
    0x08001018   0x00000060   Code   RO         5485    i.HAL_ADC_Stop_DMA  stm32f3xx_hal_adc_ex.o
    0x08001078   0x000001bc   Code   RO         5648    i.HAL_CAN_Init      stm32f3xx_hal_can.o
    0x08001234   0x00000058   Code   RO         1692    i.HAL_CAN_MspInit   can.o
    0x0800128c   0x000000b0   Code   RO         3004    i.HAL_COMP_Init     stm32f3xx_hal_comp.o
    0x0800133c   0x0000002c   Code   RO         1515    i.HAL_COMP_MspInit  comp.o
    0x08001368   0x0000005a   Code   RO         1958    i.HAL_DAC_ConfigChannel  stm32f3xx_hal_dac_ex.o
    0x080013c2   0x00000028   Code   RO         4319    i.HAL_DAC_Init      stm32f3xx_hal_dac.o
    0x080013ea   0x00000002   PAD
    0x080013ec   0x0000004c   Code   RO         1810    i.HAL_DAC_MspInit   dac.o
    0x08001438   0x0000002c   Code   RO         1961    i.HAL_DAC_SetValue  stm32f3xx_hal_dac_ex.o
    0x08001464   0x0000006c   Code   RO         1962    i.HAL_DAC_Start     stm32f3xx_hal_dac_ex.o
    0x080014d0   0x00000038   Code   RO         3754    i.HAL_DMA_Abort     stm32f3xx_hal_dma.o
    0x08001508   0x000000e6   Code   RO         3759    i.HAL_DMA_IRQHandler  stm32f3xx_hal_dma.o
    0x080015ee   0x0000005e   Code   RO         3760    i.HAL_DMA_Init      stm32f3xx_hal_dma.o
    0x0800164c   0x0000009c   Code   RO         3764    i.HAL_DMA_Start_IT  stm32f3xx_hal_dma.o
    0x080016e8   0x00000018   Code   RO         4686    i.HAL_Delay         stm32f3xx_hal.o
    0x08001700   0x000001cc   Code   RO         2937    i.HAL_GPIO_Init     stm32f3xx_hal_gpio.o
    0x080018cc   0x00000008   Code   RO         2940    i.HAL_GPIO_TogglePin  stm32f3xx_hal_gpio.o
    0x080018d4   0x0000000a   Code   RO         2941    i.HAL_GPIO_WritePin  stm32f3xx_hal_gpio.o
    0x080018de   0x00000002   PAD
    0x080018e0   0x0000000c   Code   RO         4690    i.HAL_GetTick       stm32f3xx_hal.o
    0x080018ec   0x00000010   Code   RO         4691    i.HAL_IncTick       stm32f3xx_hal.o
    0x080018fc   0x00000028   Code   RO         4692    i.HAL_Init          stm32f3xx_hal.o
    0x08001924   0x00000084   Code   RO         1381    i.HAL_InitTick      stm32f3xx_hal_timebase_tim.o
    0x080019a8   0x00000078   Code   RO         1466    i.HAL_MspInit       stm32f3xx_hal_msp.o
    0x08001a20   0x0000001a   Code   RO         3406    i.HAL_NVIC_EnableIRQ  stm32f3xx_hal_cortex.o
    0x08001a3a   0x0000007c   Code   RO         3412    i.HAL_NVIC_SetPriority  stm32f3xx_hal_cortex.o
    0x08001ab6   0x00000002   PAD
    0x08001ab8   0x00000028   Code   RO         3413    i.HAL_NVIC_SetPriorityGrouping  stm32f3xx_hal_cortex.o
    0x08001ae0   0x00000034   Code   RO         3121    i.HAL_PWREx_EnableSDADC  stm32f3xx_hal_pwr_ex.o
    0x08001b14   0x0000027c   Code   RO         4640    i.HAL_RCCEx_PeriphCLKConfig  stm32f3xx_hal_rcc_ex.o
    0x08001d90   0x000002ec   Code   RO         3542    i.HAL_RCC_ClockConfig  stm32f3xx_hal_rcc.o
    0x0800207c   0x00000044   Code   RO         3546    i.HAL_RCC_GetClockConfig  stm32f3xx_hal_rcc.o
    0x080020c0   0x0000000c   Code   RO         3547    i.HAL_RCC_GetHCLKFreq  stm32f3xx_hal_rcc.o
    0x080020cc   0x0000002c   Code   RO         3549    i.HAL_RCC_GetPCLK1Freq  stm32f3xx_hal_rcc.o
    0x080020f8   0x0000008c   Code   RO         3551    i.HAL_RCC_GetSysClockFreq  stm32f3xx_hal_rcc.o
    0x08002184   0x00000a00   Code   RO         3554    i.HAL_RCC_OscConfig  stm32f3xx_hal_rcc.o
    0x08002b84   0x00000058   Code   RO         3944    i.HAL_SDADC_CalibrationStart  stm32f3xx_hal_sdadc.o
    0x08002bdc   0x0000004e   Code   RO         3946    i.HAL_SDADC_ConfigChannel  stm32f3xx_hal_sdadc.o
    0x08002c2a   0x00000002   Code   RO         3950    i.HAL_SDADC_ErrorCallback  stm32f3xx_hal_sdadc.o
    0x08002c2c   0x00000008   Code   RO         3953    i.HAL_SDADC_GetValue  stm32f3xx_hal_sdadc.o
    0x08002c34   0x000000b8   Code   RO         3955    i.HAL_SDADC_Init    stm32f3xx_hal_sdadc.o
    0x08002cec   0x00000050   Code   RO         1768    i.HAL_SDADC_MspInit  sdadc.o
    0x08002d3c   0x00000050   Code   RO         3976    i.HAL_SDADC_PollForCalibEvent  stm32f3xx_hal_sdadc.o
    0x08002d8c   0x00000082   Code   RO         3977    i.HAL_SDADC_PollForConversion  stm32f3xx_hal_sdadc.o
    0x08002e0e   0x00000052   Code   RO         3979    i.HAL_SDADC_PrepareChannelConfig  stm32f3xx_hal_sdadc.o
    0x08002e60   0x0000003c   Code   RO         3983    i.HAL_SDADC_SelectRegularTrigger  stm32f3xx_hal_sdadc.o
    0x08002e9c   0x00000026   Code   RO         3984    i.HAL_SDADC_Start   stm32f3xx_hal_sdadc.o
    0x08002ec2   0x00000026   Code   RO         3987    i.HAL_SDADC_Stop    stm32f3xx_hal_sdadc.o
    0x08002ee8   0x000000cc   Code   RO         2618    i.HAL_SPI_Init      stm32f3xx_hal_spi.o
    0x08002fb4   0x000000e0   Code   RO         1217    i.HAL_SPI_MspInit   spi.o
    0x08003094   0x00000028   Code   RO         3415    i.HAL_SYSTICK_CLKSourceConfig  stm32f3xx_hal_cortex.o
    0x080030bc   0x00000034   Code   RO         3417    i.HAL_SYSTICK_Config  stm32f3xx_hal_cortex.o
    0x080030f0   0x00000002   Code   RO         3180    i.HAL_TIMEx_BreakCallback  stm32f3xx_hal_tim_ex.o
    0x080030f2   0x00000002   Code   RO         3181    i.HAL_TIMEx_CommutationCallback  stm32f3xx_hal_tim_ex.o
    0x080030f4   0x00000034   Code   RO         4816    i.HAL_TIM_Base_Init  stm32f3xx_hal_tim.o
    0x08003128   0x00000002   Code   RO         4818    i.HAL_TIM_Base_MspInit  stm32f3xx_hal_tim.o
    0x0800312a   0x0000001e   Code   RO         4821    i.HAL_TIM_Base_Start_IT  stm32f3xx_hal_tim.o
    0x08003148   0x00000002   Code   RO         4845    i.HAL_TIM_IC_CaptureCallback  stm32f3xx_hal_tim.o
    0x0800314a   0x00000196   Code   RO         4858    i.HAL_TIM_IRQHandler  stm32f3xx_hal_tim.o
    0x080032e0   0x00000002   Code   RO         4861    i.HAL_TIM_OC_DelayElapsedCallback  stm32f3xx_hal_tim.o
    0x080032e2   0x00000002   Code   RO         4888    i.HAL_TIM_PWM_PulseFinishedCallback  stm32f3xx_hal_tim.o
    0x080032e4   0x00000012   Code   RO         1612    i.HAL_TIM_PeriodElapsedCallback  main.o
    0x080032f6   0x00000002   Code   RO         4899    i.HAL_TIM_TriggerCallback  stm32f3xx_hal_tim.o
    0x080032f8   0x00000030   Code   RO         1851    i.ITM_SendChar      retarget.o
    0x08003328   0x0000006c   Code   RO         1423    i.MX_ADC1_Init      adc.o
    0x08003394   0x00000044   Code   RO         1693    i.MX_CAN_Init       can.o
    0x080033d8   0x00000038   Code   RO         1516    i.MX_COMP2_Init     comp.o
    0x08003410   0x00000034   Code   RO         1811    i.MX_DAC1_Init      dac.o
    0x08003444   0x00000034   Code   RO         1920    i.MX_DMA_Init       dma.o
    0x08003478   0x00000180   Code   RO         1490    i.MX_GPIO_Init      gpio.o
    0x080035f8   0x00000060   Code   RO         1769    i.MX_SDADC1_Init    sdadc.o
    0x08003658   0x00000054   Code   RO         1218    i.MX_SPI1_Init      spi.o
    0x080036ac   0x00000050   Code   RO         1219    i.MX_SPI2_Init      spi.o
    0x080036fc   0x00000010   Code   RO         3419    i.NVIC_GetPriorityGrouping  stm32f3xx_hal_cortex.o
    0x0800370c   0x00000028   Code   RO         3420    i.NVIC_SetPriority  stm32f3xx_hal_cortex.o
    0x08003734   0x00000038   Code   RO         3995    i.SDADC_EnterInitMode  stm32f3xx_hal_sdadc.o
    0x0800376c   0x0000000e   Code   RO         3996    i.SDADC_ExitInitMode  stm32f3xx_hal_sdadc.o
    0x0800377a   0x00000054   Code   RO         4000    i.SDADC_RegConvStart  stm32f3xx_hal_sdadc.o
    0x080037ce   0x000000ac   Code   RO         4001    i.SDADC_RegConvStop  stm32f3xx_hal_sdadc.o
    0x0800387a   0x00000008   Code   RO         1557    i.SysTick_Handler   stm32f3xx_it.o
    0x08003882   0x0000009c   Code   RO         1613    i.SystemClock_Config  main.o
    0x0800391e   0x00000002   PAD
    0x08003920   0x0000007c   Code   RO         5771    i.SystemInit        system_stm32f3xx.o
    0x0800399c   0x00000010   Code   RO         1558    i.TIM2_IRQHandler   stm32f3xx_it.o
    0x080039ac   0x000000d0   Code   RO         4900    i.TIM_Base_SetConfig  stm32f3xx_hal_tim.o
    0x08003a7c   0x00000020   Code   RO         6104    i.__0printf         mc_w.l(printfa.o)
    0x08003a9c   0x0000000e   Code   RO         6181    i.__scatterload_copy  mc_w.l(handlers.o)
    0x08003aaa   0x00000002   Code   RO         6182    i.__scatterload_null  mc_w.l(handlers.o)
    0x08003aac   0x0000000e   Code   RO         6183    i.__scatterload_zeroinit  mc_w.l(handlers.o)
    0x08003aba   0x00000002   PAD
    0x08003abc   0x00000164   Code   RO         6111    i._fp_digits        mc_w.l(printfa.o)
    0x08003c20   0x000006dc   Code   RO         6112    i._printf_core      mc_w.l(printfa.o)
    0x080042fc   0x00000024   Code   RO         6113    i._printf_post_padding  mc_w.l(printfa.o)
    0x08004320   0x0000002e   Code   RO         6114    i._printf_pre_padding  mc_w.l(printfa.o)
    0x0800434e   0x0000000e   Code   RO         1857    i.fputc             retarget.o
    0x0800435c   0x00000510   Code   RO         1614    i.main              main.o
    0x0800486c   0x00000010   Code   RO          836    i.osSystickHandler  cmsis_os.o
    0x0800487c   0x00000034   Code   RO          478    i.prvResetNextTaskUnblockTime  tasks.o
    0x080048b0   0x00000028   Code   RO         1177    i.uxListRemove      list.o
    0x080048d8   0x00000018   Code   RO         1181    i.vListInsertEnd    list.o
    0x080048f0   0x0000008c   Code   RO          505    i.vTaskSwitchContext  tasks.o
    0x0800497c   0x00000034   Code   RO           10    i.xPortSysTickHandler  port.o
    0x080049b0   0x00000020   Code   RO          511    i.xTaskGetSchedulerState  tasks.o
    0x080049d0   0x00000148   Code   RO          514    i.xTaskIncrementTick  tasks.o
    0x08004b18   0x00000020   Data   RO         3555    .constdata          stm32f3xx_hal_rcc.o
    0x08004b38   0x00000018   Data   RO         5772    .constdata          system_stm32f3xx.o
    0x08004b50   0x00000020   Data   RO         6179    Region$$Table       anon$$obj.o


    Execution Region RW_IRAM1 (Base: 0x20000000, Size: 0x000007d0, Max: 0x00008000, ABSOLUTE)

    Base Addr    Size         Type   Attr      Idx    E Section Name        Object

    0x20000000   0x0000003c   Data   RW          523    .data               tasks.o
    0x2000003c   0x00000020   Data   RW         1616    .data               main.o
    0x2000005c   0x00000014   Data   RW         1858    .data               retarget.o
    0x20000070   0x00000004   Data   RW         4698    .data               stm32f3xx_hal.o
    0x20000074   0x00000004   Data   RW         5773    .data               system_stm32f3xx.o
    0x20000078   0x000000f0   Zero   RW          522    .bss                tasks.o
    0x20000168   0x000000c8   Zero   RW         1220    .bss                spi.o
    0x20000230   0x00000040   Zero   RW         1384    .bss                stm32f3xx_hal_timebase_tim.o
    0x20000270   0x00000074   Zero   RW         1424    .bss                adc.o
    0x200002e4   0x0000002c   Zero   RW         1517    .bss                comp.o
    0x20000310   0x00000024   Zero   RW         1615    .bss                main.o
    0x20000334   0x00000040   Zero   RW         1694    .bss                can.o
    0x20000374   0x00000044   Zero   RW         1770    .bss                sdadc.o
    0x200003b8   0x00000014   Zero   RW         1812    .bss                dac.o
    0x200003cc   0x00000004   PAD
    0x200003d0   0x00000400   Zero   RW         5804    STACK               startup_stm32f373xc.o


==============================================================================

Image component sizes


      Code (inc. data)   RO Data    RW Data    ZI Data      Debug   Object Name

       272         28          0          0        116       1723   adc.o
       156         22          0          0         64       1559   can.o
        16          0          0          0          0        571   cmsis_os.o
       100         14          0          0         44       1516   comp.o
         0          0          0          0          0       5232   croutine.o
       128         16          0          0         20       1557   dac.o
        52          4          0          0          0        730   dma.o
       384         20          0          0          0       1083   gpio.o
        64          0          0          0          0       1688   list.o
      1506        370          0         32         36      17375   main.o
       238         22          0          0          0      10790   port.o
         0          0          0          0          0       8084   queue.o
        62          4          0         20          0       3033   retarget.o
       176         20          0          0         68       1631   sdadc.o
       388         36          0          0        200     541194   spi.o
        36          8        392          0       1024        800   startup_stm32f373xc.o
        92         16          0          4          0       3124   stm32f3xx_hal.o
         6          0          0          0          0       2090   stm32f3xx_hal_adc.o
      1566         46          0          0          0       8828   stm32f3xx_hal_adc_ex.o
       444          0          0          0          0       1355   stm32f3xx_hal_can.o
       176          8          0          0          0       1276   stm32f3xx_hal_comp.o
       338         22          0          0          0      31425   stm32f3xx_hal_cortex.o
        40          0          0          0          0       1023   stm32f3xx_hal_dac.o
       242          0          0          0          0       2731   stm32f3xx_hal_dac_ex.o
       644          8          0          0          0       4611   stm32f3xx_hal_dma.o
       478         28          0          0          0       2837   stm32f3xx_hal_gpio.o
       120          6          0          0          0        846   stm32f3xx_hal_msp.o
        52         10          0          0          0       1128   stm32f3xx_hal_pwr_ex.o
      3572         92         32          0          0       6350   stm32f3xx_hal_rcc.o
       636         14          0          0          0       1524   stm32f3xx_hal_rcc_ex.o
      1114         10          0          0          0      11116   stm32f3xx_hal_sdadc.o
       204          0          0          0          0       1207   stm32f3xx_hal_spi.o
       706         42          0          0          0       6198   stm32f3xx_hal_tim.o
         4          0          0          0          0       1566   stm32f3xx_hal_tim_ex.o
       132         12          0          0         64       1468   stm32f3xx_hal_timebase_tim.o
        40         12          0          0          0       1451   stm32f3xx_it.o
       124         20         24          4          0       1151   system_stm32f3xx.o
       552         86          0         60        240       7030   tasks.o

    ----------------------------------------------------------------------
     14874        996        480        120       1880     698901   Object Totals
         0          0         32          0          0          0   (incl. Generated)
        14          0          0          0          4          0   (incl. Padding)

    ----------------------------------------------------------------------

      Code (inc. data)   RO Data    RW Data    ZI Data      Debug   Library Member Name

        56          0          0          0          0      16875   arm_pid_init_f32.o
         0          0          0          0          0          0   entry.o
         0          0          0          0          0          0   entry10a.o
         0          0          0          0          0          0   entry11a.o
         8          4          0          0          0          0   entry2.o
         4          0          0          0          0          0   entry5.o
         0          0          0          0          0          0   entry7b.o
         0          0          0          0          0          0   entry8b.o
         8          4          0          0          0          0   entry9a.o
        30          0          0          0          0          0   handlers.o
        36          8          0          0          0         68   init.o
         0          0          0          0          0          0   iusefp.o
        30          0          0          0          0         68   llshl.o
        36          0          0          0          0         68   llsshr.o
        32          0          0          0          0         68   llushr.o
      2226         90          0          0          0        444   printfa.o
        44          0          0          0          0         80   uidiv.o
        98          0          0          0          0         92   uldiv.o
        48          0          0          0          0         68   cdrcmple.o
        56          0          0          0          0         88   d2f.o
       334          0          0          0          0        148   dadd.o
       222          0          0          0          0        100   ddiv.o
       186          0          0          0          0        176   depilogue.o
        50          0          0          0          0         76   dfixui.o
        48          0          0          0          0         68   dfixul.o
        26          0          0          0          0         76   dfltui.o
       228          0          0          0          0         96   dmul.o
        38          0          0          0          0         68   f2d.o
       110          0          0          0          0        168   fepilogue.o

    ----------------------------------------------------------------------
      3958        106          0          0          0      18895   Library Totals
         4          0          0          0          0          0   (incl. Padding)

    ----------------------------------------------------------------------

      Code (inc. data)   RO Data    RW Data    ZI Data      Debug   Library Name

        56          0          0          0          0      16875   arm_cortexM4lf_math.lib
      2552        106          0          0          0        888   mc_w.l
      1346          0          0          0          0       1132   mf_w.l

    ----------------------------------------------------------------------
      3958        106          0          0          0      18895   Library Totals

    ----------------------------------------------------------------------

==============================================================================


      Code (inc. data)   RO Data    RW Data    ZI Data      Debug   

     18832       1102        480        120       1880     706512   Grand Totals
     18832       1102        480        120       1880     706512   ELF Image Totals
     18832       1102        480        120          0          0   ROM Totals

==============================================================================

    Total RO  Size (Code + RO Data)                19312 (  18.86kB)
    Total RW  Size (RW Data + ZI Data)              2000 (   1.95kB)
    Total ROM Size (Code + RO Data + RW Data)      19432 (  18.98kB)

==============================================================================

