Component: ARM Compiler 5.05 update 1 (build 106) Tool: armlink [4d0efa]

==============================================================================

Section Cross References

    port.o(.emb_text) refers to tasks.o(i.vTaskSwitchContext) for vTaskSwitchContext
    port.o(.emb_text) refers to tasks.o(.data) for pxCurrentTCB
    port.o(i.prvTaskExitError) refers to port.o(.data) for .data
    port.o(i.pxPortInitialiseStack) refers to port.o(i.prvTaskExitError) for prvTaskExitError
    port.o(i.vPortEndScheduler) refers to port.o(.data) for .data
    port.o(i.vPortEnterCritical) refers to port.o(.data) for .data
    port.o(i.vPortExitCritical) refers to port.o(.data) for .data
    port.o(i.vPortSetupTimerInterrupt) refers to system_stm32f3xx.o(.data) for SystemCoreClock
    port.o(i.vPortValidateInterruptPriority) refers to port.o(.emb_text) for vPortGetIPSR
    port.o(i.vPortValidateInterruptPriority) refers to port.o(.data) for .data
    port.o(i.xPortStartScheduler) refers to port.o(i.vPortSetupTimerInterrupt) for vPortSetupTimerInterrupt
    port.o(i.xPortStartScheduler) refers to port.o(.emb_text) for __asm___6_port_c_39a90d8d__prvEnableVFP
    port.o(i.xPortStartScheduler) refers to port.o(.data) for .data
    port.o(i.xPortSysTickHandler) refers to tasks.o(i.xTaskIncrementTick) for xTaskIncrementTick
    heap_4.o(i.prvHeapInit) refers to heap_4.o(.bss) for .bss
    heap_4.o(i.prvHeapInit) refers to heap_4.o(.data) for .data
    heap_4.o(i.prvInsertBlockIntoFreeList) refers to heap_4.o(.data) for .data
    heap_4.o(i.pvPortMalloc) refers to tasks.o(i.vTaskSuspendAll) for vTaskSuspendAll
    heap_4.o(i.pvPortMalloc) refers to heap_4.o(i.prvHeapInit) for prvHeapInit
    heap_4.o(i.pvPortMalloc) refers to heap_4.o(i.prvInsertBlockIntoFreeList) for prvInsertBlockIntoFreeList
    heap_4.o(i.pvPortMalloc) refers to tasks.o(i.xTaskResumeAll) for xTaskResumeAll
    heap_4.o(i.pvPortMalloc) refers to heap_4.o(.data) for .data
    heap_4.o(i.vPortFree) refers to tasks.o(i.vTaskSuspendAll) for vTaskSuspendAll
    heap_4.o(i.vPortFree) refers to heap_4.o(i.prvInsertBlockIntoFreeList) for prvInsertBlockIntoFreeList
    heap_4.o(i.vPortFree) refers to tasks.o(i.xTaskResumeAll) for xTaskResumeAll
    heap_4.o(i.vPortFree) refers to heap_4.o(.data) for .data
    heap_4.o(i.xPortGetFreeHeapSize) refers to heap_4.o(.data) for .data
    heap_4.o(i.xPortGetMinimumEverFreeHeapSize) refers to heap_4.o(.data) for .data
    queue.o(i.prvCopyDataFromQueue) refers to memcpya.o(.text) for __aeabi_memcpy
    queue.o(i.prvCopyDataToQueue) refers to memcpya.o(.text) for __aeabi_memcpy
    queue.o(i.prvCopyDataToQueue) refers to tasks.o(i.xTaskPriorityDisinherit) for xTaskPriorityDisinherit
    queue.o(i.prvUnlockQueue) refers to port.o(i.vPortEnterCritical) for vPortEnterCritical
    queue.o(i.prvUnlockQueue) refers to tasks.o(i.xTaskRemoveFromEventList) for xTaskRemoveFromEventList
    queue.o(i.prvUnlockQueue) refers to tasks.o(i.vTaskMissedYield) for vTaskMissedYield
    queue.o(i.prvUnlockQueue) refers to port.o(i.vPortExitCritical) for vPortExitCritical
    queue.o(i.uxQueueMessagesWaiting) refers to port.o(i.vPortEnterCritical) for vPortEnterCritical
    queue.o(i.uxQueueMessagesWaiting) refers to port.o(i.vPortExitCritical) for vPortExitCritical
    queue.o(i.uxQueueSpacesAvailable) refers to port.o(i.vPortEnterCritical) for vPortEnterCritical
    queue.o(i.uxQueueSpacesAvailable) refers to port.o(i.vPortExitCritical) for vPortExitCritical
    queue.o(i.vQueueAddToRegistry) refers to queue.o(.bss) for .bss
    queue.o(i.vQueueDelete) refers to queue.o(i.vQueueUnregisterQueue) for vQueueUnregisterQueue
    queue.o(i.vQueueDelete) refers to heap_4.o(i.vPortFree) for vPortFree
    queue.o(i.vQueueUnregisterQueue) refers to queue.o(.bss) for .bss
    queue.o(i.xQueueCreateMutex) refers to heap_4.o(i.pvPortMalloc) for pvPortMalloc
    queue.o(i.xQueueCreateMutex) refers to list.o(i.vListInitialise) for vListInitialise
    queue.o(i.xQueueCreateMutex) refers to queue.o(i.xQueueGenericSend) for xQueueGenericSend
    queue.o(i.xQueueGenericCreate) refers to heap_4.o(i.pvPortMalloc) for pvPortMalloc
    queue.o(i.xQueueGenericCreate) refers to queue.o(i.xQueueGenericReset) for xQueueGenericReset
    queue.o(i.xQueueGenericReceive) refers to tasks.o(i.xTaskGetSchedulerState) for xTaskGetSchedulerState
    queue.o(i.xQueueGenericReceive) refers to port.o(i.vPortEnterCritical) for vPortEnterCritical
    queue.o(i.xQueueGenericReceive) refers to queue.o(i.prvCopyDataFromQueue) for prvCopyDataFromQueue
    queue.o(i.xQueueGenericReceive) refers to tasks.o(i.xTaskRemoveFromEventList) for xTaskRemoveFromEventList
    queue.o(i.xQueueGenericReceive) refers to port.o(i.vPortExitCritical) for vPortExitCritical
    queue.o(i.xQueueGenericReceive) refers to tasks.o(i.pvTaskIncrementMutexHeldCount) for pvTaskIncrementMutexHeldCount
    queue.o(i.xQueueGenericReceive) refers to tasks.o(i.vTaskSetTimeOutState) for vTaskSetTimeOutState
[...]
    Removing stm32f3xx_hal_spi.o(i.HAL_SPI_Receive_DMA), (288 bytes).
    Removing stm32f3xx_hal_spi.o(i.HAL_SPI_Receive_IT), (256 bytes).
    Removing stm32f3xx_hal_spi.o(i.HAL_SPI_RxCpltCallback), (2 bytes).
    Removing stm32f3xx_hal_spi.o(i.HAL_SPI_RxHalfCpltCallback), (2 bytes).
    Removing stm32f3xx_hal_spi.o(i.HAL_SPI_Transmit), (364 bytes).
    Removing stm32f3xx_hal_spi.o(i.HAL_SPI_TransmitReceive), (698 bytes).
    Removing stm32f3xx_hal_spi.o(i.HAL_SPI_TransmitReceive_DMA), (436 bytes).
    Removing stm32f3xx_hal_spi.o(i.HAL_SPI_TransmitReceive_IT), (268 bytes).
    Removing stm32f3xx_hal_spi.o(i.HAL_SPI_Transmit_DMA), (268 bytes).
    Removing stm32f3xx_hal_spi.o(i.HAL_SPI_Transmit_IT), (176 bytes).
    Removing stm32f3xx_hal_spi.o(i.HAL_SPI_TxCpltCallback), (2 bytes).
    Removing stm32f3xx_hal_spi.o(i.HAL_SPI_TxHalfCpltCallback), (2 bytes).
    Removing stm32f3xx_hal_spi.o(i.HAL_SPI_TxRxCpltCallback), (2 bytes).
    Removing stm32f3xx_hal_spi.o(i.HAL_SPI_TxRxHalfCpltCallback), (2 bytes).
    Removing stm32f3xx_hal_spi.o(i.SPI_2linesRxISR_16BIT), (72 bytes).
    Removing stm32f3xx_hal_spi.o(i.SPI_2linesRxISR_16BITCRC), (28 bytes).
    Removing stm32f3xx_hal_spi.o(i.SPI_2linesRxISR_8BIT), (124 bytes).
    Removing stm32f3xx_hal_spi.o(i.SPI_2linesRxISR_8BITCRC), (46 bytes).
    Removing stm32f3xx_hal_spi.o(i.SPI_2linesTxISR_16BIT), (76 bytes).
    Removing stm32f3xx_hal_spi.o(i.SPI_2linesTxISR_8BIT), (96 bytes).
    Removing stm32f3xx_hal_spi.o(i.SPI_CloseRxTx_ISR), (108 bytes).
    Removing stm32f3xx_hal_spi.o(i.SPI_CloseRx_ISR), (84 bytes).
    Removing stm32f3xx_hal_spi.o(i.SPI_CloseTx_ISR), (70 bytes).
    Removing stm32f3xx_hal_spi.o(i.SPI_DMAError), (34 bytes).
    Removing stm32f3xx_hal_spi.o(i.SPI_DMAHalfReceiveCplt), (10 bytes).
    Removing stm32f3xx_hal_spi.o(i.SPI_DMAHalfTransmitCplt), (10 bytes).
    Removing stm32f3xx_hal_spi.o(i.SPI_DMAHalfTransmitReceiveCplt), (10 bytes).
    Removing stm32f3xx_hal_spi.o(i.SPI_DMAReceiveCplt), (190 bytes).
    Removing stm32f3xx_hal_spi.o(i.SPI_DMATransmitCplt), (78 bytes).
    Removing stm32f3xx_hal_spi.o(i.SPI_DMATransmitReceiveCplt), (182 bytes).
    Removing stm32f3xx_hal_spi.o(i.SPI_EndRxTransaction), (108 bytes).
    Removing stm32f3xx_hal_spi.o(i.SPI_EndRxTxTransaction), (48 bytes).
    Removing stm32f3xx_hal_spi.o(i.SPI_RxISR_16BIT), (80 bytes).
    Removing stm32f3xx_hal_spi.o(i.SPI_RxISR_16BITCRC), (28 bytes).
    Removing stm32f3xx_hal_spi.o(i.SPI_RxISR_8BIT), (80 bytes).
    Removing stm32f3xx_hal_spi.o(i.SPI_RxISR_8BITCRC), (32 bytes).
    Removing stm32f3xx_hal_spi.o(i.SPI_TxISR_16BIT), (50 bytes).
    Removing stm32f3xx_hal_spi.o(i.SPI_TxISR_8BIT), (48 bytes).
    Removing stm32f3xx_hal_spi.o(i.SPI_WaitFifoStateUntilTimeout), (162 bytes).
    Removing stm32f3xx_hal_spi.o(i.SPI_WaitFlagStateUntilTimeout), (142 bytes).
    Removing stm32f3xx_hal_gpio.o(.rev16_text), (4 bytes).
    Removing stm32f3xx_hal_gpio.o(.revsh_text), (4 bytes).
    Removing stm32f3xx_hal_gpio.o(.rrx_text), (6 bytes).
    Removing stm32f3xx_hal_gpio.o(i.HAL_GPIO_DeInit), (284 bytes).
    Removing stm32f3xx_hal_gpio.o(i.HAL_GPIO_EXTI_Callback), (2 bytes).
    Removing stm32f3xx_hal_gpio.o(i.HAL_GPIO_EXTI_IRQHandler), (24 bytes).
    Removing stm32f3xx_hal_gpio.o(i.HAL_GPIO_LockPin), (34 bytes).
    Removing stm32f3xx_hal_gpio.o(i.HAL_GPIO_ReadPin), (10 bytes).
    Removing stm32f3xx_hal_comp.o(.rev16_text), (4 bytes).
    Removing stm32f3xx_hal_comp.o(.revsh_text), (4 bytes).
    Removing stm32f3xx_hal_comp.o(.rrx_text), (6 bytes).
    Removing stm32f3xx_hal_comp.o(i.HAL_COMP_DeInit), (76 bytes).
    Removing stm32f3xx_hal_comp.o(i.HAL_COMP_GetOutputLevel), (16 bytes).
    Removing stm32f3xx_hal_comp.o(i.HAL_COMP_GetState), (10 bytes).
    Removing stm32f3xx_hal_comp.o(i.HAL_COMP_IRQHandler), (44 bytes).
    Removing stm32f3xx_hal_comp.o(i.HAL_COMP_Lock), (76 bytes).
    Removing stm32f3xx_hal_comp.o(i.HAL_COMP_MspDeInit), (2 bytes).
    Removing stm32f3xx_hal_comp.o(i.HAL_COMP_MspInit), (2 bytes).
    Removing stm32f3xx_hal_comp.o(i.HAL_COMP_Start), (156 bytes).
    Removing stm32f3xx_hal_comp.o(i.HAL_COMP_Start_IT), (156 bytes).
    Removing stm32f3xx_hal_comp.o(i.HAL_COMP_Stop), (100 bytes).
    Removing stm32f3xx_hal_comp.o(i.HAL_COMP_Stop_IT), (44 bytes).
    Removing stm32f3xx_hal_comp.o(i.HAL_COMP_TriggerCallback), (2 bytes).
    Removing stm32f3xx_hal_spi_ex.o(.rev16_text), (4 bytes).
    Removing stm32f3xx_hal_spi_ex.o(.revsh_text), (4 bytes).
    Removing stm32f3xx_hal_spi_ex.o(.rrx_text), (6 bytes).
    Removing stm32f3xx_hal_spi_ex.o(i.HAL_SPIEx_FlushRxFifo), (36 bytes).
    Removing stm32f3xx_hal_pwr_ex.o(.rev16_text), (4 bytes).
    Removing stm32f3xx_hal_pwr_ex.o(.revsh_text), (4 bytes).
    Removing stm32f3xx_hal_pwr_ex.o(.rrx_text), (6 bytes).
    Removing stm32f3xx_hal_pwr_ex.o(i.HAL_PWREx_DisableSDADC), (16 bytes).
    Removing stm32f3xx_hal_pwr_ex.o(i.HAL_PWR_ConfigPVD), (124 bytes).
    Removing stm32f3xx_hal_pwr_ex.o(i.HAL_PWR_DisablePVD), (16 bytes).
    Removing stm32f3xx_hal_pwr_ex.o(i.HAL_PWR_EnablePVD), (16 bytes).
    Removing stm32f3xx_hal_pwr_ex.o(i.HAL_PWR_PVDCallback), (2 bytes).
    Removing stm32f3xx_hal_pwr_ex.o(i.HAL_PWR_PVD_IRQHandler), (28 bytes).
    Removing stm32f3xx_hal_tim_ex.o(.rev16_text), (4 bytes).
    Removing stm32f3xx_hal_tim_ex.o(.revsh_text), (4 bytes).
    Removing stm32f3xx_hal_tim_ex.o(.rrx_text), (6 bytes).
    Removing stm32f3xx_hal_tim_ex.o(i.HAL_TIMEx_ConfigBreakDeadTime), (66 bytes).
    Removing stm32f3xx_hal_tim_ex.o(i.HAL_TIMEx_HallSensor_DeInit), (56 bytes).
    Removing stm32f3xx_hal_tim_ex.o(i.HAL_TIMEx_HallSensor_GetState), (6 bytes).
    Removing stm32f3xx_hal_tim_ex.o(i.HAL_TIMEx_HallSensor_Init), (188 bytes).
    Removing stm32f3xx_hal_tim_ex.o(i.HAL_TIMEx_HallSensor_MspDeInit), (2 bytes).
    Removing stm32f3xx_hal_tim_ex.o(i.HAL_TIMEx_HallSensor_MspInit), (2 bytes).
    Removing stm32f3xx_hal_tim_ex.o(i.HAL_TIMEx_HallSensor_Start), (28 bytes).
    Removing stm32f3xx_hal_tim_ex.o(i.HAL_TIMEx_HallSensor_Start_DMA), (104 bytes).
    Removing stm32f3xx_hal_tim_ex.o(i.HAL_TIMEx_HallSensor_Start_IT), (38 bytes).
    Removing stm32f3xx_hal_tim_ex.o(i.HAL_TIMEx_HallSensor_Stop), (46 bytes).
    Removing stm32f3xx_hal_tim_ex.o(i.HAL_TIMEx_HallSensor_Stop_DMA), (56 bytes).
    Removing stm32f3xx_hal_tim_ex.o(i.HAL_TIMEx_HallSensor_Stop_IT), (56 bytes).
    Removing stm32f3xx_hal_tim_ex.o(i.HAL_TIMEx_MasterConfigSynchronization), (80 bytes).
    Removing stm32f3xx_hal_tim_ex.o(i.HAL_TIMEx_OCN_Start), (36 bytes).
    Removing stm32f3xx_hal_tim_ex.o(i.HAL_TIMEx_OCN_Start_DMA), (220 bytes).
    Removing stm32f3xx_hal_tim_ex.o(i.HAL_TIMEx_OCN_Start_IT), (96 bytes).
    Removing stm32f3xx_hal_tim_ex.o(i.HAL_TIMEx_OCN_Stop), (68 bytes).
    Removing stm32f3xx_hal_tim_ex.o(i.HAL_TIMEx_OCN_Stop_DMA), (124 bytes).
    Removing stm32f3xx_hal_tim_ex.o(i.HAL_TIMEx_OCN_Stop_IT), (134 bytes).
    Removing stm32f3xx_hal_tim_ex.o(i.HAL_TIMEx_OnePulseN_Start), (26 bytes).
    Removing stm32f3xx_hal_tim_ex.o(i.HAL_TIMEx_OnePulseN_Start_IT), (46 bytes).
    Removing stm32f3xx_hal_tim_ex.o(i.HAL_TIMEx_OnePulseN_Stop), (68 bytes).
    Removing stm32f3xx_hal_tim_ex.o(i.HAL_TIMEx_OnePulseN_Stop_IT), (88 bytes).
    Removing stm32f3xx_hal_tim_ex.o(i.HAL_TIMEx_PWMN_Start), (36 bytes).
    Removing stm32f3xx_hal_tim_ex.o(i.HAL_TIMEx_PWMN_Start_DMA), (220 bytes).
    Removing stm32f3xx_hal_tim_ex.o(i.HAL_TIMEx_PWMN_Start_IT), (96 bytes).
    Removing stm32f3xx_hal_tim_ex.o(i.HAL_TIMEx_PWMN_Stop), (68 bytes).
    Removing stm32f3xx_hal_tim_ex.o(i.HAL_TIMEx_PWMN_Stop_DMA), (124 bytes).
    Removing stm32f3xx_hal_tim_ex.o(i.HAL_TIMEx_PWMN_Stop_IT), (134 bytes).
    Removing stm32f3xx_hal_tim_ex.o(i.HAL_TIMEx_RemapConfig), (34 bytes).
    Removing stm32f3xx_hal_tim_ex.o(i.TIMEx_DMACommutationCplt), (16 bytes).
    Removing stm32f3xx_hal_tim_ex.o(i.TIM_CCxNChannelCmd), (22 bytes).
    Removing stm32f3xx_hal_cortex.o(.rev16_text), (4 bytes).
    Removing stm32f3xx_hal_cortex.o(.revsh_text), (4 bytes).
    Removing stm32f3xx_hal_cortex.o(.rrx_text), (6 bytes).
    Removing stm32f3xx_hal_cortex.o(i.HAL_MPU_ConfigRegion), (84 bytes).
    Removing stm32f3xx_hal_cortex.o(i.HAL_NVIC_ClearPendingIRQ), (22 bytes).
    Removing stm32f3xx_hal_cortex.o(i.HAL_NVIC_DisableIRQ), (22 bytes).
    Removing stm32f3xx_hal_cortex.o(i.HAL_NVIC_GetActive), (32 bytes).
    Removing stm32f3xx_hal_cortex.o(i.HAL_NVIC_GetPendingIRQ), (32 bytes).
    Removing stm32f3xx_hal_cortex.o(i.HAL_NVIC_GetPriority), (82 bytes).
    Removing stm32f3xx_hal_cortex.o(i.HAL_NVIC_GetPriorityGrouping), (16 bytes).
    Removing stm32f3xx_hal_cortex.o(i.HAL_NVIC_SetPendingIRQ), (22 bytes).
    Removing stm32f3xx_hal_cortex.o(i.HAL_NVIC_SystemReset), (36 bytes).
    Removing stm32f3xx_hal_cortex.o(i.HAL_SYSTICK_Callback), (2 bytes).
    Removing stm32f3xx_hal_cortex.o(i.HAL_SYSTICK_IRQHandler), (8 bytes).
    Removing stm32f3xx_hal_rcc.o(.rev16_text), (4 bytes).
    Removing stm32f3xx_hal_rcc.o(.revsh_text), (4 bytes).
    Removing stm32f3xx_hal_rcc.o(.rrx_text), (6 bytes).
    Removing stm32f3xx_hal_rcc.o(i.HAL_RCC_CSSCallback), (2 bytes).
    Removing stm32f3xx_hal_rcc.o(i.HAL_RCC_DeInit), (72 bytes).
    Removing stm32f3xx_hal_rcc.o(i.HAL_RCC_DisableCSS), (28 bytes).
    Removing stm32f3xx_hal_rcc.o(i.HAL_RCC_EnableCSS), (24 bytes).
    Removing stm32f3xx_hal_rcc.o(i.HAL_RCC_GetOscConfig), (156 bytes).
    Removing stm32f3xx_hal_rcc.o(i.HAL_RCC_GetPCLK2Freq), (48 bytes).
    Removing stm32f3xx_hal_rcc.o(i.HAL_RCC_MCOConfig), (80 bytes).
    Removing stm32f3xx_hal_rcc.o(i.HAL_RCC_NMI_IRQHandler), (24 bytes).
    Removing stm32f3xx_hal_flash_ex.o(.rev16_text), (4 bytes).
    Removing stm32f3xx_hal_flash_ex.o(.revsh_text), (4 bytes).
    Removing stm32f3xx_hal_flash_ex.o(.rrx_text), (6 bytes).
    Removing stm32f3xx_hal_flash_ex.o(i.FLASH_MassErase), (36 bytes).
    Removing stm32f3xx_hal_flash_ex.o(i.FLASH_OB_DisableWRP), (176 bytes).
    Removing stm32f3xx_hal_flash_ex.o(i.FLASH_OB_EnableWRP), (176 bytes).
    Removing stm32f3xx_hal_flash_ex.o(i.FLASH_OB_GetRDP), (32 bytes).
    Removing stm32f3xx_hal_flash_ex.o(i.FLASH_OB_RDP_LevelConfig), (100 bytes).
    Removing stm32f3xx_hal_flash_ex.o(i.FLASH_PageErase), (36 bytes).
    Removing stm32f3xx_hal_flash_ex.o(i.HAL_FLASHEx_Erase), (168 bytes).
    Removing stm32f3xx_hal_flash_ex.o(i.HAL_FLASHEx_Erase_IT), (84 bytes).
    Removing stm32f3xx_hal_flash_ex.o(i.HAL_FLASHEx_OBErase), (84 bytes).
    Removing stm32f3xx_hal_flash_ex.o(i.HAL_FLASHEx_OBGetConfig), (48 bytes).
    Removing stm32f3xx_hal_flash_ex.o(i.HAL_FLASHEx_OBGetUserData), (48 bytes).
    Removing stm32f3xx_hal_flash_ex.o(i.HAL_FLASHEx_OBProgram), (200 bytes).
    Removing stm32f3xx_hal_dma.o(.rev16_text), (4 bytes).
    Removing stm32f3xx_hal_dma.o(.revsh_text), (4 bytes).
    Removing stm32f3xx_hal_dma.o(.rrx_text), (6 bytes).
    Removing stm32f3xx_hal_dma.o(i.DMA_SetConfig), (30 bytes).
    Removing stm32f3xx_hal_dma.o(i.HAL_DMA_Abort), (86 bytes).
    Removing stm32f3xx_hal_dma.o(i.HAL_DMA_Abort_IT), (304 bytes).
    Removing stm32f3xx_hal_dma.o(i.HAL_DMA_DeInit), (672 bytes).
    Removing stm32f3xx_hal_dma.o(i.HAL_DMA_GetError), (4 bytes).
    Removing stm32f3xx_hal_dma.o(i.HAL_DMA_GetState), (6 bytes).
    Removing stm32f3xx_hal_dma.o(i.HAL_DMA_IRQHandler), (1208 bytes).
    Removing stm32f3xx_hal_dma.o(i.HAL_DMA_Init), (80 bytes).
    Removing stm32f3xx_hal_dma.o(i.HAL_DMA_PollForTransfer), (1148 bytes).
    Removing stm32f3xx_hal_dma.o(i.HAL_DMA_Start), (58 bytes).
    Removing stm32f3xx_hal_dma.o(i.HAL_DMA_Start_IT), (88 bytes).
    Removing stm32f3xx_hal_pwr.o(.rev16_text), (4 bytes).
    Removing stm32f3xx_hal_pwr.o(.revsh_text), (4 bytes).
    Removing stm32f3xx_hal_pwr.o(.rrx_text), (6 bytes).
    Removing stm32f3xx_hal_pwr.o(i.HAL_PWR_DeInit), (24 bytes).
    Removing stm32f3xx_hal_pwr.o(i.HAL_PWR_DisableBkUpAccess), (16 bytes).
    Removing stm32f3xx_hal_pwr.o(i.HAL_PWR_DisableSEVOnPend), (16 bytes).
    Removing stm32f3xx_hal_pwr.o(i.HAL_PWR_DisableSleepOnExit), (16 bytes).
    Removing stm32f3xx_hal_pwr.o(i.HAL_PWR_DisableWakeUpPin), (16 bytes).
    Removing stm32f3xx_hal_pwr.o(i.HAL_PWR_EnableBkUpAccess), (16 bytes).
    Removing stm32f3xx_hal_pwr.o(i.HAL_PWR_EnableSEVOnPend), (16 bytes).
    Removing stm32f3xx_hal_pwr.o(i.HAL_PWR_EnableSleepOnExit), (16 bytes).
    Removing stm32f3xx_hal_pwr.o(i.HAL_PWR_EnableWakeUpPin), (16 bytes).
    Removing stm32f3xx_hal_pwr.o(i.HAL_PWR_EnterSLEEPMode), (32 bytes).
    Removing stm32f3xx_hal_pwr.o(i.HAL_PWR_EnterSTANDBYMode), (32 bytes).
    Removing stm32f3xx_hal_pwr.o(i.HAL_PWR_EnterSTOPMode), (56 bytes).
    Removing stm32f3xx_hal_sdadc.o(.rev16_text), (4 bytes).
    Removing stm32f3xx_hal_sdadc.o(.revsh_text), (4 bytes).
    Removing stm32f3xx_hal_sdadc.o(.rrx_text), (6 bytes).
    Removing stm32f3xx_hal_sdadc.o(i.HAL_SDADC_AssociateChannelConfig), (96 bytes).
    Removing stm32f3xx_hal_sdadc.o(i.HAL_SDADC_CalibrationCpltCallback), (2 bytes).
    Removing stm32f3xx_hal_sdadc.o(i.HAL_SDADC_CalibrationStart), (82 bytes).
    Removing stm32f3xx_hal_sdadc.o(i.HAL_SDADC_CalibrationStart_IT), (92 bytes).
    Removing stm32f3xx_hal_sdadc.o(i.HAL_SDADC_ConfigChannel), (54 bytes).
    Removing stm32f3xx_hal_sdadc.o(i.HAL_SDADC_ConvCpltCallback), (2 bytes).
    Removing stm32f3xx_hal_sdadc.o(i.HAL_SDADC_ConvHalfCpltCallback), (2 bytes).
    Removing stm32f3xx_hal_sdadc.o(i.HAL_SDADC_DeInit), (70 bytes).
    Removing stm32f3xx_hal_sdadc.o(i.HAL_SDADC_ErrorCallback), (2 bytes).
    Removing stm32f3xx_hal_sdadc.o(i.HAL_SDADC_GetError), (4 bytes).
    Removing stm32f3xx_hal_sdadc.o(i.HAL_SDADC_GetState), (6 bytes).
    Removing stm32f3xx_hal_sdadc.o(i.HAL_SDADC_GetValue), (6 bytes).
    Removing stm32f3xx_hal_sdadc.o(i.HAL_SDADC_IRQHandler), (240 bytes).
    Removing stm32f3xx_hal_sdadc.o(i.HAL_SDADC_InjectedConfigChannel), (72 bytes).
    Removing stm32f3xx_hal_sdadc.o(i.HAL_SDADC_InjectedConvCpltCallback), (2 bytes).
    Removing stm32f3xx_hal_sdadc.o(i.HAL_SDADC_InjectedConvHalfCpltCallback), (2 bytes).
    Removing stm32f3xx_hal_sdadc.o(i.HAL_SDADC_InjectedGetValue), (14 bytes).
    Removing stm32f3xx_hal_sdadc.o(i.HAL_SDADC_InjectedMultiModeConfigChannel), (44 bytes).
    Removing stm32f3xx_hal_sdadc.o(i.HAL_SDADC_InjectedMultiModeGetValue), (14 bytes).
    Removing stm32f3xx_hal_sdadc.o(i.HAL_SDADC_InjectedMultiModeStart_DMA), (160 bytes).
    Removing stm32f3xx_hal_sdadc.o(i.HAL_SDADC_InjectedMultiModeStop_DMA), (68 bytes).
    Removing stm32f3xx_hal_sdadc.o(i.HAL_SDADC_InjectedStart), (20 bytes).
    Removing stm32f3xx_hal_sdadc.o(i.HAL_SDADC_InjectedStart_DMA), (140 bytes).
    Removing stm32f3xx_hal_sdadc.o(i.HAL_SDADC_InjectedStart_IT), (30 bytes).
    Removing stm32f3xx_hal_sdadc.o(i.HAL_SDADC_InjectedStop), (20 bytes).
    Removing stm32f3xx_hal_sdadc.o(i.HAL_SDADC_InjectedStop_DMA), (56 bytes).
    Removing stm32f3xx_hal_sdadc.o(i.HAL_SDADC_InjectedStop_IT), (30 bytes).
    Removing stm32f3xx_hal_sdadc.o(i.HAL_SDADC_MspDeInit), (2 bytes).
    Removing stm32f3xx_hal_sdadc.o(i.HAL_SDADC_MspInit), (2 bytes).
    Removing stm32f3xx_hal_sdadc.o(i.HAL_SDADC_MultiModeConfigChannel), (44 bytes).
    Removing stm32f3xx_hal_sdadc.o(i.HAL_SDADC_MultiModeGetValue), (14 bytes).
    Removing stm32f3xx_hal_sdadc.o(i.HAL_SDADC_MultiModeStart_DMA), (156 bytes).
    Removing stm32f3xx_hal_sdadc.o(i.HAL_SDADC_MultiModeStop_DMA), (68 bytes).
    Removing stm32f3xx_hal_sdadc.o(i.HAL_SDADC_PollForCalibEvent), (74 bytes).
    Removing stm32f3xx_hal_sdadc.o(i.HAL_SDADC_PollForConversion), (116 bytes).
    Removing stm32f3xx_hal_sdadc.o(i.HAL_SDADC_PollForInjectedConversion), (136 bytes).
    Removing stm32f3xx_hal_sdadc.o(i.HAL_SDADC_PrepareChannelConfig), (80 bytes).
    Removing stm32f3xx_hal_sdadc.o(i.HAL_SDADC_SelectInjectedDelay), (66 bytes).
    Removing stm32f3xx_hal_sdadc.o(i.HAL_SDADC_SelectInjectedExtTrigger), (74 bytes).
    Removing stm32f3xx_hal_sdadc.o(i.HAL_SDADC_SelectInjectedTrigger), (48 bytes).
    Removing stm32f3xx_hal_sdadc.o(i.HAL_SDADC_SelectRegularTrigger), (48 bytes).
    Removing stm32f3xx_hal_sdadc.o(i.HAL_SDADC_Start), (20 bytes).
    Removing stm32f3xx_hal_sdadc.o(i.HAL_SDADC_Start_DMA), (136 bytes).
    Removing stm32f3xx_hal_sdadc.o(i.HAL_SDADC_Start_IT), (30 bytes).
    Removing stm32f3xx_hal_sdadc.o(i.HAL_SDADC_Stop), (20 bytes).
    Removing stm32f3xx_hal_sdadc.o(i.HAL_SDADC_Stop_DMA), (56 bytes).
    Removing stm32f3xx_hal_sdadc.o(i.HAL_SDADC_Stop_IT), (30 bytes).
    Removing stm32f3xx_hal_sdadc.o(i.SDADC_DMAError), (14 bytes).
    Removing stm32f3xx_hal_sdadc.o(i.SDADC_DMAInjectedConvCplt), (10 bytes).
    Removing stm32f3xx_hal_sdadc.o(i.SDADC_DMAInjectedHalfConvCplt), (10 bytes).
    Removing stm32f3xx_hal_sdadc.o(i.SDADC_DMARegularConvCplt), (10 bytes).
    Removing stm32f3xx_hal_sdadc.o(i.SDADC_DMARegularHalfConvCplt), (10 bytes).
    Removing stm32f3xx_hal_sdadc.o(i.SDADC_EnterInitMode), (50 bytes).
    Removing stm32f3xx_hal_sdadc.o(i.SDADC_ExitInitMode), (12 bytes).
    Removing stm32f3xx_hal_sdadc.o(i.SDADC_InjConvStart), (98 bytes).
    Removing stm32f3xx_hal_sdadc.o(i.SDADC_InjConvStop), (160 bytes).
    Removing stm32f3xx_hal_sdadc.o(i.SDADC_RegConvStart), (80 bytes).
    Removing stm32f3xx_hal_sdadc.o(i.SDADC_RegConvStop), (144 bytes).
    Removing stm32f3xx_hal_dac.o(.rev16_text), (4 bytes).
    Removing stm32f3xx_hal_dac.o(.revsh_text), (4 bytes).
    Removing stm32f3xx_hal_dac.o(.rrx_text), (6 bytes).
    Removing stm32f3xx_hal_dac.o(i.HAL_DACEx_DualGetValue), (4 bytes).
    Removing stm32f3xx_hal_dac.o(i.HAL_DACEx_DualSetValue), (4 bytes).
    Removing stm32f3xx_hal_dac.o(i.HAL_DAC_ConfigChannel), (4 bytes).
    Removing stm32f3xx_hal_dac.o(i.HAL_DAC_ConvCpltCallbackCh1), (2 bytes).
    Removing stm32f3xx_hal_dac.o(i.HAL_DAC_ConvHalfCpltCallbackCh1), (2 bytes).
    Removing stm32f3xx_hal_dac.o(i.HAL_DAC_DMAUnderrunCallbackCh1), (2 bytes).
    Removing stm32f3xx_hal_dac.o(i.HAL_DAC_DeInit), (30 bytes).
    Removing stm32f3xx_hal_dac.o(i.HAL_DAC_ErrorCallbackCh1), (2 bytes).
    Removing stm32f3xx_hal_dac.o(i.HAL_DAC_GetError), (4 bytes).
    Removing stm32f3xx_hal_dac.o(i.HAL_DAC_GetState), (4 bytes).
    Removing stm32f3xx_hal_dac.o(i.HAL_DAC_GetValue), (4 bytes).
    Removing stm32f3xx_hal_dac.o(i.HAL_DAC_MspDeInit), (2 bytes).
    Removing stm32f3xx_hal_dac.o(i.HAL_DAC_MspInit), (2 bytes).
    Removing stm32f3xx_hal_dac.o(i.HAL_DAC_SetValue), (4 bytes).
    Removing stm32f3xx_hal_dac.o(i.HAL_DAC_Start), (4 bytes).
    Removing stm32f3xx_hal_dac.o(i.HAL_DAC_Stop), (22 bytes).
    Removing stm32f3xx_hal_dac.o(i.HAL_DAC_Stop_DMA), (78 bytes).
    Removing stm32f3xx_hal_i2c_ex.o(.rev16_text), (4 bytes).
    Removing stm32f3xx_hal_i2c_ex.o(.revsh_text), (4 bytes).
    Removing stm32f3xx_hal_i2c_ex.o(.rrx_text), (6 bytes).
    Removing stm32f3xx_hal_i2c_ex.o(i.HAL_I2CEx_ConfigAnalogFilter), (86 bytes).
    Removing stm32f3xx_hal_i2c_ex.o(i.HAL_I2CEx_ConfigDigitalFilter), (82 bytes).
    Removing stm32f3xx_hal_i2c_ex.o(i.HAL_I2CEx_DisableFastModePlus), (40 bytes).
    Removing stm32f3xx_hal_i2c_ex.o(i.HAL_I2CEx_DisableWakeUp), (78 bytes).
    Removing stm32f3xx_hal_i2c_ex.o(i.HAL_I2CEx_EnableFastModePlus), (40 bytes).
    Removing stm32f3xx_hal_i2c_ex.o(i.HAL_I2CEx_EnableWakeUp), (78 bytes).
    Removing stm32f3xx_hal_adc.o(.rev16_text), (4 bytes).
    Removing stm32f3xx_hal_adc.o(.revsh_text), (4 bytes).
    Removing stm32f3xx_hal_adc.o(.rrx_text), (6 bytes).
    Removing stm32f3xx_hal_adc.o(i.HAL_ADC_AnalogWDGConfig), (4 bytes).
    Removing stm32f3xx_hal_adc.o(i.HAL_ADC_ConfigChannel), (4 bytes).
    Removing stm32f3xx_hal_adc.o(i.HAL_ADC_ConvCpltCallback), (2 bytes).
    Removing stm32f3xx_hal_adc.o(i.HAL_ADC_ConvHalfCpltCallback), (2 bytes).
    Removing stm32f3xx_hal_adc.o(i.HAL_ADC_DeInit), (4 bytes).
    Removing stm32f3xx_hal_adc.o(i.HAL_ADC_ErrorCallback), (2 bytes).
    Removing stm32f3xx_hal_adc.o(i.HAL_ADC_GetError), (4 bytes).
    Removing stm32f3xx_hal_adc.o(i.HAL_ADC_GetState), (4 bytes).
    Removing stm32f3xx_hal_adc.o(i.HAL_ADC_GetValue), (6 bytes).
    Removing stm32f3xx_hal_adc.o(i.HAL_ADC_IRQHandler), (2 bytes).
    Removing stm32f3xx_hal_adc.o(i.HAL_ADC_Init), (4 bytes).
    Removing stm32f3xx_hal_adc.o(i.HAL_ADC_LevelOutOfWindowCallback), (2 bytes).
    Removing stm32f3xx_hal_adc.o(i.HAL_ADC_MspDeInit), (2 bytes).
    Removing stm32f3xx_hal_adc.o(i.HAL_ADC_MspInit), (2 bytes).
    Removing stm32f3xx_hal_adc.o(i.HAL_ADC_PollForConversion), (4 bytes).
    Removing stm32f3xx_hal_adc.o(i.HAL_ADC_PollForEvent), (4 bytes).
    Removing stm32f3xx_hal_adc.o(i.HAL_ADC_Start), (4 bytes).
    Removing stm32f3xx_hal_adc.o(i.HAL_ADC_Start_DMA), (4 bytes).
    Removing stm32f3xx_hal_adc.o(i.HAL_ADC_Start_IT), (4 bytes).
    Removing stm32f3xx_hal_adc.o(i.HAL_ADC_Stop), (4 bytes).
    Removing stm32f3xx_hal_adc.o(i.HAL_ADC_Stop_DMA), (4 bytes).
    Removing stm32f3xx_hal_adc.o(i.HAL_ADC_Stop_IT), (4 bytes).
    Removing stm32f3xx_hal_rcc_ex.o(.rev16_text), (4 bytes).
    Removing stm32f3xx_hal_rcc_ex.o(.revsh_text), (4 bytes).
    Removing stm32f3xx_hal_rcc_ex.o(.rrx_text), (6 bytes).
    Removing stm32f3xx_hal_rcc_ex.o(i.HAL_RCCEx_GetPeriphCLKConfig), (132 bytes).
    Removing stm32f3xx_hal_rcc_ex.o(i.HAL_RCCEx_GetPeriphCLKFreq), (428 bytes).
    Removing stm32f3xx_hal_rcc_ex.o(i.RCC_GetPLLCLKFreq), (60 bytes).
    Removing stm32f3xx_hal.o(.rev16_text), (4 bytes).
    Removing stm32f3xx_hal.o(.revsh_text), (4 bytes).
    Removing stm32f3xx_hal.o(.rrx_text), (6 bytes).
    Removing stm32f3xx_hal.o(i.HAL_DBGMCU_DisableDBGSleepMode), (16 bytes).
    Removing stm32f3xx_hal.o(i.HAL_DBGMCU_DisableDBGStandbyMode), (16 bytes).
    Removing stm32f3xx_hal.o(i.HAL_DBGMCU_DisableDBGStopMode), (16 bytes).
    Removing stm32f3xx_hal.o(i.HAL_DBGMCU_EnableDBGSleepMode), (16 bytes).
    Removing stm32f3xx_hal.o(i.HAL_DBGMCU_EnableDBGStandbyMode), (16 bytes).
    Removing stm32f3xx_hal.o(i.HAL_DBGMCU_EnableDBGStopMode), (16 bytes).
    Removing stm32f3xx_hal.o(i.HAL_DeInit), (36 bytes).
    Removing stm32f3xx_hal.o(i.HAL_GetDEVID), (16 bytes).
    Removing stm32f3xx_hal.o(i.HAL_GetHalVersion), (8 bytes).
    Removing stm32f3xx_hal.o(i.HAL_GetREVID), (12 bytes).
    Removing stm32f3xx_hal.o(i.HAL_InitTick), (40 bytes).
    Removing stm32f3xx_hal.o(i.HAL_MspDeInit), (2 bytes).
    Removing stm32f3xx_hal.o(i.HAL_MspInit), (2 bytes).
    Removing stm32f3xx_hal.o(i.HAL_ResumeTick), (14 bytes).
    Removing stm32f3xx_hal.o(i.HAL_SuspendTick), (14 bytes).
    Removing stm32f3xx_hal_tim.o(.rev16_text), (4 bytes).
    Removing stm32f3xx_hal_tim.o(.revsh_text), (4 bytes).
    Removing stm32f3xx_hal_tim.o(.rrx_text), (6 bytes).
    Removing stm32f3xx_hal_tim.o(i.HAL_TIM_Base_DeInit), (56 bytes).
    Removing stm32f3xx_hal_tim.o(i.HAL_TIM_Base_GetState), (6 bytes).
    Removing stm32f3xx_hal_tim.o(i.HAL_TIM_Base_MspDeInit), (2 bytes).
    Removing stm32f3xx_hal_tim.o(i.HAL_TIM_Base_Start), (26 bytes).
    Removing stm32f3xx_hal_tim.o(i.HAL_TIM_Base_Start_DMA), (92 bytes).
    Removing stm32f3xx_hal_tim.o(i.HAL_TIM_Base_Stop), (44 bytes).
    Removing stm32f3xx_hal_tim.o(i.HAL_TIM_Base_Stop_DMA), (48 bytes).
    Removing stm32f3xx_hal_tim.o(i.HAL_TIM_Base_Stop_IT), (42 bytes).
    Removing stm32f3xx_hal_tim.o(i.HAL_TIM_ConfigClockSource), (242 bytes).
    Removing stm32f3xx_hal_tim.o(i.HAL_TIM_ConfigOCrefClear), (170 bytes).
    Removing stm32f3xx_hal_tim.o(i.HAL_TIM_ConfigTI1Input), (16 bytes).
    Removing stm32f3xx_hal_tim.o(i.HAL_TIM_DMABurst_ReadStart), (260 bytes).
    Removing stm32f3xx_hal_tim.o(i.HAL_TIM_DMABurst_ReadStop), (96 bytes).
    Removing stm32f3xx_hal_tim.o(i.HAL_TIM_DMABurst_WriteStart), (260 bytes).
    Removing stm32f3xx_hal_tim.o(i.HAL_TIM_DMABurst_WriteStop), (96 bytes).
    Removing stm32f3xx_hal_tim.o(i.HAL_TIM_Encoder_DeInit), (56 bytes).
    Removing stm32f3xx_hal_tim.o(i.HAL_TIM_Encoder_GetState), (6 bytes).
    Removing stm32f3xx_hal_tim.o(i.HAL_TIM_Encoder_Init), (150 bytes).
    Removing stm32f3xx_hal_tim.o(i.HAL_TIM_Encoder_MspDeInit), (2 bytes).
    Removing stm32f3xx_hal_tim.o(i.HAL_TIM_Encoder_MspInit), (2 bytes).
    Removing stm32f3xx_hal_tim.o(i.HAL_TIM_Encoder_Start), (52 bytes).
    Removing stm32f3xx_hal_tim.o(i.HAL_TIM_Encoder_Start_DMA), (272 bytes).
    Removing stm32f3xx_hal_tim.o(i.HAL_TIM_Encoder_Start_IT), (92 bytes).
    Removing stm32f3xx_hal_tim.o(i.HAL_TIM_Encoder_Stop), (70 bytes).
    Removing stm32f3xx_hal_tim.o(i.HAL_TIM_Encoder_Stop_DMA), (116 bytes).
    Removing stm32f3xx_hal_tim.o(i.HAL_TIM_Encoder_Stop_IT), (116 bytes).
    Removing stm32f3xx_hal_tim.o(i.HAL_TIM_ErrorCallback), (2 bytes).
    Removing stm32f3xx_hal_tim.o(i.HAL_TIM_GenerateEvent), (38 bytes).
    Removing stm32f3xx_hal_tim.o(i.HAL_TIM_IC_ConfigChannel), (286 bytes).
    Removing stm32f3xx_hal_tim.o(i.HAL_TIM_IC_DeInit), (56 bytes).
    Removing stm32f3xx_hal_tim.o(i.HAL_TIM_IC_GetState), (6 bytes).
    Removing stm32f3xx_hal_tim.o(i.HAL_TIM_IC_Init), (54 bytes).
    Removing stm32f3xx_hal_tim.o(i.HAL_TIM_IC_MspDeInit), (2 bytes).
    Removing stm32f3xx_hal_tim.o(i.HAL_TIM_IC_MspInit), (2 bytes).
    Removing stm32f3xx_hal_tim.o(i.HAL_TIM_IC_Start), (26 bytes).
    Removing stm32f3xx_hal_tim.o(i.HAL_TIM_IC_Start_DMA), (200 bytes).
    Removing stm32f3xx_hal_tim.o(i.HAL_TIM_IC_Start_IT), (76 bytes).
    Removing stm32f3xx_hal_tim.o(i.HAL_TIM_IC_Stop), (44 bytes).
    Removing stm32f3xx_hal_tim.o(i.HAL_TIM_IC_Stop_DMA), (100 bytes).
    Removing stm32f3xx_hal_tim.o(i.HAL_TIM_IC_Stop_IT), (94 bytes).
    Removing stm32f3xx_hal_tim.o(i.HAL_TIM_OC_ConfigChannel), (86 bytes).
    Removing stm32f3xx_hal_tim.o(i.HAL_TIM_OC_DeInit), (56 bytes).
    Removing stm32f3xx_hal_tim.o(i.HAL_TIM_OC_GetState), (6 bytes).
    Removing stm32f3xx_hal_tim.o(i.HAL_TIM_OC_Init), (54 bytes).
    Removing stm32f3xx_hal_tim.o(i.HAL_TIM_OC_MspDeInit), (2 bytes).
    Removing stm32f3xx_hal_tim.o(i.HAL_TIM_OC_MspInit), (2 bytes).
    Removing stm32f3xx_hal_tim.o(i.HAL_TIM_OC_Start), (68 bytes).
    Removing stm32f3xx_hal_tim.o(i.HAL_TIM_OC_Start_DMA), (248 bytes).
    Removing stm32f3xx_hal_tim.o(i.HAL_TIM_OC_Start_IT), (116 bytes).
    Removing stm32f3xx_hal_tim.o(i.HAL_TIM_OC_Stop), (96 bytes).
    Removing stm32f3xx_hal_tim.o(i.HAL_TIM_OC_Stop_DMA), (152 bytes).
    Removing stm32f3xx_hal_tim.o(i.HAL_TIM_OC_Stop_IT), (148 bytes).
    Removing stm32f3xx_hal_tim.o(i.HAL_TIM_OnePulse_ConfigChannel), (218 bytes).
    Removing stm32f3xx_hal_tim.o(i.HAL_TIM_OnePulse_DeInit), (56 bytes).
    Removing stm32f3xx_hal_tim.o(i.HAL_TIM_OnePulse_GetState), (6 bytes).
    Removing stm32f3xx_hal_tim.o(i.HAL_TIM_OnePulse_Init), (74 bytes).
    Removing stm32f3xx_hal_tim.o(i.HAL_TIM_OnePulse_MspDeInit), (2 bytes).
    Removing stm32f3xx_hal_tim.o(i.HAL_TIM_OnePulse_MspInit), (2 bytes).
    Removing stm32f3xx_hal_tim.o(i.HAL_TIM_OnePulse_Start), (68 bytes).
    Removing stm32f3xx_hal_tim.o(i.HAL_TIM_OnePulse_Start_IT), (88 bytes).
    Removing stm32f3xx_hal_tim.o(i.HAL_TIM_OnePulse_Stop), (108 bytes).
    Removing stm32f3xx_hal_tim.o(i.HAL_TIM_OnePulse_Stop_IT), (128 bytes).
    Removing stm32f3xx_hal_tim.o(i.HAL_TIM_PWM_ConfigChannel), (208 bytes).
    Removing stm32f3xx_hal_tim.o(i.HAL_TIM_PWM_DeInit), (56 bytes).
    Removing stm32f3xx_hal_tim.o(i.HAL_TIM_PWM_GetState), (6 bytes).
    Removing stm32f3xx_hal_tim.o(i.HAL_TIM_PWM_Init), (54 bytes).
    Removing stm32f3xx_hal_tim.o(i.HAL_TIM_PWM_MspDeInit), (2 bytes).
    Removing stm32f3xx_hal_tim.o(i.HAL_TIM_PWM_MspInit), (2 bytes).
    Removing stm32f3xx_hal_tim.o(i.HAL_TIM_PWM_Start), (68 bytes).
    Removing stm32f3xx_hal_tim.o(i.HAL_TIM_PWM_Start_DMA), (248 bytes).
    Removing stm32f3xx_hal_tim.o(i.HAL_TIM_PWM_Start_IT), (116 bytes).
    Removing stm32f3xx_hal_tim.o(i.HAL_TIM_PWM_Stop), (104 bytes).
    Removing stm32f3xx_hal_tim.o(i.HAL_TIM_PWM_Stop_DMA), (152 bytes).
    Removing stm32f3xx_hal_tim.o(i.HAL_TIM_PWM_Stop_IT), (148 bytes).
    Removing stm32f3xx_hal_tim.o(i.HAL_TIM_PeriodElapsedCallback), (2 bytes).
    Removing stm32f3xx_hal_tim.o(i.HAL_TIM_ReadCapturedValue), (68 bytes).
    Removing stm32f3xx_hal_tim.o(i.HAL_TIM_SlaveConfigSynchronization), (66 bytes).
    Removing stm32f3xx_hal_tim.o(i.HAL_TIM_SlaveConfigSynchronization_IT), (66 bytes).
    Removing stm32f3xx_hal_tim.o(i.TIM_CCxChannelCmd), (22 bytes).
    Removing stm32f3xx_hal_tim.o(i.TIM_DMACaptureCplt), (62 bytes).
    Removing stm32f3xx_hal_tim.o(i.TIM_DMADelayPulseCplt), (62 bytes).
    Removing stm32f3xx_hal_tim.o(i.TIM_DMAError), (16 bytes).
    Removing stm32f3xx_hal_tim.o(i.TIM_DMAPeriodElapsedCplt), (16 bytes).
    Removing stm32f3xx_hal_tim.o(i.TIM_DMATriggerCplt), (16 bytes).
    Removing stm32f3xx_hal_tim.o(i.TIM_ETR_SetConfig), (20 bytes).
    Removing stm32f3xx_hal_tim.o(i.TIM_ITRx_SetConfig), (16 bytes).
    Removing stm32f3xx_hal_tim.o(i.TIM_OC1_SetConfig), (112 bytes).
    Removing stm32f3xx_hal_tim.o(i.TIM_OC2_SetConfig), (96 bytes).
    Removing stm32f3xx_hal_tim.o(i.TIM_OC3_SetConfig), (92 bytes).
    Removing stm32f3xx_hal_tim.o(i.TIM_OC4_SetConfig), (88 bytes).
    Removing stm32f3xx_hal_tim.o(i.TIM_SlaveTimer_SetConfig), (124 bytes).
    Removing stm32f3xx_hal_tim.o(i.TIM_TI1_ConfigInputStage), (34 bytes).
    Removing stm32f3xx_hal_tim.o(i.TIM_TI1_SetConfig), (120 bytes).
    Removing stm32f3xx_hal_tim.o(i.TIM_TI2_ConfigInputStage), (36 bytes).
    Removing stm32f3xx_hal_tim.o(i.TIM_TI2_SetConfig), (54 bytes).
    Removing stm32f3xx_hal_adc_ex.o(.rev16_text), (4 bytes).
    Removing stm32f3xx_hal_adc_ex.o(.revsh_text), (4 bytes).
    Removing stm32f3xx_hal_adc_ex.o(.rrx_text), (6 bytes).
    Removing stm32f3xx_hal_adc_ex.o(i.ADC_DMAConvCplt), (70 bytes).
    Removing stm32f3xx_hal_adc_ex.o(i.ADC_DMAError), (22 bytes).
    Removing stm32f3xx_hal_adc_ex.o(i.ADC_DMAHalfConvCplt), (6 bytes).
    Removing stm32f3xx_hal_adc_ex.o(i.ADC_Enable), (112 bytes).
    Removing stm32f3xx_hal_adc_ex.o(i.HAL_ADCEx_Calibration_Start), (182 bytes).
    Removing stm32f3xx_hal_adc_ex.o(i.HAL_ADCEx_InjectedConfigChannel), (452 bytes).
    Removing stm32f3xx_hal_adc_ex.o(i.HAL_ADCEx_InjectedConvCpltCallback), (2 bytes).
    Removing stm32f3xx_hal_adc_ex.o(i.HAL_ADCEx_InjectedGetValue), (30 bytes).
    Removing stm32f3xx_hal_adc_ex.o(i.HAL_ADCEx_InjectedPollForConversion), (304 bytes).
    Removing stm32f3xx_hal_adc_ex.o(i.HAL_ADCEx_InjectedStart), (110 bytes).
    Removing stm32f3xx_hal_adc_ex.o(i.HAL_ADCEx_InjectedStart_IT), (122 bytes).
    Removing stm32f3xx_hal_adc_ex.o(i.HAL_ADCEx_InjectedStop), (78 bytes).
    Removing stm32f3xx_hal_adc_ex.o(i.HAL_ADCEx_InjectedStop_IT), (88 bytes).
    Removing stm32f3xx_hal_adc_ex.o(i.HAL_ADC_AnalogWDGConfig), (88 bytes).
    Removing stm32f3xx_hal_adc_ex.o(i.HAL_ADC_DeInit), (248 bytes).
    Removing stm32f3xx_hal_adc_ex.o(i.HAL_ADC_GetValue), (6 bytes).
    Removing stm32f3xx_hal_adc_ex.o(i.HAL_ADC_IRQHandler), (230 bytes).
    Removing stm32f3xx_hal_adc_ex.o(i.HAL_ADC_PollForConversion), (316 bytes).
    Removing stm32f3xx_hal_adc_ex.o(i.HAL_ADC_PollForEvent), (84 bytes).
    Removing stm32f3xx_hal_adc_ex.o(i.HAL_ADC_Start), (130 bytes).
    Removing stm32f3xx_hal_adc_ex.o(i.HAL_ADC_Start_DMA), (196 bytes).
    Removing stm32f3xx_hal_adc_ex.o(i.HAL_ADC_Start_IT), (140 bytes).
    Removing stm32f3xx_hal_adc_ex.o(i.HAL_ADC_Stop), (52 bytes).
    Removing stm32f3xx_hal_adc_ex.o(i.HAL_ADC_Stop_DMA), (76 bytes).
    Removing stm32f3xx_hal_adc_ex.o(i.HAL_ADC_Stop_IT), (62 bytes).
    Removing stm32f3xx_hal_can.o(.rev16_text), (4 bytes).
    Removing stm32f3xx_hal_can.o(.revsh_text), (4 bytes).
    Removing stm32f3xx_hal_can.o(.rrx_text), (6 bytes).
    Removing stm32f3xx_hal_can.o(i.CAN_Receive_IT), (304 bytes).
    Removing stm32f3xx_hal_can.o(i.CAN_Transmit_IT), (96 bytes).
    Removing stm32f3xx_hal_can.o(i.HAL_CAN_ConfigFilter), (240 bytes).
    Removing stm32f3xx_hal_can.o(i.HAL_CAN_DeInit), (34 bytes).
    Removing stm32f3xx_hal_can.o(i.HAL_CAN_ErrorCallback), (2 bytes).
    Removing stm32f3xx_hal_can.o(i.HAL_CAN_GetError), (4 bytes).
    Removing stm32f3xx_hal_can.o(i.HAL_CAN_GetState), (6 bytes).
    Removing stm32f3xx_hal_can.o(i.HAL_CAN_IRQHandler), (348 bytes).
    Removing stm32f3xx_hal_can.o(i.HAL_CAN_MspDeInit), (2 bytes).
    Removing stm32f3xx_hal_can.o(i.HAL_CAN_MspInit), (2 bytes).
    Removing stm32f3xx_hal_can.o(i.HAL_CAN_Receive), (336 bytes).
    Removing stm32f3xx_hal_can.o(i.HAL_CAN_Receive_IT), (138 bytes).
    Removing stm32f3xx_hal_can.o(i.HAL_CAN_RxCpltCallback), (2 bytes).
    Removing stm32f3xx_hal_can.o(i.HAL_CAN_Sleep), (122 bytes).
    Removing stm32f3xx_hal_can.o(i.HAL_CAN_Transmit), (392 bytes).
    Removing stm32f3xx_hal_can.o(i.HAL_CAN_Transmit_IT), (322 bytes).
    Removing stm32f3xx_hal_can.o(i.HAL_CAN_TxCpltCallback), (2 bytes).
    Removing stm32f3xx_hal_can.o(i.HAL_CAN_WakeUp), (110 bytes).
    Removing system_stm32f3xx.o(.rev16_text), (4 bytes).
    Removing system_stm32f3xx.o(.revsh_text), (4 bytes).
    Removing system_stm32f3xx.o(.rrx_text), (6 bytes).
    Removing system_stm32f3xx.o(i.SystemCoreClockUpdate), (112 bytes).
    Removing startup_stm32f373xc.o(HEAP), (512 bytes).

800 unused section(s) (total 58310 bytes) removed from the image.

==============================================================================

Image Symbol Table

    Local Symbols

    Symbol Name                              Value     Ov Type        Size  Object(Section)

    ../Drivers/CMSIS//Device/ST/STM32F3xx/Source/Templates/system_stm32f3xx.c 0x00000000   Number         0  system_stm32f3xx.o ABSOLUTE
    ../Drivers/STM32F3xx_HAL_Driver/Src/stm32f3xx_hal.c 0x00000000   Number         0  stm32f3xx_hal.o ABSOLUTE
    ../Drivers/STM32F3xx_HAL_Driver/Src/stm32f3xx_hal_adc.c 0x00000000   Number         0  stm32f3xx_hal_adc.o ABSOLUTE
    ../Drivers/STM32F3xx_HAL_Driver/Src/stm32f3xx_hal_adc_ex.c 0x00000000   Number         0  stm32f3xx_hal_adc_ex.o ABSOLUTE
    ../Drivers/STM32F3xx_HAL_Driver/Src/stm32f3xx_hal_can.c 0x00000000   Number         0  stm32f3xx_hal_can.o ABSOLUTE
    ../Drivers/STM32F3xx_HAL_Driver/Src/stm32f3xx_hal_comp.c 0x00000000   Number         0  stm32f3xx_hal_comp.o ABSOLUTE
    ../Drivers/STM32F3xx_HAL_Driver/Src/stm32f3xx_hal_cortex.c 0x00000000   Number         0  stm32f3xx_hal_cortex.o ABSOLUTE
    ../Drivers/STM32F3xx_HAL_Driver/Src/stm32f3xx_hal_dac.c 0x00000000   Number         0  stm32f3xx_hal_dac.o ABSOLUTE
    ../Drivers/STM32F3xx_HAL_Driver/Src/stm32f3xx_hal_dac_ex.c 0x00000000   Number         0  stm32f3xx_hal_dac_ex.o ABSOLUTE
    ../Drivers/STM32F3xx_HAL_Driver/Src/stm32f3xx_hal_dma.c 0x00000000   Number         0  stm32f3xx_hal_dma.o ABSOLUTE
    ../Drivers/STM32F3xx_HAL_Driver/Src/stm32f3xx_hal_flash.c 0x00000000   Number         0  stm32f3xx_hal_flash.o ABSOLUTE
    ../Drivers/STM32F3xx_HAL_Driver/Src/stm32f3xx_hal_flash_ex.c 0x00000000   Number         0  stm32f3xx_hal_flash_ex.o ABSOLUTE
    ../Drivers/STM32F3xx_HAL_Driver/Src/stm32f3xx_hal_gpio.c 0x00000000   Number         0  stm32f3xx_hal_gpio.o ABSOLUTE
    ../Drivers/STM32F3xx_HAL_Driver/Src/stm32f3xx_hal_i2c.c 0x00000000   Number         0  stm32f3xx_hal_i2c.o ABSOLUTE
    ../Drivers/STM32F3xx_HAL_Driver/Src/stm32f3xx_hal_i2c_ex.c 0x00000000   Number         0  stm32f3xx_hal_i2c_ex.o ABSOLUTE
    ../Drivers/STM32F3xx_HAL_Driver/Src/stm32f3xx_hal_pwr.c 0x00000000   Number         0  stm32f3xx_hal_pwr.o ABSOLUTE
    ../Drivers/STM32F3xx_HAL_Driver/Src/stm32f3xx_hal_pwr_ex.c 0x00000000   Number         0  stm32f3xx_hal_pwr_ex.o ABSOLUTE
    ../Drivers/STM32F3xx_HAL_Driver/Src/stm32f3xx_hal_rcc.c 0x00000000   Number         0  stm32f3xx_hal_rcc.o ABSOLUTE
    ../Drivers/STM32F3xx_HAL_Driver/Src/stm32f3xx_hal_rcc_ex.c 0x00000000   Number         0  stm32f3xx_hal_rcc_ex.o ABSOLUTE
    ../Drivers/STM32F3xx_HAL_Driver/Src/stm32f3xx_hal_sdadc.c 0x00000000   Number         0  stm32f3xx_hal_sdadc.o ABSOLUTE
    ../Drivers/STM32F3xx_HAL_Driver/Src/stm32f3xx_hal_spi.c 0x00000000   Number         0  stm32f3xx_hal_spi.o ABSOLUTE
    ../Drivers/STM32F3xx_HAL_Driver/Src/stm32f3xx_hal_spi_ex.c 0x00000000   Number         0  stm32f3xx_hal_spi_ex.o ABSOLUTE
    ../Drivers/STM32F3xx_HAL_Driver/Src/stm32f3xx_hal_tim.c 0x00000000   Number         0  stm32f3xx_hal_tim.o ABSOLUTE
    ../Drivers/STM32F3xx_HAL_Driver/Src/stm32f3xx_hal_tim_ex.c 0x00000000   Number         0  stm32f3xx_hal_tim_ex.o ABSOLUTE
    ../Middlewares/Third_Party/FreeRTOS/Source/CMSIS_RTOS/cmsis_os.c 0x00000000   Number         0  cmsis_os.o ABSOLUTE
    ../Middlewares/Third_Party/FreeRTOS/Source/croutine.c 0x00000000   Number         0  croutine.o ABSOLUTE
    ../Middlewares/Third_Party/FreeRTOS/Source/event_groups.c 0x00000000   Number         0  event_groups.o ABSOLUTE
    ../Middlewares/Third_Party/FreeRTOS/Source/list.c 0x00000000   Number         0  list.o ABSOLUTE
    ../Middlewares/Third_Party/FreeRTOS/Source/portable/MemMang/heap_4.c 0x00000000   Number         0  heap_4.o ABSOLUTE
    ../Middlewares/Third_Party/FreeRTOS/Source/portable/RVDS/ARM_CM4F/port.c 0x00000000   Number         0  port.o ABSOLUTE
    ../Middlewares/Third_Party/FreeRTOS/Source/queue.c 0x00000000   Number         0  queue.o ABSOLUTE
    ../Middlewares/Third_Party/FreeRTOS/Source/tasks.c 0x00000000   Number         0  tasks.o ABSOLUTE
    ../Middlewares/Third_Party/FreeRTOS/Source/timers.c 0x00000000   Number         0  timers.o ABSOLUTE
    ../Src/adc.c                             0x00000000   Number         0  adc.o ABSOLUTE
    ../Src/can.c                             0x00000000   Number         0  can.o ABSOLUTE
    ../Src/comp.c                            0x00000000   Number         0  comp.o ABSOLUTE
    ../Src/dac.c                             0x00000000   Number         0  dac.o ABSOLUTE
    ../Src/freertos.c                        0x00000000   Number         0  freertos.o ABSOLUTE
    ../Src/gpio.c                            0x00000000   Number         0  gpio.o ABSOLUTE
    ../Src/main.c                            0x00000000   Number         0  main.o ABSOLUTE
    ../Src/sdadc.c                           0x00000000   Number         0  sdadc.o ABSOLUTE
    ../Src/spi.c                             0x00000000   Number         0  spi.o ABSOLUTE
    ../Src/stm32f3xx_hal_msp.c               0x00000000   Number         0  stm32f3xx_hal_msp.o ABSOLUTE
    ../Src/stm32f3xx_hal_timebase_TIM.c      0x00000000   Number         0  stm32f3xx_hal_timebase_tim.o ABSOLUTE
    ../Src/stm32f3xx_it.c                    0x00000000   Number         0  stm32f3xx_it.o ABSOLUTE
    ../clib/microlib/init/entry.s            0x00000000   Number         0  entry7b.o ABSOLUTE
    ../clib/microlib/init/entry.s            0x00000000   Number         0  entry.o ABSOLUTE
    ../clib/microlib/init/entry.s            0x00000000   Number         0  entry8a.o ABSOLUTE
    ../clib/microlib/init/entry.s            0x00000000   Number         0  entry8b.o ABSOLUTE
    ../clib/microlib/init/entry.s            0x00000000   Number         0  entry9a.o ABSOLUTE
    ../clib/microlib/init/entry.s            0x00000000   Number         0  entry9b.o ABSOLUTE
    ../clib/microlib/init/entry.s            0x00000000   Number         0  entry2.o ABSOLUTE
    ../clib/microlib/init/entry.s            0x00000000   Number         0  entry10a.o ABSOLUTE
    ../clib/microlib/init/entry.s            0x00000000   Number         0  entry10b.o ABSOLUTE
    ../clib/microlib/init/entry.s            0x00000000   Number         0  entry11b.o ABSOLUTE
    ../clib/microlib/init/entry.s            0x00000000   Number         0  entry5.o ABSOLUTE
    ../clib/microlib/init/entry.s            0x00000000   Number         0  entry7a.o ABSOLUTE
    ../clib/microlib/init/entry.s            0x00000000   Number         0  entry11a.o ABSOLUTE
    ../clib/microlib/longlong.c              0x00000000   Number         0  llushr.o ABSOLUTE
    ../clib/microlib/string/memcpy.c         0x00000000   Number         0  memcpya.o ABSOLUTE
    ../clib/microlib/string/memcpy.c         0x00000000   Number         0  memcpyb.o ABSOLUTE
    ../clib/microlib/string/memset.c         0x00000000   Number         0  memseta.o ABSOLUTE
    ..\Drivers\CMSIS\\Device\ST\STM32F3xx\Source\Templates\system_stm32f3xx.c 0x00000000   Number         0  system_stm32f3xx.o ABSOLUTE
    ..\Drivers\STM32F3xx_HAL_Driver\Src\stm32f3xx_hal.c 0x00000000   Number         0  stm32f3xx_hal.o ABSOLUTE
    ..\Drivers\STM32F3xx_HAL_Driver\Src\stm32f3xx_hal_adc.c 0x00000000   Number         0  stm32f3xx_hal_adc.o ABSOLUTE
    ..\Drivers\STM32F3xx_HAL_Driver\Src\stm32f3xx_hal_adc_ex.c 0x00000000   Number         0  stm32f3xx_hal_adc_ex.o ABSOLUTE
    ..\Drivers\STM32F3xx_HAL_Driver\Src\stm32f3xx_hal_can.c 0x00000000   Number         0  stm32f3xx_hal_can.o ABSOLUTE
    ..\Drivers\STM32F3xx_HAL_Driver\Src\stm32f3xx_hal_comp.c 0x00000000   Number         0  stm32f3xx_hal_comp.o ABSOLUTE
    ..\Drivers\STM32F3xx_HAL_Driver\Src\stm32f3xx_hal_cortex.c 0x00000000   Number         0  stm32f3xx_hal_cortex.o ABSOLUTE
    ..\Drivers\STM32F3xx_HAL_Driver\Src\stm32f3xx_hal_dac.c 0x00000000   Number         0  stm32f3xx_hal_dac.o ABSOLUTE
    ..\Drivers\STM32F3xx_HAL_Driver\Src\stm32f3xx_hal_dac_ex.c 0x00000000   Number         0  stm32f3xx_hal_dac_ex.o ABSOLUTE
    ..\Drivers\STM32F3xx_HAL_Driver\Src\stm32f3xx_hal_dma.c 0x00000000   Number         0  stm32f3xx_hal_dma.o ABSOLUTE
    ..\Drivers\STM32F3xx_HAL_Driver\Src\stm32f3xx_hal_flash.c 0x00000000   Number         0  stm32f3xx_hal_flash.o ABSOLUTE
    ..\Drivers\STM32F3xx_HAL_Driver\Src\stm32f3xx_hal_flash_ex.c 0x00000000   Number         0  stm32f3xx_hal_flash_ex.o ABSOLUTE
    ..\Drivers\STM32F3xx_HAL_Driver\Src\stm32f3xx_hal_gpio.c 0x00000000   Number         0  stm32f3xx_hal_gpio.o ABSOLUTE
    ..\Drivers\STM32F3xx_HAL_Driver\Src\stm32f3xx_hal_i2c.c 0x00000000   Number         0  stm32f3xx_hal_i2c.o ABSOLUTE
    ..\Drivers\STM32F3xx_HAL_Driver\Src\stm32f3xx_hal_i2c_ex.c 0x00000000   Number         0  stm32f3xx_hal_i2c_ex.o ABSOLUTE
    ..\Drivers\STM32F3xx_HAL_Driver\Src\stm32f3xx_hal_pwr.c 0x00000000   Number         0  stm32f3xx_hal_pwr.o ABSOLUTE
    ..\Drivers\STM32F3xx_HAL_Driver\Src\stm32f3xx_hal_pwr_ex.c 0x00000000   Number         0  stm32f3xx_hal_pwr_ex.o ABSOLUTE
    ..\Drivers\STM32F3xx_HAL_Driver\Src\stm32f3xx_hal_rcc.c 0x00000000   Number         0  stm32f3xx_hal_rcc.o ABSOLUTE
    ..\Drivers\STM32F3xx_HAL_Driver\Src\stm32f3xx_hal_rcc_ex.c 0x00000000   Number         0  stm32f3xx_hal_rcc_ex.o ABSOLUTE
    ..\Drivers\STM32F3xx_HAL_Driver\Src\stm32f3xx_hal_sdadc.c 0x00000000   Number         0  stm32f3xx_hal_sdadc.o ABSOLUTE
    ..\Drivers\STM32F3xx_HAL_Driver\Src\stm32f3xx_hal_spi.c 0x00000000   Number         0  stm32f3xx_hal_spi.o ABSOLUTE
    ..\Drivers\STM32F3xx_HAL_Driver\Src\stm32f3xx_hal_spi_ex.c 0x00000000   Number         0  stm32f3xx_hal_spi_ex.o ABSOLUTE
    ..\Drivers\STM32F3xx_HAL_Driver\Src\stm32f3xx_hal_tim.c 0x00000000   Number         0  stm32f3xx_hal_tim.o ABSOLUTE
    ..\Drivers\STM32F3xx_HAL_Driver\Src\stm32f3xx_hal_tim_ex.c 0x00000000   Number         0  stm32f3xx_hal_tim_ex.o ABSOLUTE
    ..\Middlewares\Third_Party\FreeRTOS\Source\CMSIS_RTOS\cmsis_os.c 0x00000000   Number         0  cmsis_os.o ABSOLUTE
    ..\Middlewares\Third_Party\FreeRTOS\Source\portable\RVDS\ARM_CM4F\port.c 0x00000000   Number         0  port.o ABSOLUTE
    ..\Src\adc.c                             0x00000000   Number         0  adc.o ABSOLUTE
    ..\Src\can.c                             0x00000000   Number         0  can.o ABSOLUTE
    ..\Src\comp.c                            0x00000000   Number         0  comp.o ABSOLUTE
    ..\Src\dac.c                             0x00000000   Number         0  dac.o ABSOLUTE
    ..\Src\freertos.c                        0x00000000   Number         0  freertos.o ABSOLUTE
    ..\Src\gpio.c                            0x00000000   Number         0  gpio.o ABSOLUTE
    ..\Src\main.c                            0x00000000   Number         0  main.o ABSOLUTE
    ..\Src\sdadc.c                           0x00000000   Number         0  sdadc.o ABSOLUTE
    ..\Src\spi.c                             0x00000000   Number         0  spi.o ABSOLUTE
    ..\Src\stm32f3xx_hal_msp.c               0x00000000   Number         0  stm32f3xx_hal_msp.o ABSOLUTE
    ..\Src\stm32f3xx_hal_timebase_TIM.c      0x00000000   Number         0  stm32f3xx_hal_timebase_tim.o ABSOLUTE
    ..\Src\stm32f3xx_it.c                    0x00000000   Number         0  stm32f3xx_it.o ABSOLUTE
    dc.s                                     0x00000000   Number         0  dc.o ABSOLUTE
    handlers.s                               0x00000000   Number         0  handlers.o ABSOLUTE
    init.s                                   0x00000000   Number         0  init.o ABSOLUTE
    startup_stm32f373xc.s                    0x00000000   Number         0  startup_stm32f373xc.o ABSOLUTE
    RESET                                    0x08000000   Section      392  startup_stm32f373xc.o(RESET)
    .ARM.Collect$$$$00000000                 0x08000188   Section        0  entry.o(.ARM.Collect$$$$00000000)
    .ARM.Collect$$$$00000001                 0x08000188   Section        4  entry2.o(.ARM.Collect$$$$00000001)
    .ARM.Collect$$$$00000004                 0x0800018c   Section        4  entry5.o(.ARM.Collect$$$$00000004)
    .ARM.Collect$$$$00000008                 0x08000190   Section        0  entry7b.o(.ARM.Collect$$$$00000008)
    .ARM.Collect$$$$0000000A                 0x08000190   Section        0  entry8b.o(.ARM.Collect$$$$0000000A)
    .ARM.Collect$$$$0000000B                 0x08000190   Section        8  entry9a.o(.ARM.Collect$$$$0000000B)
    .ARM.Collect$$$$0000000D                 0x08000198   Section        0  entry10a.o(.ARM.Collect$$$$0000000D)
    .ARM.Collect$$$$0000000F                 0x08000198   Section        0  entry11a.o(.ARM.Collect$$$$0000000F)
    .ARM.Collect$$$$00002712                 0x08000198   Section        4  entry2.o(.ARM.Collect$$$$00002712)
    __lit__00000000                          0x08000198   Data           4  entry2.o(.ARM.Collect$$$$00002712)
    .emb_text                                0x0800019c   Section      186  port.o(.emb_text)
    $v0                                      0x0800019c   Number         0  port.o(.emb_text)
    .text                                    0x08000258   Section       36  startup_stm32f373xc.o(.text)
    $v0                                      0x08000258   Number         0  startup_stm32f373xc.o(.text)
    .text                                    0x0800027c   Section       36  init.o(.text)
    i.ADC_ConversionStop_Disable             0x080002a0   Section        0  stm32f3xx_hal_adc_ex.o(i.ADC_ConversionStop_Disable)
    ADC_ConversionStop_Disable               0x080002a1   Thumb Code    76  stm32f3xx_hal_adc_ex.o(i.ADC_ConversionStop_Disable)
    i.Error_Handler                          0x080002ec   Section        0  main.o(i.Error_Handler)
    i.HAL_ADC_ConfigChannel                  0x080002f0   Section        0  stm32f3xx_hal_adc_ex.o(i.HAL_ADC_ConfigChannel)
    i.HAL_ADC_Init                           0x080003e8   Section        0  stm32f3xx_hal_adc_ex.o(i.HAL_ADC_Init)
    i.HAL_ADC_MspInit                        0x08000504   Section        0  adc.o(i.HAL_ADC_MspInit)
    i.HAL_CAN_Init                           0x08000554   Section        0  stm32f3xx_hal_can.o(i.HAL_CAN_Init)
    i.HAL_CAN_MspInit                        0x080006a0   Section        0  can.o(i.HAL_CAN_MspInit)
    i.HAL_COMP_Init                          0x080006ec   Section        0  stm32f3xx_hal_comp.o(i.HAL_COMP_Init)
    i.HAL_COMP_MspInit                       0x08000780   Section        0  comp.o(i.HAL_COMP_MspInit)
    i.HAL_DAC_ConfigChannel                  0x080007ac   Section        0  stm32f3xx_hal_dac_ex.o(i.HAL_DAC_ConfigChannel)
    i.HAL_DAC_Init                           0x080007ee   Section        0  stm32f3xx_hal_dac.o(i.HAL_DAC_Init)
    i.HAL_DAC_MspInit                        0x08000818   Section        0  dac.o(i.HAL_DAC_MspInit)
    i.HAL_Delay                              0x08000858   Section        0  stm32f3xx_hal.o(i.HAL_Delay)
    i.HAL_GPIO_Init                          0x08000870   Section        0  stm32f3xx_hal_gpio.o(i.HAL_GPIO_Init)
    i.HAL_GPIO_TogglePin                     0x080009f8   Section        0  stm32f3xx_hal_gpio.o(i.HAL_GPIO_TogglePin)
    i.HAL_GPIO_WritePin                      0x08000a00   Section        0  stm32f3xx_hal_gpio.o(i.HAL_GPIO_WritePin)
    i.HAL_GetTick                            0x08000a0c   Section        0  stm32f3xx_hal.o(i.HAL_GetTick)
    i.HAL_IncTick                            0x08000a18   Section        0  stm32f3xx_hal.o(i.HAL_IncTick)
    i.HAL_Init                               0x08000a28   Section        0  stm32f3xx_hal.o(i.HAL_Init)
    i.HAL_InitTick                           0x08000a4c   Section        0  stm32f3xx_hal_timebase_tim.o(i.HAL_InitTick)
    i.HAL_MspInit                            0x08000ac0   Section        0  stm32f3xx_hal_msp.o(i.HAL_MspInit)
    i.HAL_NVIC_EnableIRQ                     0x08000b30   Section        0  stm32f3xx_hal_cortex.o(i.HAL_NVIC_EnableIRQ)
    i.HAL_NVIC_SetPriority                   0x08000b48   Section        0  stm32f3xx_hal_cortex.o(i.HAL_NVIC_SetPriority)
    i.HAL_NVIC_SetPriorityGrouping           0x08000b88   Section        0  stm32f3xx_hal_cortex.o(i.HAL_NVIC_SetPriorityGrouping)
    i.HAL_PWREx_EnableSDADC                  0x08000bac   Section        0  stm32f3xx_hal_pwr_ex.o(i.HAL_PWREx_EnableSDADC)
    i.HAL_RCCEx_PeriphCLKConfig              0x08000bd4   Section        0  stm32f3xx_hal_rcc_ex.o(i.HAL_RCCEx_PeriphCLKConfig)
    i.HAL_RCC_ClockConfig                    0x08000da4   Section        0  stm32f3xx_hal_rcc.o(i.HAL_RCC_ClockConfig)
    i.HAL_RCC_GetClockConfig                 0x08000f2c   Section        0  stm32f3xx_hal_rcc.o(i.HAL_RCC_GetClockConfig)
    i.HAL_RCC_GetHCLKFreq                    0x08000f6c   Section        0  stm32f3xx_hal_rcc.o(i.HAL_RCC_GetHCLKFreq)
    i.HAL_RCC_GetPCLK1Freq                   0x08000f78   Section        0  stm32f3xx_hal_rcc.o(i.HAL_RCC_GetPCLK1Freq)
    i.HAL_RCC_GetSysClockFreq                0x08000fa8   Section        0  stm32f3xx_hal_rcc.o(i.HAL_RCC_GetSysClockFreq)
    i.HAL_RCC_OscConfig                      0x0800100c   Section        0  stm32f3xx_hal_rcc.o(i.HAL_RCC_OscConfig)
    i.HAL_SDADC_Init                         0x080015b8   Section        0  stm32f3xx_hal_sdadc.o(i.HAL_SDADC_Init)
    i.HAL_SDADC_MspInit                      0x08001650   Section        0  sdadc.o(i.HAL_SDADC_MspInit)
    i.HAL_SPI_Init                           0x08001694   Section        0  stm32f3xx_hal_spi.o(i.HAL_SPI_Init)
    i.HAL_SPI_MspInit                        0x08001754   Section        0  spi.o(i.HAL_SPI_MspInit)
    i.HAL_SYSTICK_CLKSourceConfig            0x080017d0   Section        0  stm32f3xx_hal_cortex.o(i.HAL_SYSTICK_CLKSourceConfig)
    i.HAL_SYSTICK_Config                     0x080017e8   Section        0  stm32f3xx_hal_cortex.o(i.HAL_SYSTICK_Config)
    i.HAL_TIMEx_BreakCallback                0x08001810   Section        0  stm32f3xx_hal_tim_ex.o(i.HAL_TIMEx_BreakCallback)
    i.HAL_TIMEx_CommutationCallback          0x08001812   Section        0  stm32f3xx_hal_tim_ex.o(i.HAL_TIMEx_CommutationCallback)
    i.HAL_TIM_Base_Init                      0x08001814   Section        0  stm32f3xx_hal_tim.o(i.HAL_TIM_Base_Init)
    i.HAL_TIM_Base_MspInit                   0x0800184a   Section        0  stm32f3xx_hal_tim.o(i.HAL_TIM_Base_MspInit)
    i.HAL_TIM_Base_Start_IT                  0x0800184c   Section        0  stm32f3xx_hal_tim.o(i.HAL_TIM_Base_Start_IT)
    i.HAL_TIM_IC_CaptureCallback             0x08001864   Section        0  stm32f3xx_hal_tim.o(i.HAL_TIM_IC_CaptureCallback)
    i.HAL_TIM_IRQHandler                     0x08001866   Section        0  stm32f3xx_hal_tim.o(i.HAL_TIM_IRQHandler)
    i.HAL_TIM_OC_DelayElapsedCallback        0x080019cc   Section        0  stm32f3xx_hal_tim.o(i.HAL_TIM_OC_DelayElapsedCallback)
    i.HAL_TIM_PWM_PulseFinishedCallback      0x080019ce   Section        0  stm32f3xx_hal_tim.o(i.HAL_TIM_PWM_PulseFinishedCallback)
    i.HAL_TIM_PeriodElapsedCallback          0x080019d0   Section        0  main.o(i.HAL_TIM_PeriodElapsedCallback)
    i.HAL_TIM_TriggerCallback                0x080019de   Section        0  stm32f3xx_hal_tim.o(i.HAL_TIM_TriggerCallback)
    i.MX_ADC1_Init                           0x080019e0   Section        0  adc.o(i.MX_ADC1_Init)
    i.MX_CAN_Init                            0x08001a28   Section        0  can.o(i.MX_CAN_Init)
    i.MX_COMP2_Init                          0x08001a6c   Section        0  comp.o(i.MX_COMP2_Init)
    i.MX_DAC1_Init                           0x08001aa4   Section        0  dac.o(i.MX_DAC1_Init)
    i.MX_GPIO_Init                           0x08001adc   Section        0  gpio.o(i.MX_GPIO_Init)
    i.MX_SDADC1_Init                         0x08001c18   Section        0  sdadc.o(i.MX_SDADC1_Init)
    i.MX_SPI1_Init                           0x08001c44   Section        0  spi.o(i.MX_SPI1_Init)
    i.MX_SPI2_Init                           0x08001c94   Section        0  spi.o(i.MX_SPI2_Init)
    i.NVIC_SetPriority                       0x08001ce4   Section        0  stm32f3xx_hal_cortex.o(i.NVIC_SetPriority)
    NVIC_SetPriority                         0x08001ce5   Thumb Code    32  stm32f3xx_hal_cortex.o(i.NVIC_SetPriority)
    i.SysTick_Handler                        0x08001d04   Section        0  stm32f3xx_it.o(i.SysTick_Handler)
    i.SystemClock_Config                     0x08001d08   Section        0  main.o(i.SystemClock_Config)
    i.SystemInit                             0x08001d90   Section        0  system_stm32f3xx.o(i.SystemInit)
    i.TIM2_IRQHandler                        0x08001df8   Section        0  stm32f3xx_it.o(i.TIM2_IRQHandler)
    i.TIM_Base_SetConfig                     0x08001e04   Section        0  stm32f3xx_hal_tim.o(i.TIM_Base_SetConfig)
    i.__scatterload_copy                     0x08001ec4   Section       14  handlers.o(i.__scatterload_copy)
    i.__scatterload_null                     0x08001ed2   Section        2  handlers.o(i.__scatterload_null)
    i.__scatterload_zeroinit                 0x08001ed4   Section       14  handlers.o(i.__scatterload_zeroinit)
    i.main                                   0x08001ee4   Section        0  main.o(i.main)
    i.osSystickHandler                       0x08001f2c   Section        0  cmsis_os.o(i.osSystickHandler)
    i.prvResetNextTaskUnblockTime            0x08001f40   Section        0  tasks.o(i.prvResetNextTaskUnblockTime)
    prvResetNextTaskUnblockTime              0x08001f41   Thumb Code    26  tasks.o(i.prvResetNextTaskUnblockTime)
    i.uxListRemove                           0x08001f60   Section        0  list.o(i.uxListRemove)
    i.vListInsertEnd                         0x08001f84   Section        0  list.o(i.vListInsertEnd)
    i.vTaskSwitchContext                     0x08001f9c   Section        0  tasks.o(i.vTaskSwitchContext)
    i.xPortSysTickHandler                    0x08001ff8   Section        0  port.o(i.xPortSysTickHandler)
    i.xTaskGetSchedulerState                 0x08002024   Section        0  tasks.o(i.xTaskGetSchedulerState)
    i.xTaskIncrementTick                     0x08002040   Section        0  tasks.o(i.xTaskIncrementTick)
    .constdata                               0x0800210c   Section       32  stm32f3xx_hal_rcc.o(.constdata)
    .constdata                               0x0800212c   Section       16  system_stm32f3xx.o(.constdata)
    .constdata                               0x0800213c   Section        8  system_stm32f3xx.o(.constdata)
    .data                                    0x20000000   Section       56  tasks.o(.data)
    uxTasksDeleted                           0x20000004   Data           4  tasks.o(.data)
    uxCurrentNumberOfTasks                   0x20000008   Data           4  tasks.o(.data)
    xTickCount                               0x2000000c   Data           4  tasks.o(.data)
    uxTopReadyPriority                       0x20000010   Data           4  tasks.o(.data)
    xSchedulerRunning                        0x20000014   Data           4  tasks.o(.data)
    uxPendedTicks                            0x20000018   Data           4  tasks.o(.data)
    xYieldPending                            0x2000001c   Data           4  tasks.o(.data)
    xNumOfOverflows                          0x20000020   Data           4  tasks.o(.data)
    uxTaskNumber                             0x20000024   Data           4  tasks.o(.data)
    xNextTaskUnblockTime                     0x20000028   Data           4  tasks.o(.data)
    uxSchedulerSuspended                     0x2000002c   Data           4  tasks.o(.data)
    pxDelayedTaskList                        0x20000030   Data           4  tasks.o(.data)
    pxOverflowDelayedTaskList                0x20000034   Data           4  tasks.o(.data)
    .data                                    0x20000038   Section        4  stm32f3xx_hal.o(.data)
    .data                                    0x2000003c   Section        4  system_stm32f3xx.o(.data)
    .bss                                     0x20000040   Section      240  tasks.o(.bss)
    pxReadyTasksLists                        0x20000040   Data         140  tasks.o(.bss)
    xDelayedTaskList1                        0x200000cc   Data          20  tasks.o(.bss)
    xDelayedTaskList2                        0x200000e0   Data          20  tasks.o(.bss)
    xPendingReadyList                        0x200000f4   Data          20  tasks.o(.bss)
    xTasksWaitingTermination                 0x20000108   Data          20  tasks.o(.bss)
    xSuspendedTaskList                       0x2000011c   Data          20  tasks.o(.bss)
    .bss                                     0x20000130   Section      200  spi.o(.bss)
    .bss                                     0x200001f8   Section       60  stm32f3xx_hal_timebase_tim.o(.bss)
    .bss                                     0x20000234   Section       48  adc.o(.bss)
    .bss                                     0x20000264   Section       44  comp.o(.bss)
    .bss                                     0x20000290   Section       64  can.o(.bss)
    .bss                                     0x200002d0   Section       68  sdadc.o(.bss)
    .bss                                     0x20000314   Section       20  dac.o(.bss)
    STACK                                    0x20000328   Section     1024  startup_stm32f373xc.o(STACK)

    Global Symbols

    Symbol Name                              Value     Ov Type        Size  Object(Section)

    BuildAttributes$$THM_ISAv4$E$P$D$K$B$S$7EM$VFPi3$EXTD16$VFPS$VFMA$PE$A:L22UL41UL21$X:L11$S22US41US21$IEEE1$IW$USESV6$~STKCKD$USESV7$~SHL$OSPACE$EBA8$MICROLIB$REQ8$PRES8$EABIv2 0x00000000   Number         0  anon$$obj.o ABSOLUTE
    __ARM_use_no_argv                        0x00000000   Number         0  main.o ABSOLUTE
    __cpp_initialize__aeabi_                  - Undefined Weak Reference
    __cxa_finalize                            - Undefined Weak Reference
    __decompress                              - Undefined Weak Reference
    _clock_init                               - Undefined Weak Reference
    _microlib_exit                            - Undefined Weak Reference
    __Vectors_Size                           0x00000188   Number         0  startup_stm32f373xc.o ABSOLUTE
    __Vectors                                0x08000000   Data           4  startup_stm32f373xc.o(RESET)
    __Vectors_End                            0x08000188   Data           0  startup_stm32f373xc.o(RESET)
    __main                                   0x08000189   Thumb Code     0  entry.o(.ARM.Collect$$$$00000000)
    _main_stk                                0x08000189   Thumb Code     0  entry2.o(.ARM.Collect$$$$00000001)
    _main_scatterload                        0x0800018d   Thumb Code     0  entry5.o(.ARM.Collect$$$$00000004)
    __main_after_scatterload                 0x08000191   Thumb Code     0  entry5.o(.ARM.Collect$$$$00000004)
    _main_clock                              0x08000191   Thumb Code     0  entry7b.o(.ARM.Collect$$$$00000008)
    _main_cpp_init                           0x08000191   Thumb Code     0  entry8b.o(.ARM.Collect$$$$0000000A)
    _main_init                               0x08000191   Thumb Code     0  entry9a.o(.ARM.Collect$$$$0000000B)
    __rt_final_cpp                           0x08000199   Thumb Code     0  entry10a.o(.ARM.Collect$$$$0000000D)
    __rt_final_exit                          0x08000199   Thumb Code     0  entry11a.o(.ARM.Collect$$$$0000000F)
    SVC_Handler                              0x0800019d   Thumb Code    28  port.o(.emb_text)
    __asm___6_port_c_39a90d8d__prvStartFirstTask 0x080001bd   Thumb Code    28  port.o(.emb_text)
    __asm___6_port_c_39a90d8d__prvEnableVFP  0x080001dd   Thumb Code    16  port.o(.emb_text)
    PendSV_Handler                           0x080001f1   Thumb Code    92  port.o(.emb_text)
    vPortGetIPSR                             0x08000251   Thumb Code     6  port.o(.emb_text)
    Reset_Handler                            0x08000259   Thumb Code     8  startup_stm32f373xc.o(.text)
    NMI_Handler                              0x08000261   Thumb Code     2  startup_stm32f373xc.o(.text)
    HardFault_Handler                        0x08000263   Thumb Code     2  startup_stm32f373xc.o(.text)
    MemManage_Handler                        0x08000265   Thumb Code     2  startup_stm32f373xc.o(.text)
    BusFault_Handler                         0x08000267   Thumb Code     2  startup_stm32f373xc.o(.text)
    UsageFault_Handler                       0x08000269   Thumb Code     2  startup_stm32f373xc.o(.text)
    DebugMon_Handler                         0x0800026d   Thumb Code     2  startup_stm32f373xc.o(.text)
    ADC1_IRQHandler                          0x08000273   Thumb Code     0  startup_stm32f373xc.o(.text)
    CAN_RX0_IRQHandler                       0x08000273   Thumb Code     0  startup_stm32f373xc.o(.text)
    CAN_RX1_IRQHandler                       0x08000273   Thumb Code     0  startup_stm32f373xc.o(.text)
    CAN_SCE_IRQHandler                       0x08000273   Thumb Code     0  startup_stm32f373xc.o(.text)
    CAN_TX_IRQHandler                        0x08000273   Thumb Code     0  startup_stm32f373xc.o(.text)
    CEC_IRQHandler                           0x08000273   Thumb Code     0  startup_stm32f373xc.o(.text)
    COMP1_2_IRQHandler                       0x08000273   Thumb Code     0  startup_stm32f373xc.o(.text)
    DMA1_Channel1_IRQHandler                 0x08000273   Thumb Code     0  startup_stm32f373xc.o(.text)
    DMA1_Channel2_IRQHandler                 0x08000273   Thumb Code     0  startup_stm32f373xc.o(.text)
    DMA1_Channel3_IRQHandler                 0x08000273   Thumb Code     0  startup_stm32f373xc.o(.text)
    DMA1_Channel4_IRQHandler                 0x08000273   Thumb Code     0  startup_stm32f373xc.o(.text)
    DMA1_Channel5_IRQHandler                 0x08000273   Thumb Code     0  startup_stm32f373xc.o(.text)
    DMA1_Channel6_IRQHandler                 0x08000273   Thumb Code     0  startup_stm32f373xc.o(.text)
    DMA1_Channel7_IRQHandler                 0x08000273   Thumb Code     0  startup_stm32f373xc.o(.text)
    DMA2_Channel1_IRQHandler                 0x08000273   Thumb Code     0  startup_stm32f373xc.o(.text)
    DMA2_Channel2_IRQHandler                 0x08000273   Thumb Code     0  startup_stm32f373xc.o(.text)
    DMA2_Channel3_IRQHandler                 0x08000273   Thumb Code     0  startup_stm32f373xc.o(.text)
    DMA2_Channel4_IRQHandler                 0x08000273   Thumb Code     0  startup_stm32f373xc.o(.text)
    DMA2_Channel5_IRQHandler                 0x08000273   Thumb Code     0  startup_stm32f373xc.o(.text)
    EXTI0_IRQHandler                         0x08000273   Thumb Code     0  startup_stm32f373xc.o(.text)
    EXTI15_10_IRQHandler                     0x08000273   Thumb Code     0  startup_stm32f373xc.o(.text)
    EXTI1_IRQHandler                         0x08000273   Thumb Code     0  startup_stm32f373xc.o(.text)
    EXTI2_TSC_IRQHandler                     0x08000273   Thumb Code     0  startup_stm32f373xc.o(.text)
    EXTI3_IRQHandler                         0x08000273   Thumb Code     0  startup_stm32f373xc.o(.text)
    EXTI4_IRQHandler                         0x08000273   Thumb Code     0  startup_stm32f373xc.o(.text)
    EXTI9_5_IRQHandler                       0x08000273   Thumb Code     0  startup_stm32f373xc.o(.text)
    FLASH_IRQHandler                         0x08000273   Thumb Code     0  startup_stm32f373xc.o(.text)
    FPU_IRQHandler                           0x08000273   Thumb Code     0  startup_stm32f373xc.o(.text)
    I2C1_ER_IRQHandler                       0x08000273   Thumb Code     0  startup_stm32f373xc.o(.text)
    I2C1_EV_IRQHandler                       0x08000273   Thumb Code     0  startup_stm32f373xc.o(.text)
    I2C2_ER_IRQHandler                       0x08000273   Thumb Code     0  startup_stm32f373xc.o(.text)
    I2C2_EV_IRQHandler                       0x08000273   Thumb Code     0  startup_stm32f373xc.o(.text)
    PVD_IRQHandler                           0x08000273   Thumb Code     0  startup_stm32f373xc.o(.text)
    RCC_IRQHandler                           0x08000273   Thumb Code     0  startup_stm32f373xc.o(.text)
    RTC_Alarm_IRQHandler                     0x08000273   Thumb Code     0  startup_stm32f373xc.o(.text)
    RTC_WKUP_IRQHandler                      0x08000273   Thumb Code     0  startup_stm32f373xc.o(.text)
    SDADC1_IRQHandler                        0x08000273   Thumb Code     0  startup_stm32f373xc.o(.text)
    SDADC2_IRQHandler                        0x08000273   Thumb Code     0  startup_stm32f373xc.o(.text)
    SDADC3_IRQHandler                        0x08000273   Thumb Code     0  startup_stm32f373xc.o(.text)
    SPI1_IRQHandler                          0x08000273   Thumb Code     0  startup_stm32f373xc.o(.text)
    SPI2_IRQHandler                          0x08000273   Thumb Code     0  startup_stm32f373xc.o(.text)
    SPI3_IRQHandler                          0x08000273   Thumb Code     0  startup_stm32f373xc.o(.text)
    TAMP_STAMP_IRQHandler                    0x08000273   Thumb Code     0  startup_stm32f373xc.o(.text)
    TIM12_IRQHandler                         0x08000273   Thumb Code     0  startup_stm32f373xc.o(.text)
    TIM13_IRQHandler                         0x08000273   Thumb Code     0  startup_stm32f373xc.o(.text)
    TIM14_IRQHandler                         0x08000273   Thumb Code     0  startup_stm32f373xc.o(.text)
    TIM15_IRQHandler                         0x08000273   Thumb Code     0  startup_stm32f373xc.o(.text)
    TIM16_IRQHandler                         0x08000273   Thumb Code     0  startup_stm32f373xc.o(.text)
    TIM17_IRQHandler                         0x08000273   Thumb Code     0  startup_stm32f373xc.o(.text)
    TIM18_DAC2_IRQHandler                    0x08000273   Thumb Code     0  startup_stm32f373xc.o(.text)
    TIM19_IRQHandler                         0x08000273   Thumb Code     0  startup_stm32f373xc.o(.text)
    TIM3_IRQHandler                          0x08000273   Thumb Code     0  startup_stm32f373xc.o(.text)
    TIM4_IRQHandler                          0x08000273   Thumb Code     0  startup_stm32f373xc.o(.text)
    TIM5_IRQHandler                          0x08000273   Thumb Code     0  startup_stm32f373xc.o(.text)
    TIM6_DAC1_IRQHandler                     0x08000273   Thumb Code     0  startup_stm32f373xc.o(.text)
    TIM7_IRQHandler                          0x08000273   Thumb Code     0  startup_stm32f373xc.o(.text)
    USART1_IRQHandler                        0x08000273   Thumb Code     0  startup_stm32f373xc.o(.text)
    USART2_IRQHandler                        0x08000273   Thumb Code     0  startup_stm32f373xc.o(.text)
    USART3_IRQHandler                        0x08000273   Thumb Code     0  startup_stm32f373xc.o(.text)
    USBWakeUp_IRQHandler                     0x08000273   Thumb Code     0  startup_stm32f373xc.o(.text)
    USB_HP_IRQHandler                        0x08000273   Thumb Code     0  startup_stm32f373xc.o(.text)
    USB_LP_IRQHandler                        0x08000273   Thumb Code     0  startup_stm32f373xc.o(.text)
    WWDG_IRQHandler                          0x08000273   Thumb Code     0  startup_stm32f373xc.o(.text)
    __scatterload                            0x0800027d   Thumb Code    28  init.o(.text)
    __scatterload_rt2                        0x0800027d   Thumb Code     0  init.o(.text)
    Error_Handler                            0x080002ed   Thumb Code     2  main.o(i.Error_Handler)
    HAL_ADC_ConfigChannel                    0x080002f1   Thumb Code   234  stm32f3xx_hal_adc_ex.o(i.HAL_ADC_ConfigChannel)
    HAL_ADC_Init                             0x080003e9   Thumb Code   272  stm32f3xx_hal_adc_ex.o(i.HAL_ADC_Init)
    HAL_ADC_MspInit                          0x08000505   Thumb Code    68  adc.o(i.HAL_ADC_MspInit)
    HAL_CAN_Init                             0x08000555   Thumb Code   330  stm32f3xx_hal_can.o(i.HAL_CAN_Init)
    HAL_CAN_MspInit                          0x080006a1   Thumb Code    64  can.o(i.HAL_CAN_MspInit)
    HAL_COMP_Init                            0x080006ed   Thumb Code   138  stm32f3xx_hal_comp.o(i.HAL_COMP_Init)
    HAL_COMP_MspInit                         0x08000781   Thumb Code    38  comp.o(i.HAL_COMP_MspInit)
    HAL_DAC_ConfigChannel                    0x080007ad   Thumb Code    66  stm32f3xx_hal_dac_ex.o(i.HAL_DAC_ConfigChannel)
    HAL_DAC_Init                             0x080007ef   Thumb Code    40  stm32f3xx_hal_dac.o(i.HAL_DAC_Init)
    HAL_DAC_MspInit                          0x08000819   Thumb Code    56  dac.o(i.HAL_DAC_MspInit)
    HAL_Delay                                0x08000859   Thumb Code    22  stm32f3xx_hal.o(i.HAL_Delay)
    HAL_GPIO_Init                            0x08000871   Thumb Code   364  stm32f3xx_hal_gpio.o(i.HAL_GPIO_Init)
    HAL_GPIO_TogglePin                       0x080009f9   Thumb Code     8  stm32f3xx_hal_gpio.o(i.HAL_GPIO_TogglePin)
    HAL_GPIO_WritePin                        0x08000a01   Thumb Code    10  stm32f3xx_hal_gpio.o(i.HAL_GPIO_WritePin)
    HAL_GetTick                              0x08000a0d   Thumb Code     6  stm32f3xx_hal.o(i.HAL_GetTick)
    HAL_IncTick                              0x08000a19   Thumb Code    10  stm32f3xx_hal.o(i.HAL_IncTick)
    HAL_Init                                 0x08000a29   Thumb Code    32  stm32f3xx_hal.o(i.HAL_Init)
    HAL_InitTick                             0x08000a4d   Thumb Code   102  stm32f3xx_hal_timebase_tim.o(i.HAL_InitTick)
    HAL_MspInit                              0x08000ac1   Thumb Code   106  stm32f3xx_hal_msp.o(i.HAL_MspInit)
    HAL_NVIC_EnableIRQ                       0x08000b31   Thumb Code    22  stm32f3xx_hal_cortex.o(i.HAL_NVIC_EnableIRQ)
    HAL_NVIC_SetPriority                     0x08000b49   Thumb Code    60  stm32f3xx_hal_cortex.o(i.HAL_NVIC_SetPriority)
    HAL_NVIC_SetPriorityGrouping             0x08000b89   Thumb Code    26  stm32f3xx_hal_cortex.o(i.HAL_NVIC_SetPriorityGrouping)
    HAL_PWREx_EnableSDADC                    0x08000bad   Thumb Code    30  stm32f3xx_hal_pwr_ex.o(i.HAL_PWREx_EnableSDADC)
    HAL_RCCEx_PeriphCLKConfig                0x08000bd5   Thumb Code   450  stm32f3xx_hal_rcc_ex.o(i.HAL_RCCEx_PeriphCLKConfig)
    HAL_RCC_ClockConfig                      0x08000da5   Thumb Code   374  stm32f3xx_hal_rcc.o(i.HAL_RCC_ClockConfig)
    HAL_RCC_GetClockConfig                   0x08000f2d   Thumb Code    54  stm32f3xx_hal_rcc.o(i.HAL_RCC_GetClockConfig)
    HAL_RCC_GetHCLKFreq                      0x08000f6d   Thumb Code     6  stm32f3xx_hal_rcc.o(i.HAL_RCC_GetHCLKFreq)
    HAL_RCC_GetPCLK1Freq                     0x08000f79   Thumb Code    34  stm32f3xx_hal_rcc.o(i.HAL_RCC_GetPCLK1Freq)
    HAL_RCC_GetSysClockFreq                  0x08000fa9   Thumb Code    84  stm32f3xx_hal_rcc.o(i.HAL_RCC_GetSysClockFreq)
    HAL_RCC_OscConfig                        0x0800100d   Thumb Code  1452  stm32f3xx_hal_rcc.o(i.HAL_RCC_OscConfig)
    HAL_SDADC_Init                           0x080015b9   Thumb Code   148  stm32f3xx_hal_sdadc.o(i.HAL_SDADC_Init)
    HAL_SDADC_MspInit                        0x08001651   Thumb Code    56  sdadc.o(i.HAL_SDADC_MspInit)
    HAL_SPI_Init                             0x08001695   Thumb Code   192  stm32f3xx_hal_spi.o(i.HAL_SPI_Init)
    HAL_SPI_MspInit                          0x08001755   Thumb Code   106  spi.o(i.HAL_SPI_MspInit)
    HAL_SYSTICK_CLKSourceConfig              0x080017d1   Thumb Code    24  stm32f3xx_hal_cortex.o(i.HAL_SYSTICK_CLKSourceConfig)
    HAL_SYSTICK_Config                       0x080017e9   Thumb Code    40  stm32f3xx_hal_cortex.o(i.HAL_SYSTICK_Config)
    HAL_TIMEx_BreakCallback                  0x08001811   Thumb Code     2  stm32f3xx_hal_tim_ex.o(i.HAL_TIMEx_BreakCallback)
    HAL_TIMEx_CommutationCallback            0x08001813   Thumb Code     2  stm32f3xx_hal_tim_ex.o(i.HAL_TIMEx_CommutationCallback)
    HAL_TIM_Base_Init                        0x08001815   Thumb Code    54  stm32f3xx_hal_tim.o(i.HAL_TIM_Base_Init)
    HAL_TIM_Base_MspInit                     0x0800184b   Thumb Code     2  stm32f3xx_hal_tim.o(i.HAL_TIM_Base_MspInit)
    HAL_TIM_Base_Start_IT                    0x0800184d   Thumb Code    24  stm32f3xx_hal_tim.o(i.HAL_TIM_Base_Start_IT)
    HAL_TIM_IC_CaptureCallback               0x08001865   Thumb Code     2  stm32f3xx_hal_tim.o(i.HAL_TIM_IC_CaptureCallback)
    HAL_TIM_IRQHandler                       0x08001867   Thumb Code   358  stm32f3xx_hal_tim.o(i.HAL_TIM_IRQHandler)
    HAL_TIM_OC_DelayElapsedCallback          0x080019cd   Thumb Code     2  stm32f3xx_hal_tim.o(i.HAL_TIM_OC_DelayElapsedCallback)
    HAL_TIM_PWM_PulseFinishedCallback        0x080019cf   Thumb Code     2  stm32f3xx_hal_tim.o(i.HAL_TIM_PWM_PulseFinishedCallback)
    HAL_TIM_PeriodElapsedCallback            0x080019d1   Thumb Code    14  main.o(i.HAL_TIM_PeriodElapsedCallback)
    HAL_TIM_TriggerCallback                  0x080019df   Thumb Code     2  stm32f3xx_hal_tim.o(i.HAL_TIM_TriggerCallback)
    MX_ADC1_Init                             0x080019e1   Thumb Code    62  adc.o(i.MX_ADC1_Init)
    MX_CAN_Init                              0x08001a29   Thumb Code    60  can.o(i.MX_CAN_Init)
    MX_COMP2_Init                            0x08001a6d   Thumb Code    48  comp.o(i.MX_COMP2_Init)
    MX_DAC1_Init                             0x08001aa5   Thumb Code    46  dac.o(i.MX_DAC1_Init)
    MX_GPIO_Init                             0x08001add   Thumb Code   294  gpio.o(i.MX_GPIO_Init)
    MX_SDADC1_Init                           0x08001c19   Thumb Code    36  sdadc.o(i.MX_SDADC1_Init)
    MX_SPI1_Init                             0x08001c45   Thumb Code    70  spi.o(i.MX_SPI1_Init)
    MX_SPI2_Init                             0x08001c95   Thumb Code    70  spi.o(i.MX_SPI2_Init)
    SysTick_Handler                          0x08001d05   Thumb Code     4  stm32f3xx_it.o(i.SysTick_Handler)
    SystemClock_Config                       0x08001d09   Thumb Code   134  main.o(i.SystemClock_Config)
    SystemInit                               0x08001d91   Thumb Code    82  system_stm32f3xx.o(i.SystemInit)
    TIM2_IRQHandler                          0x08001df9   Thumb Code     6  stm32f3xx_it.o(i.TIM2_IRQHandler)
    TIM_Base_SetConfig                       0x08001e05   Thumb Code   150  stm32f3xx_hal_tim.o(i.TIM_Base_SetConfig)
    __scatterload_copy                       0x08001ec5   Thumb Code    14  handlers.o(i.__scatterload_copy)
    __scatterload_null                       0x08001ed3   Thumb Code     2  handlers.o(i.__scatterload_null)
    __scatterload_zeroinit                   0x08001ed5   Thumb Code    14  handlers.o(i.__scatterload_zeroinit)
    main                                     0x08001ee5   Thumb Code    66  main.o(i.main)
    osSystickHandler                         0x08001f2d   Thumb Code    20  cmsis_os.o(i.osSystickHandler)
    uxListRemove                             0x08001f61   Thumb Code    36  list.o(i.uxListRemove)
    vListInsertEnd                           0x08001f85   Thumb Code    24  list.o(i.vListInsertEnd)
    vTaskSwitchContext                       0x08001f9d   Thumb Code    82  tasks.o(i.vTaskSwitchContext)
    xPortSysTickHandler                      0x08001ff9   Thumb Code    38  port.o(i.xPortSysTickHandler)
    xTaskGetSchedulerState                   0x08002025   Thumb Code    22  tasks.o(i.xTaskGetSchedulerState)
    xTaskIncrementTick                       0x08002041   Thumb Code   194  tasks.o(i.xTaskIncrementTick)
    aPLLMULFactorTable                       0x0800210c   Data          16  stm32f3xx_hal_rcc.o(.constdata)
    aPredivFactorTable                       0x0800211c   Data          16  stm32f3xx_hal_rcc.o(.constdata)
    AHBPrescTable                            0x0800212c   Data          16  system_stm32f3xx.o(.constdata)
    APBPrescTable                            0x0800213c   Data           8  system_stm32f3xx.o(.constdata)
    Region$$Table$$Base                      0x08002144   Number         0  anon$$obj.o(Region$$Table)
    Region$$Table$$Limit                     0x08002164   Number         0  anon$$obj.o(Region$$Table)
    pxCurrentTCB                             0x20000000   Data           4  tasks.o(.data)
    uwTick                                   0x20000038   Data           4  stm32f3xx_hal.o(.data)
    SystemCoreClock                          0x2000003c   Data           4  system_stm32f3xx.o(.data)
    hspi1                                    0x20000130   Data         100  spi.o(.bss)
    hspi2                                    0x20000194   Data         100  spi.o(.bss)
    htim2                                    0x200001f8   Data          60  stm32f3xx_hal_timebase_tim.o(.bss)
    hadc1                                    0x20000234   Data          48  adc.o(.bss)
    hcomp2                                   0x20000264   Data          44  comp.o(.bss)
    hcan                                     0x20000290   Data          64  can.o(.bss)
    hsdadc1                                  0x200002d0   Data          68  sdadc.o(.bss)
    hdac1                                    0x20000314   Data          20  dac.o(.bss)
    __initial_sp                             0x20000728   Data           0  startup_stm32f373xc.o(STACK)



==============================================================================

Memory Map of the image

  Image Entry point : 0x08000189

  Load Region LR_IROM1 (Base: 0x08000000, Size: 0x000021a4, Max: 0x00040000, ABSOLUTE)

    Execution Region ER_IROM1 (Base: 0x08000000, Size: 0x00002164, Max: 0x00040000, ABSOLUTE)

    Base Addr    Size         Type   Attr      Idx    E Section Name        Object

    0x08000000   0x00000188   Data   RO         5476    RESET               startup_stm32f373xc.o
    0x08000188   0x00000000   Code   RO         5481  * .ARM.Collect$$$$00000000  mc_w.l(entry.o)
    0x08000188   0x00000004   Code   RO         5492    .ARM.Collect$$$$00000001  mc_w.l(entry2.o)
    0x0800018c   0x00000004   Code   RO         5495    .ARM.Collect$$$$00000004  mc_w.l(entry5.o)
    0x08000190   0x00000000   Code   RO         5497    .ARM.Collect$$$$00000008  mc_w.l(entry7b.o)
    0x08000190   0x00000000   Code   RO         5499    .ARM.Collect$$$$0000000A  mc_w.l(entry8b.o)
    0x08000190   0x00000008   Code   RO         5500    .ARM.Collect$$$$0000000B  mc_w.l(entry9a.o)
    0x08000198   0x00000000   Code   RO         5502    .ARM.Collect$$$$0000000D  mc_w.l(entry10a.o)
    0x08000198   0x00000000   Code   RO         5504    .ARM.Collect$$$$0000000F  mc_w.l(entry11a.o)
    0x08000198   0x00000004   Code   RO         5493    .ARM.Collect$$$$00002712  mc_w.l(entry2.o)
    0x0800019c   0x000000ba   Code   RO            1    .emb_text           port.o
    0x08000256   0x00000002   PAD
    0x08000258   0x00000024   Code   RO         5477    .text               startup_stm32f373xc.o
    0x0800027c   0x00000024   Code   RO         5506    .text               mc_w.l(init.o)
    0x080002a0   0x0000004c   Code   RO         5128    i.ADC_ConversionStop_Disable  stm32f3xx_hal_adc_ex.o
    0x080002ec   0x00000002   Code   RO         1481    i.Error_Handler     main.o
    0x080002ee   0x00000002   PAD
    0x080002f0   0x000000f8   Code   RO         5143    i.HAL_ADC_ConfigChannel  stm32f3xx_hal_adc_ex.o
    0x080003e8   0x0000011c   Code   RO         5147    i.HAL_ADC_Init      stm32f3xx_hal_adc_ex.o
    0x08000504   0x00000050   Code   RO         1301    i.HAL_ADC_MspInit   adc.o
    0x08000554   0x0000014a   Code   RO         5317    i.HAL_CAN_Init      stm32f3xx_hal_can.o
    0x0800069e   0x00000002   PAD
    0x080006a0   0x0000004c   Code   RO         1548    i.HAL_CAN_MspInit   can.o
    0x080006ec   0x00000094   Code   RO         2744    i.HAL_COMP_Init     stm32f3xx_hal_comp.o
    0x08000780   0x0000002c   Code   RO         1391    i.HAL_COMP_MspInit  comp.o
    0x080007ac   0x00000042   Code   RO         1721    i.HAL_DAC_ConfigChannel  stm32f3xx_hal_dac_ex.o
    0x080007ee   0x00000028   Code   RO         3999    i.HAL_DAC_Init      stm32f3xx_hal_dac.o
    0x08000816   0x00000002   PAD
    0x08000818   0x00000040   Code   RO         1666    i.HAL_DAC_MspInit   dac.o
    0x08000858   0x00000016   Code   RO         4366    i.HAL_Delay         stm32f3xx_hal.o
    0x0800086e   0x00000002   PAD
    0x08000870   0x00000188   Code   RO         2677    i.HAL_GPIO_Init     stm32f3xx_hal_gpio.o
    0x080009f8   0x00000008   Code   RO         2680    i.HAL_GPIO_TogglePin  stm32f3xx_hal_gpio.o
    0x08000a00   0x0000000a   Code   RO         2681    i.HAL_GPIO_WritePin  stm32f3xx_hal_gpio.o
    0x08000a0a   0x00000002   PAD
    0x08000a0c   0x0000000c   Code   RO         4370    i.HAL_GetTick       stm32f3xx_hal.o
    0x08000a18   0x00000010   Code   RO         4371    i.HAL_IncTick       stm32f3xx_hal.o
    0x08000a28   0x00000024   Code   RO         4372    i.HAL_Init          stm32f3xx_hal.o
    0x08000a4c   0x00000074   Code   RO         1260    i.HAL_InitTick      stm32f3xx_hal_timebase_tim.o
    0x08000ac0   0x00000070   Code   RO         1342    i.HAL_MspInit       stm32f3xx_hal_msp.o
    0x08000b30   0x00000016   Code   RO         3144    i.HAL_NVIC_EnableIRQ  stm32f3xx_hal_cortex.o
    0x08000b46   0x00000002   PAD
    0x08000b48   0x00000040   Code   RO         3150    i.HAL_NVIC_SetPriority  stm32f3xx_hal_cortex.o
    0x08000b88   0x00000024   Code   RO         3151    i.HAL_NVIC_SetPriorityGrouping  stm32f3xx_hal_cortex.o
    0x08000bac   0x00000028   Code   RO         2861    i.HAL_PWREx_EnableSDADC  stm32f3xx_hal_pwr_ex.o
    0x08000bd4   0x000001d0   Code   RO         4320    i.HAL_RCCEx_PeriphCLKConfig  stm32f3xx_hal_rcc_ex.o
    0x08000da4   0x00000188   Code   RO         3265    i.HAL_RCC_ClockConfig  stm32f3xx_hal_rcc.o
    0x08000f2c   0x00000040   Code   RO         3269    i.HAL_RCC_GetClockConfig  stm32f3xx_hal_rcc.o
    0x08000f6c   0x0000000c   Code   RO         3270    i.HAL_RCC_GetHCLKFreq  stm32f3xx_hal_rcc.o
    0x08000f78   0x00000030   Code   RO         3272    i.HAL_RCC_GetPCLK1Freq  stm32f3xx_hal_rcc.o
    0x08000fa8   0x00000064   Code   RO         3274    i.HAL_RCC_GetSysClockFreq  stm32f3xx_hal_rcc.o
    0x0800100c   0x000005ac   Code   RO         3277    i.HAL_RCC_OscConfig  stm32f3xx_hal_rcc.o
    0x080015b8   0x00000098   Code   RO         3640    i.HAL_SDADC_Init    stm32f3xx_hal_sdadc.o
    0x08001650   0x00000044   Code   RO         1624    i.HAL_SDADC_MspInit  sdadc.o
    0x08001694   0x000000c0   Code   RO         2378    i.HAL_SPI_Init      stm32f3xx_hal_spi.o
    0x08001754   0x0000007c   Code   RO         1096    i.HAL_SPI_MspInit   spi.o
    0x080017d0   0x00000018   Code   RO         3153    i.HAL_SYSTICK_CLKSourceConfig  stm32f3xx_hal_cortex.o
    0x080017e8   0x00000028   Code   RO         3155    i.HAL_SYSTICK_Config  stm32f3xx_hal_cortex.o
    0x08001810   0x00000002   Code   RO         2920    i.HAL_TIMEx_BreakCallback  stm32f3xx_hal_tim_ex.o
    0x08001812   0x00000002   Code   RO         2921    i.HAL_TIMEx_CommutationCallback  stm32f3xx_hal_tim_ex.o
    0x08001814   0x00000036   Code   RO         4496    i.HAL_TIM_Base_Init  stm32f3xx_hal_tim.o
    0x0800184a   0x00000002   Code   RO         4498    i.HAL_TIM_Base_MspInit  stm32f3xx_hal_tim.o
    0x0800184c   0x00000018   Code   RO         4501    i.HAL_TIM_Base_Start_IT  stm32f3xx_hal_tim.o
    0x08001864   0x00000002   Code   RO         4525    i.HAL_TIM_IC_CaptureCallback  stm32f3xx_hal_tim.o
    0x08001866   0x00000166   Code   RO         4538    i.HAL_TIM_IRQHandler  stm32f3xx_hal_tim.o
    0x080019cc   0x00000002   Code   RO         4541    i.HAL_TIM_OC_DelayElapsedCallback  stm32f3xx_hal_tim.o
    0x080019ce   0x00000002   Code   RO         4568    i.HAL_TIM_PWM_PulseFinishedCallback  stm32f3xx_hal_tim.o
    0x080019d0   0x0000000e   Code   RO         1482    i.HAL_TIM_PeriodElapsedCallback  main.o
    0x080019de   0x00000002   Code   RO         4579    i.HAL_TIM_TriggerCallback  stm32f3xx_hal_tim.o
    0x080019e0   0x00000048   Code   RO         1302    i.MX_ADC1_Init      adc.o
    0x08001a28   0x00000044   Code   RO         1549    i.MX_CAN_Init       can.o
    0x08001a6c   0x00000038   Code   RO         1392    i.MX_COMP2_Init     comp.o
    0x08001aa4   0x00000038   Code   RO         1667    i.MX_DAC1_Init      dac.o
    0x08001adc   0x0000013c   Code   RO         1366    i.MX_GPIO_Init      gpio.o
    0x08001c18   0x0000002c   Code   RO         1625    i.MX_SDADC1_Init    sdadc.o
    0x08001c44   0x00000050   Code   RO         1097    i.MX_SPI1_Init      spi.o
    0x08001c94   0x00000050   Code   RO         1098    i.MX_SPI2_Init      spi.o
    0x08001ce4   0x00000020   Code   RO         3157    i.NVIC_SetPriority  stm32f3xx_hal_cortex.o
    0x08001d04   0x00000004   Code   RO         1432    i.SysTick_Handler   stm32f3xx_it.o
    0x08001d08   0x00000086   Code   RO         1483    i.SystemClock_Config  main.o
    0x08001d8e   0x00000002   PAD
    0x08001d90   0x00000068   Code   RO         5440    i.SystemInit        system_stm32f3xx.o
    0x08001df8   0x0000000c   Code   RO         1433    i.TIM2_IRQHandler   stm32f3xx_it.o
    0x08001e04   0x000000c0   Code   RO         4580    i.TIM_Base_SetConfig  stm32f3xx_hal_tim.o
    0x08001ec4   0x0000000e   Code   RO         5510    i.__scatterload_copy  mc_w.l(handlers.o)
    0x08001ed2   0x00000002   Code   RO         5511    i.__scatterload_null  mc_w.l(handlers.o)
    0x08001ed4   0x0000000e   Code   RO         5512    i.__scatterload_zeroinit  mc_w.l(handlers.o)
    0x08001ee2   0x00000002   PAD
    0x08001ee4   0x00000048   Code   RO         1484    i.main              main.o
    0x08001f2c   0x00000014   Code   RO          743    i.osSystickHandler  cmsis_os.o
    0x08001f40   0x00000020   Code   RO          428    i.prvResetNextTaskUnblockTime  tasks.o
    0x08001f60   0x00000024   Code   RO         1056    i.uxListRemove      list.o
    0x08001f84   0x00000018   Code   RO         1060    i.vListInsertEnd    list.o
    0x08001f9c   0x0000005c   Code   RO          453    i.vTaskSwitchContext  tasks.o
    0x08001ff8   0x0000002c   Code   RO           10    i.xPortSysTickHandler  port.o
    0x08002024   0x0000001c   Code   RO          459    i.xTaskGetSchedulerState  tasks.o
    0x08002040   0x000000cc   Code   RO          462    i.xTaskIncrementTick  tasks.o
    0x0800210c   0x00000020   Data   RO         3278    .constdata          stm32f3xx_hal_rcc.o
    0x0800212c   0x00000010   Data   RO         5441    .constdata          system_stm32f3xx.o
    0x0800213c   0x00000008   Data   RO         5442    .constdata          system_stm32f3xx.o
    0x08002144   0x00000020   Data   RO         5508    Region$$Table       anon$$obj.o


    Execution Region RW_IRAM1 (Base: 0x20000000, Size: 0x00000728, Max: 0x00008000, ABSOLUTE)

    Base Addr    Size         Type   Attr      Idx    E Section Name        Object

    0x20000000   0x00000038   Data   RW          471    .data               tasks.o
    0x20000038   0x00000004   Data   RW         4378    .data               stm32f3xx_hal.o
    0x2000003c   0x00000004   Data   RW         5443    .data               system_stm32f3xx.o
    0x20000040   0x000000f0   Zero   RW          470    .bss                tasks.o
    0x20000130   0x000000c8   Zero   RW         1099    .bss                spi.o
    0x200001f8   0x0000003c   Zero   RW         1263    .bss                stm32f3xx_hal_timebase_tim.o
    0x20000234   0x00000030   Zero   RW         1303    .bss                adc.o
    0x20000264   0x0000002c   Zero   RW         1393    .bss                comp.o
    0x20000290   0x00000040   Zero   RW         1550    .bss                can.o
    0x200002d0   0x00000044   Zero   RW         1626    .bss                sdadc.o
    0x20000314   0x00000014   Zero   RW         1668    .bss                dac.o
    0x20000328   0x00000400   Zero   RW         5474    STACK               startup_stm32f373xc.o


==============================================================================

Image component sizes


      Code (inc. data)   RO Data    RW Data    ZI Data      Debug   Object Name

       152         22          0          0         48       1661   adc.o
       144         20          0          0         64       1659   can.o
        20          0          0          0          0        627   cmsis_os.o
       100         14          0          0         44       1620   comp.o
         0          0          0          0          0       5120   croutine.o
       120         18          0          0         20       1629   dac.o
       316         22          0          0          0       1127   gpio.o
        60          0          0          0          0       1680   list.o
       222          6          0          0          0       2740   main.o
       230         22          0          0          0      16598   port.o
       112         20          0          0         68       1671   sdadc.o
       284         38          0          0        200     539830   spi.o
        36          8        392          0       1024        820   startup_stm32f373xc.o
        86         16          0          4          0       3252   stm32f3xx_hal.o
       608         26          0          0          0       3747   stm32f3xx_hal_adc_ex.o
       330          0          0          0          0       1435   stm32f3xx_hal_can.o
       148         10          0          0          0       1256   stm32f3xx_hal_comp.o
       218         14          0          0          0      30781   stm32f3xx_hal_cortex.o
        40          0          0          0          0       1059   stm32f3xx_hal_dac.o
        66          0          0          0          0       1188   stm32f3xx_hal_dac_ex.o
       410         28          0          0          0       2885   stm32f3xx_hal_gpio.o
       112          6          0          0          0        906   stm32f3xx_hal_msp.o
        40         10          0          0          0       1196   stm32f3xx_hal_pwr_ex.o
      2068         76         32          0          0       6234   stm32f3xx_hal_rcc.o
       464         14          0          0          0       1520   stm32f3xx_hal_rcc_ex.o
       152          4          0          0          0       1429   stm32f3xx_hal_sdadc.o
       192          0          0          0          0       1231   stm32f3xx_hal_spi.o
       638         42          0          0          0       7116   stm32f3xx_hal_tim.o
         4          0          0          0          0       1666   stm32f3xx_hal_tim_ex.o
       116         14          0          0         60       1480   stm32f3xx_hal_timebase_tim.o
        16          6          0          0          0        940   stm32f3xx_it.o
       104         22         24          4          0       1451   system_stm32f3xx.o
       356         32          0         56        240       7273   tasks.o

    ----------------------------------------------------------------------
      7980        510        480         64       1768     654827   Object Totals
         0          0         32          0          0          0   (incl. Generated)
        16          0          0          0          0          0   (incl. Padding)

    ----------------------------------------------------------------------

      Code (inc. data)   RO Data    RW Data    ZI Data      Debug   Library Member Name

         0          0          0          0          0          0   entry.o
         0          0          0          0          0          0   entry10a.o
         0          0          0          0          0          0   entry11a.o
         8          4          0          0          0          0   entry2.o
         4          0          0          0          0          0   entry5.o
         0          0          0          0          0          0   entry7b.o
         0          0          0          0          0          0   entry8b.o
         8          4          0          0          0          0   entry9a.o
        30          0          0          0          0          0   handlers.o
        36          8          0          0          0         68   init.o

    ----------------------------------------------------------------------
        88         16          0          0          0         68   Library Totals
         2          0          0          0          0          0   (incl. Padding)

    ----------------------------------------------------------------------

      Code (inc. data)   RO Data    RW Data    ZI Data      Debug   Library Name

        86         16          0          0          0         68   mc_w.l

    ----------------------------------------------------------------------
        88         16          0          0          0         68   Library Totals

    ----------------------------------------------------------------------

==============================================================================


      Code (inc. data)   RO Data    RW Data    ZI Data      Debug   

      8068        526        480         64       1768     648499   Grand Totals
      8068        526        480         64       1768     648499   ELF Image Totals
      8068        526        480         64          0          0   ROM Totals

==============================================================================

    Total RO  Size (Code + RO Data)                 8548 (   8.35kB)
    Total RW  Size (RW Data + ZI Data)              1832 (   1.79kB)
    Total ROM Size (Code + RO Data + RW Data)       8612 (   8.41kB)

==============================================================================

