<html>
<body>
<pre>
<h1>µVision Build Log</h1>
<h2>Tool Versions:</h2>
IDE-Version: µVision V5.14.0.0
Copyright (C) 2015 ARM Ltd and ARM Germany GmbH. All rights reserved.
License Information: fdsfd fdsfds, fsdfsd, LIC=S5IDY-IENA9-LTV3E-5VUXJ-KND0S-Q0AYI
 
Tool Versions:
Toolchain:       MDK-ARM Professional  Version: 5.14.0.0
Toolchain Path:  C:\Keil_v5\ARM\ARMCC\Bin
C Compiler:      Armcc.exe V5.05 update 1 (build 106)
Assembler:       Armasm.exe V5.05 update 1 (build 106)
Linker/Locator:  ArmLink.exe V5.05 update 1 (build 106)
Library Manager: ArmAr.exe V5.05 update 1 (build 106)
Hex Converter:   FromElf.exe V5.05 update 1 (build 106)
CPU DLL:         SARMCM3.DLL V5.14.0.0
Dialog DLL:      DCM.DLL V1.13.1.0
Target DLL:      STLink\ST-LINKIII-KEIL_SWO.dll V2.0.14.0_KEIL
Dialog DLL:      TCM.DLL V1.14.4.0
 
<h2>Project:</h2>
Z:\MIDAC PROGETTI GIT\CVE\FW\CVE\MDK-ARM\CVE.uvprojx
Project File Date:  12/21/2017

<h2>Output:</h2>
Build target 'CVE'
compiling main.c...
../Src/main.c(255): warning:  #1035-D: single-precision operand implicitly converted to double-precision
        DACvalue_u16 = CONVERT_mV_TO_RAW_12bitDATA(DACvalue_mV);
../Src/main.c(262): warning:  #186-D: pointless comparison of unsigned integer with zero
        else if(DACvalue_u16 < 0){
../Src/main.c(268): warning:  #1035-D: single-precision operand implicitly converted to double-precision
        printf("DACvalue (RAW) in mV is: %2.2f\n",CONVERT_RAW_12bitDATA_TO_mV(DACvalue_mV));
../Src/main.c: 3 warnings, 0 errors
linking...
Program Size: Code=18832 RO-data=480 RW-data=120 ZI-data=1880  
".\CVE\CVE.axf" - 0 Error(s), 3 Warning(s).

<h2>Software Packages used:</h2>

Package Vendor: ARM
                http://www.keil.com/pack/ARM.CMSIS.4.3.0.pack
                ARM::CMSIS:CORE:4.1.0
                CMSIS (Cortex Microcontroller Software Interface Standard)
   * Component: CORE Version: 4.1.0
   * Component: DSP Version: 1.4.5

<h2>Collection of Component include folders:</h2>
  Z:\MIDAC PROGETTI GIT\CVE\FW\CVE\MDK-ARM\RTE
  C:\Keil_v5\ARM\PACK\ARM\CMSIS\4.3.0\CMSIS\Include
  C:\Keil_v5\ARM\PACK\Keil\STM32F3xx_DFP\1.3.0\Device\Include

<h2>Collection of Component Files used:</h2>

   * Component: ARM::CMSIS:CORE:4.1.0

   * Component: ARM::CMSIS:DSP:1.4.5
      Include file:  CMSIS\Include\arm_math.h
      Library file:  CMSIS\Lib\ARM\arm_cortexM4lf_math.lib
</pre>
</body>
</html>
